Archive member included because of file (symbol)

c:/siliconlabs/simplicitystudio/v3/developer/toolchains/gnu_arm/4.8_2013q4/bin/../lib/gcc/arm-none-eabi/4.8.3/../../../../arm-none-eabi/lib/armv7-m\libm.a(lib_a-w_pow.o)
                              ./src/aux_data.o (pow)
c:/siliconlabs/simplicitystudio/v3/developer/toolchains/gnu_arm/4.8_2013q4/bin/../lib/gcc/arm-none-eabi/4.8.3/../../../../arm-none-eabi/lib/armv7-m\libm.a(lib_a-e_pow.o)
                              c:/siliconlabs/simplicitystudio/v3/developer/toolchains/gnu_arm/4.8_2013q4/bin/../lib/gcc/arm-none-eabi/4.8.3/../../../../arm-none-eabi/lib/armv7-m\libm.a(lib_a-w_pow.o) (__ieee754_pow)
c:/siliconlabs/simplicitystudio/v3/developer/toolchains/gnu_arm/4.8_2013q4/bin/../lib/gcc/arm-none-eabi/4.8.3/../../../../arm-none-eabi/lib/armv7-m\libm.a(lib_a-e_sqrt.o)
                              c:/siliconlabs/simplicitystudio/v3/developer/toolchains/gnu_arm/4.8_2013q4/bin/../lib/gcc/arm-none-eabi/4.8.3/../../../../arm-none-eabi/lib/armv7-m\libm.a(lib_a-e_pow.o) (__ieee754_sqrt)
c:/siliconlabs/simplicitystudio/v3/developer/toolchains/gnu_arm/4.8_2013q4/bin/../lib/gcc/arm-none-eabi/4.8.3/../../../../arm-none-eabi/lib/armv7-m\libm.a(lib_a-s_fabs.o)
                              c:/siliconlabs/simplicitystudio/v3/developer/toolchains/gnu_arm/4.8_2013q4/bin/../lib/gcc/arm-none-eabi/4.8.3/../../../../arm-none-eabi/lib/armv7-m\libm.a(lib_a-e_pow.o) (fabs)
c:/siliconlabs/simplicitystudio/v3/developer/toolchains/gnu_arm/4.8_2013q4/bin/../lib/gcc/arm-none-eabi/4.8.3/../../../../arm-none-eabi/lib/armv7-m\libm.a(lib_a-s_finite.o)
                              c:/siliconlabs/simplicitystudio/v3/developer/toolchains/gnu_arm/4.8_2013q4/bin/../lib/gcc/arm-none-eabi/4.8.3/../../../../arm-none-eabi/lib/armv7-m\libm.a(lib_a-w_pow.o) (finite)
c:/siliconlabs/simplicitystudio/v3/developer/toolchains/gnu_arm/4.8_2013q4/bin/../lib/gcc/arm-none-eabi/4.8.3/../../../../arm-none-eabi/lib/armv7-m\libm.a(lib_a-s_fpclassify.o)
                              c:/siliconlabs/simplicitystudio/v3/developer/toolchains/gnu_arm/4.8_2013q4/bin/../lib/gcc/arm-none-eabi/4.8.3/../../../../arm-none-eabi/lib/armv7-m\libm.a(lib_a-w_pow.o) (__fpclassifyd)
c:/siliconlabs/simplicitystudio/v3/developer/toolchains/gnu_arm/4.8_2013q4/bin/../lib/gcc/arm-none-eabi/4.8.3/../../../../arm-none-eabi/lib/armv7-m\libm.a(lib_a-s_lib_ver.o)
                              c:/siliconlabs/simplicitystudio/v3/developer/toolchains/gnu_arm/4.8_2013q4/bin/../lib/gcc/arm-none-eabi/4.8.3/../../../../arm-none-eabi/lib/armv7-m\libm.a(lib_a-w_pow.o) (__fdlib_version)
c:/siliconlabs/simplicitystudio/v3/developer/toolchains/gnu_arm/4.8_2013q4/bin/../lib/gcc/arm-none-eabi/4.8.3/../../../../arm-none-eabi/lib/armv7-m\libm.a(lib_a-s_matherr.o)
                              c:/siliconlabs/simplicitystudio/v3/developer/toolchains/gnu_arm/4.8_2013q4/bin/../lib/gcc/arm-none-eabi/4.8.3/../../../../arm-none-eabi/lib/armv7-m\libm.a(lib_a-w_pow.o) (matherr)
c:/siliconlabs/simplicitystudio/v3/developer/toolchains/gnu_arm/4.8_2013q4/bin/../lib/gcc/arm-none-eabi/4.8.3/../../../../arm-none-eabi/lib/armv7-m\libm.a(lib_a-s_nan.o)
                              c:/siliconlabs/simplicitystudio/v3/developer/toolchains/gnu_arm/4.8_2013q4/bin/../lib/gcc/arm-none-eabi/4.8.3/../../../../arm-none-eabi/lib/armv7-m\libm.a(lib_a-e_pow.o) (nan)
c:/siliconlabs/simplicitystudio/v3/developer/toolchains/gnu_arm/4.8_2013q4/bin/../lib/gcc/arm-none-eabi/4.8.3/../../../../arm-none-eabi/lib/armv7-m\libm.a(lib_a-s_rint.o)
                              c:/siliconlabs/simplicitystudio/v3/developer/toolchains/gnu_arm/4.8_2013q4/bin/../lib/gcc/arm-none-eabi/4.8.3/../../../../arm-none-eabi/lib/armv7-m\libm.a(lib_a-w_pow.o) (rint)
c:/siliconlabs/simplicitystudio/v3/developer/toolchains/gnu_arm/4.8_2013q4/bin/../lib/gcc/arm-none-eabi/4.8.3/../../../../arm-none-eabi/lib/armv7-m\libm.a(lib_a-s_scalbn.o)
                              c:/siliconlabs/simplicitystudio/v3/developer/toolchains/gnu_arm/4.8_2013q4/bin/../lib/gcc/arm-none-eabi/4.8.3/../../../../arm-none-eabi/lib/armv7-m\libm.a(lib_a-e_pow.o) (scalbn)
c:/siliconlabs/simplicitystudio/v3/developer/toolchains/gnu_arm/4.8_2013q4/bin/../lib/gcc/arm-none-eabi/4.8.3/../../../../arm-none-eabi/lib/armv7-m\libm.a(lib_a-s_copysign.o)
                              c:/siliconlabs/simplicitystudio/v3/developer/toolchains/gnu_arm/4.8_2013q4/bin/../lib/gcc/arm-none-eabi/4.8.3/../../../../arm-none-eabi/lib/armv7-m\libm.a(lib_a-s_scalbn.o) (copysign)
c:/siliconlabs/simplicitystudio/v3/developer/toolchains/gnu_arm/4.8_2013q4/bin/../lib/gcc/arm-none-eabi/4.8.3/armv7-m\libgcc.a(_arm_addsubdf3.o)
                              c:/siliconlabs/simplicitystudio/v3/developer/toolchains/gnu_arm/4.8_2013q4/bin/../lib/gcc/arm-none-eabi/4.8.3/../../../../arm-none-eabi/lib/armv7-m\libm.a(lib_a-e_pow.o) (__aeabi_dsub)
[...]
Memory Configuration

Name             Origin             Length             Attributes
FLASH            0x00000000         0x00100000         xr
RAM              0x20000000         0x00020000         xrw
*default*        0x00000000         0xffffffff

Linker script and memory map

LOAD c:/siliconlabs/simplicitystudio/v3/developer/toolchains/gnu_arm/4.8_2013q4/bin/../lib/gcc/arm-none-eabi/4.8.3/armv7-m/crti.o
LOAD c:/siliconlabs/simplicitystudio/v3/developer/toolchains/gnu_arm/4.8_2013q4/bin/../lib/gcc/arm-none-eabi/4.8.3/armv7-m/crtbegin.o
LOAD c:/siliconlabs/simplicitystudio/v3/developer/toolchains/gnu_arm/4.8_2013q4/bin/../lib/gcc/arm-none-eabi/4.8.3/../../../../arm-none-eabi/lib/armv7-m/crt0.o
LOAD ./src/aux_data.o
LOAD ./src/burtc_timer.o
LOAD ./src/dn_fsm.o
LOAD ./src/irqs.o
LOAD ./sm_clib/dn_hdlc.o
LOAD ./sm_clib/dn_ipmg.o
LOAD ./sm_clib/dn_ipmt.o
LOAD ./sm_clib/dn_serial_mg.o
LOAD ./sm_clib/dn_serial_mt.o
LOAD ./sm_clib/dn_whmt.o
LOAD ./emlib/em_acmp.o
LOAD ./emlib/em_adc.o
LOAD ./emlib/em_assert.o
LOAD ./emlib/em_burtc.o
LOAD ./emlib/em_cmu.o
LOAD ./emlib/em_dac.o
LOAD ./emlib/em_dma.o
LOAD ./emlib/em_ebi.o
LOAD ./emlib/em_emu.o
LOAD ./emlib/em_gpio.o
LOAD ./emlib/em_int.o
LOAD ./emlib/em_lcd.o
LOAD ./emlib/em_leuart.o
LOAD ./emlib/em_msc.o
LOAD ./emlib/em_rmu.o
LOAD ./emlib/em_rtc.o
LOAD ./emlib/em_system.o
LOAD ./emlib/em_usart.o
LOAD ./emlib/em_wdog.o
LOAD ./Drivers/dmactrl.o
LOAD ./Drivers/nandflash.o
LOAD ./Drivers/retargetio.o
LOAD ./Drivers/segmentlcd.o
LOAD ./CMSIS/efm32gg/startup_gcc_efm32gg.o
LOAD ./CMSIS/efm32gg/system_efm32gg.o
LOAD ./BSP/bsp_bcc.o
LOAD ./BSP/bsp_stk.o
LOAD ./BSP/bsp_trace.o
LOAD c:/siliconlabs/simplicitystudio/v3/developer/toolchains/gnu_arm/4.8_2013q4/bin/../lib/gcc/arm-none-eabi/4.8.3/../../../../arm-none-eabi/lib/armv7-m\libm.a
LOAD ./src/config_efm32.o
LOAD ./src/lcd.o
LOAD ./src/repeter.o
LOAD ./sm_clib/dn_endianness.o
LOAD ./sm_clib/dn_lock.o
LOAD ./sm_clib/dn_uart.o
LOAD ./emlib/em_aes.o
LOAD ./emlib/em_cryotimer.o
LOAD ./emlib/em_crypto.o
LOAD ./emlib/em_dbg.o
LOAD ./emlib/em_gpcrc.o
LOAD ./emlib/em_i2c.o
LOAD ./emlib/em_idac.o
LOAD ./emlib/em_ldma.o
LOAD ./emlib/em_lesense.o
LOAD ./emlib/em_letimer.o
LOAD ./emlib/em_mpu.o
LOAD ./emlib/em_opamp.o
LOAD ./emlib/em_pcnt.o
LOAD ./emlib/em_prs.o
LOAD ./emlib/em_rtcc.o
LOAD ./emlib/em_timer.o
LOAD ./emlib/em_vcmp.o
LOAD ./Drivers/norflash.o
START GROUP
LOAD c:/siliconlabs/simplicitystudio/v3/developer/toolchains/gnu_arm/4.8_2013q4/bin/../lib/gcc/arm-none-eabi/4.8.3/armv7-m\libgcc.a
LOAD c:/siliconlabs/simplicitystudio/v3/developer/toolchains/gnu_arm/4.8_2013q4/bin/../lib/gcc/arm-none-eabi/4.8.3/../../../../arm-none-eabi/lib/armv7-m\libc_s.a
LOAD c:/siliconlabs/simplicitystudio/v3/developer/toolchains/gnu_arm/4.8_2013q4/bin/../lib/gcc/arm-none-eabi/4.8.3/../../../../arm-none-eabi/lib/armv7-m\libnosys.a
END GROUP
START GROUP
LOAD c:/siliconlabs/simplicitystudio/v3/developer/toolchains/gnu_arm/4.8_2013q4/bin/../lib/gcc/arm-none-eabi/4.8.3/armv7-m\libgcc.a
LOAD c:/siliconlabs/simplicitystudio/v3/developer/toolchains/gnu_arm/4.8_2013q4/bin/../lib/gcc/arm-none-eabi/4.8.3/../../../../arm-none-eabi/lib/armv7-m\libg_s.a
LOAD c:/siliconlabs/simplicitystudio/v3/developer/toolchains/gnu_arm/4.8_2013q4/bin/../lib/gcc/arm-none-eabi/4.8.3/../../../../arm-none-eabi/lib/armv7-m\libc_s.a
END GROUP
START GROUP
LOAD c:/siliconlabs/simplicitystudio/v3/developer/toolchains/gnu_arm/4.8_2013q4/bin/../lib/gcc/arm-none-eabi/4.8.3/armv7-m\libgcc.a
LOAD c:/siliconlabs/simplicitystudio/v3/developer/toolchains/gnu_arm/4.8_2013q4/bin/../lib/gcc/arm-none-eabi/4.8.3/../../../../arm-none-eabi/lib/armv7-m\libc_s.a
END GROUP
LOAD c:/siliconlabs/simplicitystudio/v3/developer/toolchains/gnu_arm/4.8_2013q4/bin/../lib/gcc/arm-none-eabi/4.8.3/armv7-m/crtend.o
LOAD c:/siliconlabs/simplicitystudio/v3/developer/toolchains/gnu_arm/4.8_2013q4/bin/../lib/gcc/arm-none-eabi/4.8.3/armv7-m/crtn.o

.text           0x00000000     0x65e8
 *(.isr_vector)
 .isr_vector    0x00000000      0x100 ./CMSIS/efm32gg/startup_gcc_efm32gg.o
                0x00000000                __isr_vector
 *(.text*)
 .text          0x00000100       0x54 c:/siliconlabs/simplicitystudio/v3/developer/toolchains/gnu_arm/4.8_2013q4/bin/../lib/gcc/arm-none-eabi/4.8.3/armv7-m/crtbegin.o
 .text          0x00000154       0x74 c:/siliconlabs/simplicitystudio/v3/developer/toolchains/gnu_arm/4.8_2013q4/bin/../lib/gcc/arm-none-eabi/4.8.3/../../../../arm-none-eabi/lib/armv7-m/crt0.o
                0x00000154                _start
                0x00000154                _mainCRTStartup
 .text.aux_data_start
                0x000001c8       0x3c ./src/aux_data.o
                0x000001c8                aux_data_start
 .text.aux_data_send
                0x00000204      0x12c ./src/aux_data.o
                0x00000204                aux_data_send
 .text.aux_data_aquire_and_send
                0x00000330       0x88 ./src/aux_data.o
                0x00000330                aux_data_aquire_and_send
 .text.BURTC_IRQHandler
                0x000003b8       0x28 ./src/burtc_timer.o
                0x000003b8                BURTC_IRQHandler
 .text.wait_in_burtc
                0x000003e0       0xe4 ./src/burtc_timer.o
                0x000003e0                wait_in_burtc
 .text.dn_ipmt_reply_cb
                0x000004c4       0x10 ./src/dn_fsm.o
                0x000004c4                dn_ipmt_reply_cb
 .text.api_reset_reply
                0x000004d4       0x28 ./src/dn_fsm.o
                0x000004d4                api_reset_reply
 .text.api_join_reply
                0x000004fc       0x28 ./src/dn_fsm.o
                0x000004fc                api_join_reply
 .text.api_bindSocket_reply
                0x00000524       0x28 ./src/dn_fsm.o
                0x00000524                api_bindSocket_reply
 .text.api_response_timeout
                0x0000054c        0x4 ./src/dn_fsm.o
                0x0000054c                api_response_timeout
 .text.api_closeSocket_reply
                0x00000550       0x48 ./src/dn_fsm.o
                0x00000550                api_closeSocket_reply
 .text.api_openSocket_reply
                0x00000598       0x54 ./src/dn_fsm.o
                0x00000598                api_openSocket_reply
 .text.api_reset
                0x000005ec       0x4c ./src/dn_fsm.o
                0x000005ec                api_reset
 .text.api_join
                0x00000638       0x4c ./src/dn_fsm.o
                0x00000638                api_join
 .text.api_openSocket
                0x00000684       0x50 ./src/dn_fsm.o
                0x00000684                api_openSocket
 .text.api_sendTo_reply
                0x000006d4       0x50 ./src/dn_fsm.o
                0x000006d4                api_sendTo_reply
 .text.api_closeSocket
                0x00000724       0x50 ./src/dn_fsm.o
                0x00000724                api_closeSocket
 .text.api_bindSocket
                0x00000774       0x54 ./src/dn_fsm.o
                0x00000774                api_bindSocket
 .text.dn_ipmt_notif_cb
                0x000007c8      0x184 ./src/dn_fsm.o
                0x000007c8                dn_ipmt_notif_cb
 .text.dn_fsm_start
                0x0000094c       0x60 ./src/dn_fsm.o
                0x0000094c                dn_fsm_start
 .text.dn_fsm_irq
                0x000009ac       0x18 ./src/dn_fsm.o
                0x000009ac                dn_fsm_irq
 .text.api_sendTo
                0x000009c4       0xa4 ./src/dn_fsm.o
                0x000009c4                api_sendTo
 .text.ADC0_IRQHandler
                0x00000a68       0x44 ./src/irqs.o
                0x00000a68                ADC0_IRQHandler
 .text.UART0_RX_IRQHandler
                0x00000aac       0x18 ./src/irqs.o
                0x00000aac                UART0_RX_IRQHandler
 .text.GPIO_EVEN_IRQHandler
                0x00000ac4       0x94 ./src/irqs.o
                0x00000ac4                GPIO_EVEN_IRQHandler
 .text.GPIO_ODD_IRQHandler
                0x00000b58       0x1c ./src/irqs.o
                0x00000b58                GPIO_ODD_IRQHandler
 .text.RTC_IRQHandler
                0x00000b74       0x60 ./src/irqs.o
                0x00000b74                RTC_IRQHandler
 .text.dn_hdlc_rxByte
                0x00000bd4       0xfc ./sm_clib/dn_hdlc.o
                0x00000bd4                dn_hdlc_rxByte
 .text.dn_hdlc_init
                0x00000cd0       0x24 ./sm_clib/dn_hdlc.o
                0x00000cd0                dn_hdlc_init
 .text.dn_hdlc_outputOpen
                0x00000cf4       0x14 ./sm_clib/dn_hdlc.o
                0x00000cf4                dn_hdlc_outputOpen
 .text.dn_hdlc_outputWrite
                0x00000d08       0x4c ./sm_clib/dn_hdlc.o
                0x00000d08                dn_hdlc_outputWrite
 .text.dn_hdlc_outputClose
                0x00000d54       0x8c ./sm_clib/dn_hdlc.o
                0x00000d54                dn_hdlc_outputClose
 .text.dn_ipmt_rxSerialRequest
                0x00000de0      0x160 ./sm_clib/dn_ipmt.o
                0x00000de0                dn_ipmt_rxSerialRequest
 .text.dn_ipmt_join_reply
                0x00000f40       0x2c ./sm_clib/dn_ipmt.o
                0x00000f40                dn_ipmt_join_reply
 .text.dn_ipmt_reset_reply
                0x00000f6c       0x2c ./sm_clib/dn_ipmt.o
                0x00000f6c                dn_ipmt_reset_reply
 .text.dn_ipmt_openSocket_reply
                0x00000f98       0x40 ./sm_clib/dn_ipmt.o
                0x00000f98                dn_ipmt_openSocket_reply
 .text.dn_ipmt_closeSocket_reply
                0x00000fd8       0x2c ./sm_clib/dn_ipmt.o
                0x00000fd8                dn_ipmt_closeSocket_reply
 .text.dn_ipmt_bindSocket_reply
                0x00001004       0x2c ./sm_clib/dn_ipmt.o
                0x00001004                dn_ipmt_bindSocket_reply
 .text.dn_ipmt_sendTo_reply
                0x00001030       0x2c ./sm_clib/dn_ipmt.o
                0x00001030                dn_ipmt_sendTo_reply
 .text.dn_ipmt_init
                0x0000105c       0x3c ./sm_clib/dn_ipmt.o
                0x0000105c                dn_ipmt_init
 .text.dn_ipmt_cancelTx
                0x00001098       0x1c ./sm_clib/dn_ipmt.o
                0x00001098                dn_ipmt_cancelTx
 .text.dn_ipmt_join
                0x000010b4       0x54 ./sm_clib/dn_ipmt.o
                0x000010b4                dn_ipmt_join
 .text.dn_ipmt_reset
                0x00001108       0x54 ./sm_clib/dn_ipmt.o
                0x00001108                dn_ipmt_reset
 .text.dn_ipmt_openSocket
                0x0000115c       0x58 ./sm_clib/dn_ipmt.o
                0x0000115c                dn_ipmt_openSocket
 .text.dn_ipmt_closeSocket
                0x000011b4       0x58 ./sm_clib/dn_ipmt.o
                0x000011b4                dn_ipmt_closeSocket
 .text.dn_ipmt_bindSocket
                0x0000120c       0x6c ./sm_clib/dn_ipmt.o
                0x0000120c                dn_ipmt_bindSocket
 .text.dn_ipmt_sendTo
                0x00001278       0xac ./sm_clib/dn_ipmt.o
                0x00001278                dn_ipmt_sendTo
 .text.dn_serial_mt_rxHdlcFrame
                0x00001324       0xc8 ./sm_clib/dn_serial_mt.o
                0x00001324                dn_serial_mt_rxHdlcFrame
 .text.dn_serial_mt_init
                0x000013ec       0x2c ./sm_clib/dn_serial_mt.o
                0x000013ec                dn_serial_mt_init
 .text.dn_serial_mt_sendRequest
                0x00001418       0x78 ./sm_clib/dn_serial_mt.o
                0x00001418                dn_serial_mt_sendRequest
 .text.ADC_Init
                0x00001490       0x70 ./emlib/em_adc.o
                0x00001490                ADC_Init
 .text.ADC_InitSingle
                0x00001500       0xcc ./emlib/em_adc.o
                0x00001500                ADC_InitSingle
 .text.ADC_Reset
                0x000015cc       0x64 ./emlib/em_adc.o
                0x000015cc                ADC_Reset
 .text.ADC_TimebaseCalc
                0x00001630       0x3c ./emlib/em_adc.o
                0x00001630                ADC_TimebaseCalc
 .text.BURTC_Init
                0x0000166c       0x80 ./emlib/em_burtc.o
                0x0000166c                BURTC_Init
 .text.BURTC_CompareSet
                0x000016ec       0x20 ./emlib/em_burtc.o
                0x000016ec                BURTC_CompareSet
 .text.BURTC_CounterReset
                0x0000170c       0x10 ./emlib/em_burtc.o
                0x0000170c                BURTC_CounterReset
 .text.lfClkGet
                0x0000171c      0x150 ./emlib/em_cmu.o
 .text.CMU_ClockDivSet
                0x0000186c      0x390 ./emlib/em_cmu.o
                0x0000186c                CMU_ClockDivSet
 .text.CMU_ClockSelectGet
                0x00001bfc       0xc0 ./emlib/em_cmu.o
                0x00001bfc                CMU_ClockSelectGet
 .text.CMU_ClockFreqGet
                0x00001cbc      0x210 ./emlib/em_cmu.o
                0x00001cbc                CMU_ClockFreqGet
 .text.CMU_ClockEnable
                0x00001ecc       0xf0 ./emlib/em_cmu.o
                0x00001ecc                CMU_ClockEnable
 .text.CMU_ClockSelectSet
                0x00001fbc      0x4ec ./emlib/em_cmu.o
                0x00001fbc                CMU_ClockSelectSet
 .text.CMU_HFRCOBandSet
                0x000024a8      0x1e0 ./emlib/em_cmu.o
                0x000024a8                CMU_HFRCOBandSet
 .text.CMU_LCDClkFDIVSet
                0x00002688       0x1c ./emlib/em_cmu.o
                0x00002688                CMU_LCDClkFDIVSet
 .text.CMU_OscillatorEnable
                0x000026a4       0x84 ./emlib/em_cmu.o
                0x000026a4                CMU_OscillatorEnable
 .text.DAC_Reset
                0x00002728       0x28 ./emlib/em_dac.o
                0x00002728                DAC_Reset
 .text.DMA_IRQHandler
                0x00002750       0x80 ./emlib/em_dma.o
                0x00002750                DMA_IRQHandler
 .text.emuRestore
                0x000027d0       0x8c ./emlib/em_emu.o
 .text.EMU_EnterEM3
                0x0000285c       0xb8 ./emlib/em_emu.o
                0x0000285c                EMU_EnterEM3
 .text.EMU_UpdateOscConfig
                0x00002914       0x14 ./emlib/em_emu.o
                0x00002914                EMU_UpdateOscConfig
 .text.GPIO_ExtIntConfig
                0x00002928       0x6c ./emlib/em_gpio.o
                0x00002928                GPIO_ExtIntConfig
 .text.GPIO_PinModeSet
                0x00002994       0xb4 ./emlib/em_gpio.o
                0x00002994                GPIO_PinModeSet
 .text.LCD_Init
                0x00002a48       0x40 ./emlib/em_lcd.o
                0x00002a48                LCD_Init
 .text.LCD_VLCDSelect
                0x00002a88       0x1c ./emlib/em_lcd.o
                0x00002a88                LCD_VLCDSelect
 .text.LCD_SegmentRangeEnable
                0x00002aa4       0x18 ./emlib/em_lcd.o
                0x00002aa4                LCD_SegmentRangeEnable
 .text.LCD_SegmentSet
                0x00002abc       0xdc ./emlib/em_lcd.o
                0x00002abc                LCD_SegmentSet
 .text.LCD_SegmentSetLow
                0x00002b98       0xa4 ./emlib/em_lcd.o
                0x00002b98                LCD_SegmentSetLow
 .text.LCD_SegmentSetHigh
                0x00002c3c       0xa4 ./emlib/em_lcd.o
                0x00002c3c                LCD_SegmentSetHigh
 .text.LCD_VBoostSet
                0x00002ce0       0x14 ./emlib/em_lcd.o
                0x00002ce0                LCD_VBoostSet
 .text.RMU_ResetControl
                0x00002cf4       0x20 ./emlib/em_rmu.o
                0x00002cf4                RMU_ResetControl
 .text.RTC_CompareSet
                0x00002d14       0x1c ./emlib/em_rtc.o
                0x00002d14                RTC_CompareSet
 .text.RTC_Init
                0x00002d30       0x1c ./emlib/em_rtc.o
                0x00002d30                RTC_Init
 .text.RTC_CounterReset
                0x00002d4c       0x10 ./emlib/em_rtc.o
                0x00002d4c                RTC_CounterReset
 .text.SYSTEM_ChipRevisionGet
                0x00002d5c       0x34 ./emlib/em_system.o
                0x00002d5c                SYSTEM_ChipRevisionGet
 .text.USART_InitAsync
                0x00002d90       0xdc ./emlib/em_usart.o
                0x00002d90                USART_InitAsync
 .text.USART_Tx
                0x00002e6c        0xc ./emlib/em_usart.o
                0x00002e6c                USART_Tx
 .text.WDOGn_Feed
                0x00002e78       0x18 ./emlib/em_wdog.o
                0x00002e78                WDOGn_Feed
 .text.WDOGn_Init
                0x00002e90       0x48 ./emlib/em_wdog.o
                0x00002e90                WDOGn_Init
 .text._exit    0x00002ed8        0x4 ./Drivers/retargetio.o
                0x00002ed8                _exit
 .text.SegmentLCD_AllOff
                0x00002edc       0xac ./Drivers/segmentlcd.o
                0x00002edc                SegmentLCD_AllOff
 .text.SegmentLCD_AlphaNumberOff
                0x00002f88       0xa8 ./Drivers/segmentlcd.o
                0x00002f88                SegmentLCD_AlphaNumberOff
 .text.SegmentLCD_Battery
                0x00003030       0x3c ./Drivers/segmentlcd.o
                0x00003030                SegmentLCD_Battery
 .text.SegmentLCD_Disable
                0x0000306c       0x30 ./Drivers/segmentlcd.o
                0x0000306c                SegmentLCD_Disable
 .text.SegmentLCD_EnergyMode
                0x0000309c       0x20 ./Drivers/segmentlcd.o
                0x0000309c                SegmentLCD_EnergyMode
 .text.SegmentLCD_Init
                0x000030bc       0xac ./Drivers/segmentlcd.o
                0x000030bc                SegmentLCD_Init
 .text.SegmentLCD_Number
                0x00003168      0x190 ./Drivers/segmentlcd.o
                0x00003168                SegmentLCD_Number
 .text.SegmentLCD_Symbol
                0x000032f8       0x30 ./Drivers/segmentlcd.o
                0x000032f8                SegmentLCD_Symbol
 .text.SegmentLCD_Write
                0x00003328      0x188 ./Drivers/segmentlcd.o
                0x00003328                SegmentLCD_Write
 .text          0x000034b0       0x98 ./CMSIS/efm32gg/startup_gcc_efm32gg.o
                0x000034b0                Reset_Handler
                0x000034e4                Default_Handler
                0x000034e6                NMI_Handler
                0x000034e8                HardFault_Handler
                0x000034ea                MemManage_Handler
                0x000034ec                BusFault_Handler
                0x000034ee                UsageFault_Handler
                0x000034f0                SVC_Handler
                0x000034f2                DebugMon_Handler
                0x000034f4                PendSV_Handler
                0x000034f6                SysTick_Handler
                0x000034fc                TIMER0_IRQHandler
                0x000034fe                USART0_RX_IRQHandler
                0x00003500                USART0_TX_IRQHandler
                0x00003502                USB_IRQHandler
                0x00003504                ACMP0_IRQHandler
                0x00003508                DAC0_IRQHandler
                0x0000350a                I2C0_IRQHandler
                0x0000350c                I2C1_IRQHandler
                0x00003510                TIMER1_IRQHandler
                0x00003512                TIMER2_IRQHandler
                0x00003514                TIMER3_IRQHandler
                0x00003516                USART1_RX_IRQHandler
                0x00003518                USART1_TX_IRQHandler
                0x0000351a                LESENSE_IRQHandler
                0x0000351c                USART2_RX_IRQHandler
                0x0000351e                USART2_TX_IRQHandler
                0x00003522                UART0_TX_IRQHandler
                0x00003524                UART1_RX_IRQHandler
                0x00003526                UART1_TX_IRQHandler
                0x00003528                LEUART0_IRQHandler
                0x0000352a                LEUART1_IRQHandler
                0x0000352c                LETIMER0_IRQHandler
                0x0000352e                PCNT0_IRQHandler
                0x00003530                PCNT1_IRQHandler
                0x00003532                PCNT2_IRQHandler
                0x00003538                CMU_IRQHandler
                0x0000353a                VCMP_IRQHandler
                0x0000353c                LCD_IRQHandler
                0x0000353e                MSC_IRQHandler
                0x00003540                AES_IRQHandler
                0x00003542                EBI_IRQHandler
                0x00003544                EMU_IRQHandler
 .text.SystemCoreClockGet
                0x00003548       0xe0 ./CMSIS/efm32gg/system_efm32gg.o
                0x00003548                SystemCoreClockGet
 .text.SystemMaxCoreClockGet
                0x00003628        0x8 ./CMSIS/efm32gg/system_efm32gg.o
                0x00003628                SystemMaxCoreClockGet
 .text.SystemHFClockGet
                0x00003630       0xd0 ./CMSIS/efm32gg/system_efm32gg.o
                0x00003630                SystemHFClockGet
 .text.SystemHFXOClockGet
                0x00003700        0xc ./CMSIS/efm32gg/system_efm32gg.o
                0x00003700                SystemHFXOClockGet
 .text.SystemInit
                0x0000370c        0x4 ./CMSIS/efm32gg/system_efm32gg.o
                0x0000370c                SystemInit
 .text.SystemLFRCOClockGet
                0x00003710        0x8 ./CMSIS/efm32gg/system_efm32gg.o
                0x00003710                SystemLFRCOClockGet
 .text.SystemULFRCOClockGet
                0x00003718        0x8 ./CMSIS/efm32gg/system_efm32gg.o
                0x00003718                SystemULFRCOClockGet
 .text.SystemLFXOClockGet
                0x00003720        0xc ./CMSIS/efm32gg/system_efm32gg.o
                0x00003720                SystemLFXOClockGet
 .text.pow      0x0000372c      0x2f8 c:/siliconlabs/simplicitystudio/v3/developer/toolchains/gnu_arm/4.8_2013q4/bin/../lib/gcc/arm-none-eabi/4.8.3/../../../../arm-none-eabi/lib/armv7-m\libm.a(lib_a-w_pow.o)
                0x0000372c                pow
 *fill*         0x00003a24        0x4 
 .text.__ieee754_pow
                0x00003a28      0xab8 c:/siliconlabs/simplicitystudio/v3/developer/toolchains/gnu_arm/4.8_2013q4/bin/../lib/gcc/arm-none-eabi/4.8.3/../../../../arm-none-eabi/lib/armv7-m\libm.a(lib_a-e_pow.o)
                0x00003a28                __ieee754_pow
 .text.__ieee754_sqrt
                0x000044e0      0x180 c:/siliconlabs/simplicitystudio/v3/developer/toolchains/gnu_arm/4.8_2013q4/bin/../lib/gcc/arm-none-eabi/4.8.3/../../../../arm-none-eabi/lib/armv7-m\libm.a(lib_a-e_sqrt.o)
                0x000044e0                __ieee754_sqrt
 .text.fabs     0x00004660        0x8 c:/siliconlabs/simplicitystudio/v3/developer/toolchains/gnu_arm/4.8_2013q4/bin/../lib/gcc/arm-none-eabi/4.8.3/../../../../arm-none-eabi/lib/armv7-m\libm.a(lib_a-s_fabs.o)
                0x00004660                fabs
 .text.finite   0x00004668        0xc c:/siliconlabs/simplicitystudio/v3/developer/toolchains/gnu_arm/4.8_2013q4/bin/../lib/gcc/arm-none-eabi/4.8.3/../../../../arm-none-eabi/lib/armv7-m\libm.a(lib_a-s_finite.o)
                0x00004668                finite
 .text.__fpclassifyd
                0x00004674       0x50 c:/siliconlabs/simplicitystudio/v3/developer/toolchains/gnu_arm/4.8_2013q4/bin/../lib/gcc/arm-none-eabi/4.8.3/../../../../arm-none-eabi/lib/armv7-m\libm.a(lib_a-s_fpclassify.o)
                0x00004674                __fpclassifyd
 .text.matherr  0x000046c4        0x4 c:/siliconlabs/simplicitystudio/v3/developer/toolchains/gnu_arm/4.8_2013q4/bin/../lib/gcc/arm-none-eabi/4.8.3/../../../../arm-none-eabi/lib/armv7-m\libm.a(lib_a-s_matherr.o)
                0x000046c4                matherr
 .text.nan      0x000046c8        0xc c:/siliconlabs/simplicitystudio/v3/developer/toolchains/gnu_arm/4.8_2013q4/bin/../lib/gcc/arm-none-eabi/4.8.3/../../../../arm-none-eabi/lib/armv7-m\libm.a(lib_a-s_nan.o)
                0x000046c8                nan
 .text.rint     0x000046d4      0x118 c:/siliconlabs/simplicitystudio/v3/developer/toolchains/gnu_arm/4.8_2013q4/bin/../lib/gcc/arm-none-eabi/4.8.3/../../../../arm-none-eabi/lib/armv7-m\libm.a(lib_a-s_rint.o)
                0x000046d4                rint
 *fill*         0x000047ec        0x4 
 .text.scalbn   0x000047f0      0x100 c:/siliconlabs/simplicitystudio/v3/developer/toolchains/gnu_arm/4.8_2013q4/bin/../lib/gcc/arm-none-eabi/4.8.3/../../../../arm-none-eabi/lib/armv7-m\libm.a(lib_a-s_scalbn.o)
                0x000047f0                scalbn
 .text.copysign
                0x000048f0       0x14 c:/siliconlabs/simplicitystudio/v3/developer/toolchains/gnu_arm/4.8_2013q4/bin/../lib/gcc/arm-none-eabi/4.8.3/../../../../arm-none-eabi/lib/armv7-m\libm.a(lib_a-s_copysign.o)
                0x000048f0                copysign
 .text.aux_sensor_config
                0x00004904       0xa0 ./src/config_efm32.o
                0x00004904                aux_sensor_config
 .text.battery_charge_status
                0x000049a4       0x80 ./src/config_efm32.o
                0x000049a4                battery_charge_status
 .text.uart0_config
                0x00004a24       0xec ./src/config_efm32.o
                0x00004a24                uart0_config
 .text.gpio_config
                0x00004b10       0x20 ./src/config_efm32.o
                0x00004b10                gpio_config
 .text.button_config
                0x00004b30       0x58 ./src/config_efm32.o
                0x00004b30                button_config
 .text.rtc_dn_fsm_config
                0x00004b88       0x4c ./src/config_efm32.o
                0x00004b88                rtc_dn_fsm_config
 .text.burtc_config
                0x00004bd4       0x64 ./src/config_efm32.o
                0x00004bd4                burtc_config
 .text.wdog_config
                0x00004c38       0x2c ./src/config_efm32.o
                0x00004c38                wdog_config
 .text.efm32_config
                0x00004c64       0x74 ./src/config_efm32.o
                0x00004c64                efm32_config
 .text.lcd_init
                0x00004cd8       0x2c ./src/lcd.o
                0x00004cd8                lcd_init
 .text.lcd_write
                0x00004d04       0xe8 ./src/lcd.o
                0x00004d04                lcd_write
 .text.lcd_update
                0x00004dec       0x8c ./src/lcd.o
                0x00004dec                lcd_update
 .text.startup.main
                0x00004e78      0x110 ./src/repeter.o
                0x00004e78                main
 .text.dn_write_uint16_t
                0x00004f88        0x8 ./sm_clib/dn_endianness.o
                0x00004f88                dn_write_uint16_t
 .text.dn_read_uint16_t
                0x00004f90       0x14 ./sm_clib/dn_endianness.o
                0x00004f90                dn_read_uint16_t
 .text.dn_read_uint32_t
                0x00004fa4       0x24 ./sm_clib/dn_endianness.o
                0x00004fa4                dn_read_uint32_t
 .text.dn_lock  0x00004fc8        0x4 ./sm_clib/dn_lock.o
                0x00004fc8                dn_lock
 .text.dn_unlock
                0x00004fcc        0x4 ./sm_clib/dn_lock.o
                0x00004fcc                dn_unlock
 .text.dn_uart_init
                0x00004fd0        0xc ./sm_clib/dn_uart.o
                0x00004fd0                dn_uart_init
 .text.dn_uart_txByte
                0x00004fdc        0xc ./sm_clib/dn_uart.o
                0x00004fdc                dn_uart_txByte
 .text.dn_uart_txFlush
                0x00004fe8        0xc ./sm_clib/dn_uart.o
                0x00004fe8                dn_uart_txFlush
 .text          0x00004ff4      0x370 c:/siliconlabs/simplicitystudio/v3/developer/toolchains/gnu_arm/4.8_2013q4/bin/../lib/gcc/arm-none-eabi/4.8.3/armv7-m\libgcc.a(_arm_addsubdf3.o)
                0x00004ff4                __aeabi_drsub
                0x00004ffc                __aeabi_dsub
                0x00004ffc                __subdf3
                0x00005000                __aeabi_dadd
                0x00005000                __adddf3
                0x00005278                __floatunsidf
                0x00005278                __aeabi_ui2d
                0x00005298                __floatsidf
                0x00005298                __aeabi_i2d
                0x000052bc                __aeabi_f2d
                0x000052bc                __extendsfdf2
                0x000052f8                __floatundidf
                0x000052f8                __aeabi_ul2d
                0x00005308                __floatdidf
                0x00005308                __aeabi_l2d
 .text          0x00005364      0x424 c:/siliconlabs/simplicitystudio/v3/developer/toolchains/gnu_arm/4.8_2013q4/bin/../lib/gcc/arm-none-eabi/4.8.3/armv7-m\libgcc.a(_arm_muldivdf3.o)
                0x00005364                __aeabi_dmul
                0x00005364                __muldf3
                0x000055b8                __divdf3
                0x000055b8                __aeabi_ddiv
 .text          0x00005788      0x110 c:/siliconlabs/simplicitystudio/v3/developer/toolchains/gnu_arm/4.8_2013q4/bin/../lib/gcc/arm-none-eabi/4.8.3/armv7-m\libgcc.a(_arm_cmpdf2.o)
                0x00005788                __gtdf2
                0x00005788                __gedf2
                0x00005790                __ltdf2
                0x00005790                __ledf2
                0x00005798                __nedf2
                0x00005798                __eqdf2
                0x00005798                __cmpdf2
                0x00005814                __aeabi_cdrcmple
                0x00005824                __aeabi_cdcmpeq
                0x00005824                __aeabi_cdcmple
                0x00005834                __aeabi_dcmpeq
                0x00005848                __aeabi_dcmplt
                0x0000585c                __aeabi_dcmple
                0x00005870                __aeabi_dcmpge
                0x00005884                __aeabi_dcmpgt
 .text          0x00005898       0x40 c:/siliconlabs/simplicitystudio/v3/developer/toolchains/gnu_arm/4.8_2013q4/bin/../lib/gcc/arm-none-eabi/4.8.3/armv7-m\libgcc.a(_arm_fixunsdfsi.o)
                0x00005898                __aeabi_d2uiz
                0x00005898                __fixunsdfsi
 .text          0x000058d8      0x21c c:/siliconlabs/simplicitystudio/v3/developer/toolchains/gnu_arm/4.8_2013q4/bin/../lib/gcc/arm-none-eabi/4.8.3/armv7-m\libgcc.a(_arm_addsubsf3.o)
                0x000058d8                __aeabi_frsub
                0x000058e0                __subsf3
                0x000058e0                __aeabi_fsub
                0x000058e4                __aeabi_fadd
                0x000058e4                __addsf3
                0x00005a44                __aeabi_ui2f
                0x00005a44                __floatunsisf
                0x00005a4c                __aeabi_i2f
                0x00005a4c                __floatsisf
                0x00005a68                __aeabi_ul2f
                0x00005a68                __floatundisf
                0x00005a78                __aeabi_l2f
                0x00005a78                __floatdisf
 .text          0x00005af4      0x2a0 c:/siliconlabs/simplicitystudio/v3/developer/toolchains/gnu_arm/4.8_2013q4/bin/../lib/gcc/arm-none-eabi/4.8.3/armv7-m\libgcc.a(_arm_muldivsf3.o)
                0x00005af4                __mulsf3
                0x00005af4                __aeabi_fmul
                0x00005c5c                __aeabi_fdiv
                0x00005c5c                __divsf3
 .text          0x00005d94       0x4c c:/siliconlabs/simplicitystudio/v3/developer/toolchains/gnu_arm/4.8_2013q4/bin/../lib/gcc/arm-none-eabi/4.8.3/armv7-m\libgcc.a(_arm_fixsfsi.o)
                0x00005d94                __aeabi_f2iz
                0x00005d94                __fixsfsi
 .text          0x00005de0       0x40 c:/siliconlabs/simplicitystudio/v3/developer/toolchains/gnu_arm/4.8_2013q4/bin/../lib/gcc/arm-none-eabi/4.8.3/armv7-m\libgcc.a(_arm_fixunssfsi.o)
                0x00005de0                __fixunssfsi
                0x00005de0                __aeabi_f2uiz
 .text.abs      0x00005e20        0x8 c:/siliconlabs/simplicitystudio/v3/developer/toolchains/gnu_arm/4.8_2013q4/bin/../lib/gcc/arm-none-eabi/4.8.3/../../../../arm-none-eabi/lib/armv7-m\libc_s.a(lib_a-abs.o)
                0x00005e20                abs
 .text.__errno  0x00005e28        0xc c:/siliconlabs/simplicitystudio/v3/developer/toolchains/gnu_arm/4.8_2013q4/bin/../lib/gcc/arm-none-eabi/4.8.3/../../../../arm-none-eabi/lib/armv7-m\libc_s.a(lib_a-errno.o)
                0x00005e28                __errno
 .text.exit     0x00005e34       0x28 c:/siliconlabs/simplicitystudio/v3/developer/toolchains/gnu_arm/4.8_2013q4/bin/../lib/gcc/arm-none-eabi/4.8.3/../../../../arm-none-eabi/lib/armv7-m\libc_s.a(lib_a-exit.o)
                0x00005e34                exit
 .text.__libc_init_array
                0x00005e5c       0x4c c:/siliconlabs/simplicitystudio/v3/developer/toolchains/gnu_arm/4.8_2013q4/bin/../lib/gcc/arm-none-eabi/4.8.3/../../../../arm-none-eabi/lib/armv7-m\libc_s.a(lib_a-init.o)
                0x00005e5c                __libc_init_array
 .text.memcpy   0x00005ea8       0x12 c:/siliconlabs/simplicitystudio/v3/developer/toolchains/gnu_arm/4.8_2013q4/bin/../lib/gcc/arm-none-eabi/4.8.3/../../../../arm-none-eabi/lib/armv7-m\libc_s.a(lib_a-memcpy-stub.o)
                0x00005ea8                memcpy
 .text.memset   0x00005eba       0x10 c:/siliconlabs/simplicitystudio/v3/developer/toolchains/gnu_arm/4.8_2013q4/bin/../lib/gcc/arm-none-eabi/4.8.3/../../../../arm-none-eabi/lib/armv7-m\libc_s.a(lib_a-memset.o)
                0x00005eba                memset
 .text.strlen   0x00005eca       0x10 c:/siliconlabs/simplicitystudio/v3/developer/toolchains/gnu_arm/4.8_2013q4/bin/../lib/gcc/arm-none-eabi/4.8.3/../../../../arm-none-eabi/lib/armv7-m\libc_s.a(lib_a-strlen.o)
                0x00005eca                strlen
 *(.init)
 *fill*         0x00005eda        0x2 
 .init          0x00005edc        0x4 c:/siliconlabs/simplicitystudio/v3/developer/toolchains/gnu_arm/4.8_2013q4/bin/../lib/gcc/arm-none-eabi/4.8.3/armv7-m/crti.o
                0x00005edc                _init
 .init          0x00005ee0        0x8 c:/siliconlabs/simplicitystudio/v3/developer/toolchains/gnu_arm/4.8_2013q4/bin/../lib/gcc/arm-none-eabi/4.8.3/armv7-m/crtn.o
 *(.fini)
 .fini          0x00005ee8        0x4 c:/siliconlabs/simplicitystudio/v3/developer/toolchains/gnu_arm/4.8_2013q4/bin/../lib/gcc/arm-none-eabi/4.8.3/armv7-m/crti.o
                0x00005ee8                _fini
 .fini          0x00005eec        0x8 c:/siliconlabs/simplicitystudio/v3/developer/toolchains/gnu_arm/4.8_2013q4/bin/../lib/gcc/arm-none-eabi/4.8.3/armv7-m/crtn.o
 *crtbegin.o(.ctors)
 *crtbegin?.o(.ctors)
 *(EXCLUDE_FILE(*crtend.o *crtend?.o) .ctors)
 *(SORT(.ctors.*))
 *(.ctors)
 *crtbegin.o(.dtors)
 *crtbegin?.o(.dtors)
 *(EXCLUDE_FILE(*crtend.o *crtend?.o) .dtors)
 *(SORT(.dtors.*))
 *(.dtors)
 *(.rodata*)
 .rodata.ipv6Addr_manager
                0x00005ef4       0x10 ./src/dn_fsm.o
 .rodata.dn_hdlc_fcstab
                0x00005f04      0x200 ./sm_clib/dn_hdlc.o
 .rodata.EFM_Numbers
                0x00006104       0x24 ./Drivers/segmentlcd.o
 .rodata.EFM_Display
                0x00006128      0x200 ./Drivers/segmentlcd.o
 .rodata.CSWTCH.30
                0x00006328       0x44 ./Drivers/segmentlcd.o
 .rodata.CSWTCH.29
                0x0000636c       0x44 ./Drivers/segmentlcd.o
 .rodata.lcdInit
                0x000063b0       0x14 ./Drivers/segmentlcd.o
 .rodata.EFM_Alphabet
                0x000063c4       0xb8 ./Drivers/segmentlcd.o
 .rodata.str1.4
                0x0000647c        0x4 c:/siliconlabs/simplicitystudio/v3/developer/toolchains/gnu_arm/4.8_2013q4/bin/../lib/gcc/arm-none-eabi/4.8.3/../../../../arm-none-eabi/lib/armv7-m\libm.a(lib_a-w_pow.o)
 .rodata.dp_h   0x00006480       0x10 c:/siliconlabs/simplicitystudio/v3/developer/toolchains/gnu_arm/4.8_2013q4/bin/../lib/gcc/arm-none-eabi/4.8.3/../../../../arm-none-eabi/lib/armv7-m\libm.a(lib_a-e_pow.o)
 .rodata.dp_l   0x00006490       0x10 c:/siliconlabs/simplicitystudio/v3/developer/toolchains/gnu_arm/4.8_2013q4/bin/../lib/gcc/arm-none-eabi/4.8.3/../../../../arm-none-eabi/lib/armv7-m\libm.a(lib_a-e_pow.o)
 .rodata.bp     0x000064a0       0x10 c:/siliconlabs/simplicitystudio/v3/developer/toolchains/gnu_arm/4.8_2013q4/bin/../lib/gcc/arm-none-eabi/4.8.3/../../../../arm-none-eabi/lib/armv7-m\libm.a(lib_a-e_pow.o)
 .rodata.str1.4
                0x00000000        0x4 c:/siliconlabs/simplicitystudio/v3/developer/toolchains/gnu_arm/4.8_2013q4/bin/../lib/gcc/arm-none-eabi/4.8.3/../../../../arm-none-eabi/lib/armv7-m\libm.a(lib_a-e_pow.o)
 .rodata.TWO52  0x000064b0       0x10 c:/siliconlabs/simplicitystudio/v3/developer/toolchains/gnu_arm/4.8_2013q4/bin/../lib/gcc/arm-none-eabi/4.8.3/../../../../arm-none-eabi/lib/armv7-m\libm.a(lib_a-s_rint.o)
 .rodata        0x000064c0       0x64 ./src/config_efm32.o
 .rodata.str1.4
                0x00006524       0x58 ./src/lcd.o
 .rodata.__sf_fake_stdin
                0x0000657c       0x20 c:/siliconlabs/simplicitystudio/v3/developer/toolchains/gnu_arm/4.8_2013q4/bin/../lib/gcc/arm-none-eabi/4.8.3/../../../../arm-none-eabi/lib/armv7-m\libc_s.a(lib_a-findfp.o)
                0x0000657c                __sf_fake_stdin
 .rodata.__sf_fake_stdout
                0x0000659c       0x20 c:/siliconlabs/simplicitystudio/v3/developer/toolchains/gnu_arm/4.8_2013q4/bin/../lib/gcc/arm-none-eabi/4.8.3/../../../../arm-none-eabi/lib/armv7-m\libc_s.a(lib_a-findfp.o)
                0x0000659c                __sf_fake_stdout
 .rodata.__sf_fake_stderr
                0x000065bc       0x20 c:/siliconlabs/simplicitystudio/v3/developer/toolchains/gnu_arm/4.8_2013q4/bin/../lib/gcc/arm-none-eabi/4.8.3/../../../../arm-none-eabi/lib/armv7-m\libc_s.a(lib_a-findfp.o)
                0x000065bc                __sf_fake_stderr
 .rodata.str1.1
                0x000065dc        0x2 c:/siliconlabs/simplicitystudio/v3/developer/toolchains/gnu_arm/4.8_2013q4/bin/../lib/gcc/arm-none-eabi/4.8.3/../../../../arm-none-eabi/lib/armv7-m\libc_s.a(lib_a-impure.o)
 *fill*         0x000065de        0x2 
 .rodata._global_impure_ptr
                0x000065e0        0x4 c:/siliconlabs/simplicitystudio/v3/developer/toolchains/gnu_arm/4.8_2013q4/bin/../lib/gcc/arm-none-eabi/4.8.3/../../../../arm-none-eabi/lib/armv7-m\libc_s.a(lib_a-impure.o)
                0x000065e0                _global_impure_ptr
 *(.eh_frame*)
 .eh_frame      0x000065e4        0x0 c:/siliconlabs/simplicitystudio/v3/developer/toolchains/gnu_arm/4.8_2013q4/bin/../lib/gcc/arm-none-eabi/4.8.3/armv7-m/crtbegin.o
 .eh_frame      0x000065e4        0x4 c:/siliconlabs/simplicitystudio/v3/developer/toolchains/gnu_arm/4.8_2013q4/bin/../lib/gcc/arm-none-eabi/4.8.3/armv7-m/crtend.o

.glue_7         0x000065e8        0x0
 .glue_7        0x00000000        0x0 linker stubs

.glue_7t        0x000065e8        0x0
 .glue_7t       0x00000000        0x0 linker stubs

.vfp11_veneer   0x000065e8        0x0
 .vfp11_veneer  0x00000000        0x0 linker stubs

.v4_bx          0x000065e8        0x0
 .v4_bx         0x00000000        0x0 linker stubs

.iplt           0x000065e8        0x0
 .iplt          0x00000000        0x0 c:/siliconlabs/simplicitystudio/v3/developer/toolchains/gnu_arm/4.8_2013q4/bin/../lib/gcc/arm-none-eabi/4.8.3/armv7-m/crtbegin.o

.ARM.extab
 *(.ARM.extab* .gnu.linkonce.armextab.*)
                0x000065e8                __exidx_start = .

.ARM.exidx      0x000065e8        0x8
 *(.ARM.exidx* .gnu.linkonce.armexidx.*)
 .ARM.exidx     0x000065e8        0x8 c:/siliconlabs/simplicitystudio/v3/developer/toolchains/gnu_arm/4.8_2013q4/bin/../lib/gcc/arm-none-eabi/4.8.3/../../../../arm-none-eabi/lib/armv7-m/crt0.o
                0x000065f0                __exidx_end = .
                0x000065f0                __etext = .

.rel.dyn        0x000065f0        0x0
 .rel.iplt      0x00000000        0x0 c:/siliconlabs/simplicitystudio/v3/developer/toolchains/gnu_arm/4.8_2013q4/bin/../lib/gcc/arm-none-eabi/4.8.3/armv7-m/crtbegin.o

.data           0x20000000       0xac load address 0x000065f0
                0x20000000                __data_start__ = .
 *(vtable)
 *(.data*)
 .data.adc_ch_liste
                0x20000000        0x4 ./src/aux_data.o
                0x20000000                adc_ch_liste
 .data.num_channels
                0x20000004        0x4 ./src/aux_data.o
                0x20000004                num_channels
 .data.aux_start_delay_ms
                0x20000008        0x4 ./src/aux_data.o
                0x20000008                aux_start_delay_ms
 .data.charging
                0x2000000c        0x4 ./src/aux_data.o
 .data.adc_reff_liste
                0x20000010        0x4 ./src/aux_data.o
                0x20000010                adc_reff_liste
 .data.burtc_wait_max_ms
                0x20000014        0x4 ./src/burtc_timer.o
                0x20000014                burtc_wait_max_ms
 .data.SystemLFXOClock
                0x20000018        0x4 ./CMSIS/efm32gg/system_efm32gg.o
 .data.SystemHFXOClock
                0x2000001c        0x4 ./CMSIS/efm32gg/system_efm32gg.o
 .data.__fdlib_version
                0x20000020        0x1 c:/siliconlabs/simplicitystudio/v3/developer/toolchains/gnu_arm/4.8_2013q4/bin/../lib/gcc/arm-none-eabi/4.8.3/../../../../arm-none-eabi/lib/armv7-m\libm.a(lib_a-s_lib_ver.o)
                0x20000020                __fdlib_version
 .data.charging_enable
                0x20000021        0x1 ./src/config_efm32.o
                0x20000021                charging_enable
 *fill*         0x20000022        0x2 
 .data.lcd_time_on
                0x20000024        0x4 ./src/lcd.o
                0x20000024                lcd_time_on
 .data.gl_sleep_mode_recording
                0x20000028        0x4 ./src/repeter.o
                0x20000028                gl_sleep_mode_recording
 .data.sleep_mode
                0x2000002c        0x4 ./src/repeter.o
                0x2000002c                sleep_mode
 .data.gl_sleep_mode_uart_tx
                0x20000030        0x4 ./src/repeter.o
                0x20000030                gl_sleep_mode_uart_tx
 .data.aux_min_interval
                0x20000034        0x2 ./src/repeter.o
                0x20000034                aux_min_interval
 *fill*         0x20000036        0x2 
 .data.sleep_mode_uart
                0x20000038        0x4 ./src/repeter.o
                0x20000038                sleep_mode_uart
 .data.gl_sleep_mode_uart_rx
                0x2000003c        0x4 ./src/repeter.o
                0x2000003c                gl_sleep_mode_uart_rx
 .data.impure_data
                0x20000040       0x60 c:/siliconlabs/simplicitystudio/v3/developer/toolchains/gnu_arm/4.8_2013q4/bin/../lib/gcc/arm-none-eabi/4.8.3/../../../../arm-none-eabi/lib/armv7-m\libc_s.a(lib_a-impure.o)
 .data._impure_ptr
                0x200000a0        0x4 c:/siliconlabs/simplicitystudio/v3/developer/toolchains/gnu_arm/4.8_2013q4/bin/../lib/gcc/arm-none-eabi/4.8.3/../../../../arm-none-eabi/lib/armv7-m\libc_s.a(lib_a-impure.o)
                0x200000a0                _impure_ptr
                0x200000a4                . = ALIGN (0x4)
 *(.ram)
                0x200000a4                . = ALIGN (0x4)
                0x200000a4                PROVIDE (__preinit_array_start, .)
 *(.preinit_array)
                0x200000a4                PROVIDE (__preinit_array_end, .)
                0x200000a4                . = ALIGN (0x4)
                0x200000a4                PROVIDE (__init_array_start, .)
 *(SORT(.init_array.*))
 *(.init_array)
 .init_array    0x200000a4        0x4 c:/siliconlabs/simplicitystudio/v3/developer/toolchains/gnu_arm/4.8_2013q4/bin/../lib/gcc/arm-none-eabi/4.8.3/armv7-m/crtbegin.o
                0x200000a8                PROVIDE (__init_array_end, .)
                0x200000a8                . = ALIGN (0x4)
                0x200000a8                PROVIDE (__fini_array_start, .)
 *(SORT(.fini_array.*))
 *(.fini_array)
 .fini_array    0x200000a8        0x4 c:/siliconlabs/simplicitystudio/v3/developer/toolchains/gnu_arm/4.8_2013q4/bin/../lib/gcc/arm-none-eabi/4.8.3/armv7-m/crtbegin.o
                0x200000ac                PROVIDE (__fini_array_end, .)
                0x200000ac                . = ALIGN (0x4)
                0x200000ac                __data_end__ = .

.jcr            0x200000ac        0x0 load address 0x0000669c
 .jcr           0x200000ac        0x0 c:/siliconlabs/simplicitystudio/v3/developer/toolchains/gnu_arm/4.8_2013q4/bin/../lib/gcc/arm-none-eabi/4.8.3/armv7-m/crtbegin.o

.igot.plt       0x200000ac        0x0 load address 0x0000669c
 .igot.plt      0x00000000        0x0 c:/siliconlabs/simplicitystudio/v3/developer/toolchains/gnu_arm/4.8_2013q4/bin/../lib/gcc/arm-none-eabi/4.8.3/armv7-m/crtbegin.o

.bss            0x200000ac      0x2b0 load address 0x0000669c
                0x200000ac                __bss_start__ = .
 *(.bss*)
 .bss           0x200000ac       0x1c c:/siliconlabs/simplicitystudio/v3/developer/toolchains/gnu_arm/4.8_2013q4/bin/../lib/gcc/arm-none-eabi/4.8.3/armv7-m/crtbegin.o
 .bss.gl_aux_data_recived
                0x200000c8        0x1 ./src/aux_data.o
                0x200000c8                gl_aux_data_recived
 *fill*         0x200000c9        0x3 
 .bss.battery_level
                0x200000cc        0x4 ./src/aux_data.o
                0x200000cc                battery_level
 .bss.adc_diff_liste
                0x200000d0        0x4 ./src/aux_data.o
                0x200000d0                adc_diff_liste
 .bss.gl_init_aux_data
                0x200000d4        0x1 ./src/aux_data.o
                0x200000d4                gl_init_aux_data
 .bss.gl_get_aux_data
                0x200000d5        0x1 ./src/aux_data.o
                0x200000d5                gl_get_aux_data
 *fill*         0x200000d6        0x2 
 .bss.dn_mode   0x200000d8        0x4 ./src/dn_fsm.o
                0x200000d8                dn_mode
 .bss.dn_up     0x200000dc        0x1 ./src/dn_fsm.o
                0x200000dc                dn_up
 .bss.gl_socketID
                0x200000dd        0x1 ./src/dn_fsm.o
 *fill*         0x200000de        0x2 
 .bss.cmuStatus
                0x200000e0        0x4 ./emlib/em_emu.o
 .bss.mote_sleep
                0x200000e4        0x1 ./src/config_efm32.o
                0x200000e4                mote_sleep
 .bss.display_on
                0x200000e5        0x1 ./src/lcd.o
                0x200000e5                display_on
 *fill*         0x200000e6        0x2 
 .bss.secs_since_mote_check
                0x200000e8        0x4 ./src/repeter.o
                0x200000e8                secs_since_mote_check
 *(COMMON)
 COMMON         0x200000ec      0x124 ./src/aux_data.o
                0x200000ec                aux_sample
                0x20000100                app_vars
                0x2000020c                gl_num_aux
 COMMON         0x20000210        0x8 ./src/burtc_timer.o
                0x20000210                burtc_delay_complete
                0x20000214                burtc_counter
 COMMON         0x20000218       0x90 ./sm_clib/dn_hdlc.o
                0x20000218                dn_hdlc_vars
 COMMON         0x200002a8       0x98 ./sm_clib/dn_ipmt.o
                0x200002a8                dn_ipmt_vars
 COMMON         0x20000340        0xc ./sm_clib/dn_serial_mt.o
                0x20000340                dn_serial_mt_vars
 COMMON         0x2000034c        0x4 ./CMSIS/efm32gg/system_efm32gg.o
                0x2000034c                SystemCoreClock
 COMMON         0x20000350        0x8 ./src/lcd.o
                0x20000350                total_secs_since_mote_check
                0x20000354                last_secs_since_mote_check
 COMMON         0x20000358        0x4 ./sm_clib/dn_uart.o
                0x20000358                dn_uart_vars
                0x2000035c                __bss_end__ = .

.heap           0x20000360      0xc00
                0x20000360                __end__ = .
                0x20000360                end = __end__
                0x20000360                _end = __end__
 *(.heap*)
 .heap          0x20000360      0xc00 ./CMSIS/efm32gg/startup_gcc_efm32gg.o
                0x20000360                __HeapBase
                0x20000f60                __HeapLimit = .

.stack_dummy    0x20000360      0x400
 *(.stack)
 .stack         0x20000360      0x400 ./CMSIS/efm32gg/startup_gcc_efm32gg.o
                0x20020000                __StackTop = (ORIGIN (RAM) + 0x20000)
                0x2001fc00                __StackLimit = (__StackTop - SIZEOF (.stack_dummy))
                0x20020000                PROVIDE (__stack, __StackTop)
                0x00000001                ASSERT ((__StackLimit >= __HeapLimit), region RAM overflowed with stack)
                0x00000001                ASSERT ((0x100000 >= (__etext + SIZEOF (.data))), FLASH memory overflowed !)
OUTPUT(RMAD repeter - smartmeshIP - hw5 - sw2.axf elf32-littlearm)

.ARM.attributes
                0x00000000       0x29
 .ARM.attributes
                0x00000000       0x1d c:/siliconlabs/simplicitystudio/v3/developer/toolchains/gnu_arm/4.8_2013q4/bin/../lib/gcc/arm-none-eabi/4.8.3/armv7-m/crti.o
 .ARM.attributes
                0x0000001d       0x2d c:/siliconlabs/simplicitystudio/v3/developer/toolchains/gnu_arm/4.8_2013q4/bin/../lib/gcc/arm-none-eabi/4.8.3/armv7-m/crtbegin.o
 .ARM.attributes
                0x0000004a       0x1b c:/siliconlabs/simplicitystudio/v3/developer/toolchains/gnu_arm/4.8_2013q4/bin/../lib/gcc/arm-none-eabi/4.8.3/../../../../arm-none-eabi/lib/armv7-m/crt0.o
 .ARM.attributes
                0x00000065       0x33 ./src/aux_data.o
 .ARM.attributes
                0x00000098       0x33 ./src/burtc_timer.o
 .ARM.attributes
                0x000000cb       0x33 ./src/dn_fsm.o
 .ARM.attributes
                0x000000fe       0x33 ./src/irqs.o
 .ARM.attributes
                0x00000131       0x33 ./sm_clib/dn_hdlc.o
 .ARM.attributes
                0x00000164       0x33 ./sm_clib/dn_ipmt.o
 .ARM.attributes
                0x00000197       0x33 ./sm_clib/dn_serial_mt.o
 .ARM.attributes
                0x000001ca       0x33 ./emlib/em_adc.o
 .ARM.attributes
                0x000001fd       0x33 ./emlib/em_burtc.o
 .ARM.attributes
                0x00000230       0x33 ./emlib/em_cmu.o
 .ARM.attributes
                0x00000263       0x33 ./emlib/em_dac.o
 .ARM.attributes
                0x00000296       0x33 ./emlib/em_dma.o
 .ARM.attributes
                0x000002c9       0x33 ./emlib/em_emu.o
 .ARM.attributes
                0x000002fc       0x33 ./emlib/em_gpio.o
 .ARM.attributes
                0x0000032f       0x33 ./emlib/em_lcd.o
 .ARM.attributes
                0x00000362       0x33 ./emlib/em_rmu.o
 .ARM.attributes
                0x00000395       0x33 ./emlib/em_rtc.o
 .ARM.attributes
                0x000003c8       0x33 ./emlib/em_system.o
 .ARM.attributes
                0x000003fb       0x33 ./emlib/em_usart.o
 .ARM.attributes
                0x0000042e       0x33 ./emlib/em_wdog.o
 .ARM.attributes
                0x00000461       0x33 ./Drivers/retargetio.o
 .ARM.attributes
                0x00000494       0x33 ./Drivers/segmentlcd.o
 .ARM.attributes
                0x000004c7       0x1b ./CMSIS/efm32gg/startup_gcc_efm32gg.o
 .ARM.attributes
                0x000004e2       0x33 ./CMSIS/efm32gg/system_efm32gg.o
 .ARM.attributes
                0x00000515       0x2d c:/siliconlabs/simplicitystudio/v3/developer/toolchains/gnu_arm/4.8_2013q4/bin/../lib/gcc/arm-none-eabi/4.8.3/../../../../arm-none-eabi/lib/armv7-m\libm.a(lib_a-w_pow.o)
 .ARM.attributes
                0x00000542       0x2d c:/siliconlabs/simplicitystudio/v3/developer/toolchains/gnu_arm/4.8_2013q4/bin/../lib/gcc/arm-none-eabi/4.8.3/../../../../arm-none-eabi/lib/armv7-m\libm.a(lib_a-e_pow.o)
 .ARM.attributes
                0x0000056f       0x2d c:/siliconlabs/simplicitystudio/v3/developer/toolchains/gnu_arm/4.8_2013q4/bin/../lib/gcc/arm-none-eabi/4.8.3/../../../../arm-none-eabi/lib/armv7-m\libm.a(lib_a-e_sqrt.o)
 .ARM.attributes
                0x0000059c       0x2d c:/siliconlabs/simplicitystudio/v3/developer/toolchains/gnu_arm/4.8_2013q4/bin/../lib/gcc/arm-none-eabi/4.8.3/../../../../arm-none-eabi/lib/armv7-m\libm.a(lib_a-s_fabs.o)
 .ARM.attributes
                0x000005c9       0x2d c:/siliconlabs/simplicitystudio/v3/developer/toolchains/gnu_arm/4.8_2013q4/bin/../lib/gcc/arm-none-eabi/4.8.3/../../../../arm-none-eabi/lib/armv7-m\libm.a(lib_a-s_finite.o)
 .ARM.attributes
                0x000005f6       0x2d c:/siliconlabs/simplicitystudio/v3/developer/toolchains/gnu_arm/4.8_2013q4/bin/../lib/gcc/arm-none-eabi/4.8.3/../../../../arm-none-eabi/lib/armv7-m\libm.a(lib_a-s_fpclassify.o)
 .ARM.attributes
                0x00000623       0x2d c:/siliconlabs/simplicitystudio/v3/developer/toolchains/gnu_arm/4.8_2013q4/bin/../lib/gcc/arm-none-eabi/4.8.3/../../../../arm-none-eabi/lib/armv7-m\libm.a(lib_a-s_lib_ver.o)
 .ARM.attributes
                0x00000650       0x2d c:/siliconlabs/simplicitystudio/v3/developer/toolchains/gnu_arm/4.8_2013q4/bin/../lib/gcc/arm-none-eabi/4.8.3/../../../../arm-none-eabi/lib/armv7-m\libm.a(lib_a-s_matherr.o)
 .ARM.attributes
                0x0000067d       0x2d c:/siliconlabs/simplicitystudio/v3/developer/toolchains/gnu_arm/4.8_2013q4/bin/../lib/gcc/arm-none-eabi/4.8.3/../../../../arm-none-eabi/lib/armv7-m\libm.a(lib_a-s_nan.o)
 .ARM.attributes
                0x000006aa       0x2d c:/siliconlabs/simplicitystudio/v3/developer/toolchains/gnu_arm/4.8_2013q4/bin/../lib/gcc/arm-none-eabi/4.8.3/../../../../arm-none-eabi/lib/armv7-m\libm.a(lib_a-s_rint.o)
 .ARM.attributes
                0x000006d7       0x2d c:/siliconlabs/simplicitystudio/v3/developer/toolchains/gnu_arm/4.8_2013q4/bin/../lib/gcc/arm-none-eabi/4.8.3/../../../../arm-none-eabi/lib/armv7-m\libm.a(lib_a-s_scalbn.o)
 .ARM.attributes
                0x00000704       0x2d c:/siliconlabs/simplicitystudio/v3/developer/toolchains/gnu_arm/4.8_2013q4/bin/../lib/gcc/arm-none-eabi/4.8.3/../../../../arm-none-eabi/lib/armv7-m\libm.a(lib_a-s_copysign.o)
 .ARM.attributes
                0x00000731       0x33 ./src/config_efm32.o
 .ARM.attributes
                0x00000764       0x33 ./src/lcd.o
 .ARM.attributes
                0x00000797       0x33 ./src/repeter.o
 .ARM.attributes
                0x000007ca       0x33 ./sm_clib/dn_endianness.o
 .ARM.attributes
                0x000007fd       0x33 ./sm_clib/dn_lock.o
 .ARM.attributes
                0x00000830       0x33 ./sm_clib/dn_uart.o
 .ARM.attributes
                0x00000863       0x1d c:/siliconlabs/simplicitystudio/v3/developer/toolchains/gnu_arm/4.8_2013q4/bin/../lib/gcc/arm-none-eabi/4.8.3/armv7-m\libgcc.a(_arm_addsubdf3.o)
 .ARM.attributes
                0x00000880       0x1d c:/siliconlabs/simplicitystudio/v3/developer/toolchains/gnu_arm/4.8_2013q4/bin/../lib/gcc/arm-none-eabi/4.8.3/armv7-m\libgcc.a(_arm_muldivdf3.o)
 .ARM.attributes
                0x0000089d       0x1d c:/siliconlabs/simplicitystudio/v3/developer/toolchains/gnu_arm/4.8_2013q4/bin/../lib/gcc/arm-none-eabi/4.8.3/armv7-m\libgcc.a(_arm_cmpdf2.o)
 .ARM.attributes
                0x000008ba       0x1d c:/siliconlabs/simplicitystudio/v3/developer/toolchains/gnu_arm/4.8_2013q4/bin/../lib/gcc/arm-none-eabi/4.8.3/armv7-m\libgcc.a(_arm_fixunsdfsi.o)
 .ARM.attributes
                0x000008d7       0x1d c:/siliconlabs/simplicitystudio/v3/developer/toolchains/gnu_arm/4.8_2013q4/bin/../lib/gcc/arm-none-eabi/4.8.3/armv7-m\libgcc.a(_arm_addsubsf3.o)
 .ARM.attributes
                0x000008f4       0x1d c:/siliconlabs/simplicitystudio/v3/developer/toolchains/gnu_arm/4.8_2013q4/bin/../lib/gcc/arm-none-eabi/4.8.3/armv7-m\libgcc.a(_arm_muldivsf3.o)
 .ARM.attributes
                0x00000911       0x1d c:/siliconlabs/simplicitystudio/v3/developer/toolchains/gnu_arm/4.8_2013q4/bin/../lib/gcc/arm-none-eabi/4.8.3/armv7-m\libgcc.a(_arm_fixsfsi.o)
 .ARM.attributes
                0x0000092e       0x1d c:/siliconlabs/simplicitystudio/v3/developer/toolchains/gnu_arm/4.8_2013q4/bin/../lib/gcc/arm-none-eabi/4.8.3/armv7-m\libgcc.a(_arm_fixunssfsi.o)
 .ARM.attributes
                0x0000094b       0x2d c:/siliconlabs/simplicitystudio/v3/developer/toolchains/gnu_arm/4.8_2013q4/bin/../lib/gcc/arm-none-eabi/4.8.3/../../../../arm-none-eabi/lib/armv7-m\libc_s.a(lib_a-abs.o)
 .ARM.attributes
                0x00000978       0x2d c:/siliconlabs/simplicitystudio/v3/developer/toolchains/gnu_arm/4.8_2013q4/bin/../lib/gcc/arm-none-eabi/4.8.3/../../../../arm-none-eabi/lib/armv7-m\libc_s.a(lib_a-errno.o)
 .ARM.attributes
                0x000009a5       0x2d c:/siliconlabs/simplicitystudio/v3/developer/toolchains/gnu_arm/4.8_2013q4/bin/../lib/gcc/arm-none-eabi/4.8.3/../../../../arm-none-eabi/lib/armv7-m\libc_s.a(lib_a-exit.o)
 .ARM.attributes
                0x000009d2       0x2d c:/siliconlabs/simplicitystudio/v3/developer/toolchains/gnu_arm/4.8_2013q4/bin/../lib/gcc/arm-none-eabi/4.8.3/../../../../arm-none-eabi/lib/armv7-m\libc_s.a(lib_a-findfp.o)
 .ARM.attributes
                0x000009ff       0x2d c:/siliconlabs/simplicitystudio/v3/developer/toolchains/gnu_arm/4.8_2013q4/bin/../lib/gcc/arm-none-eabi/4.8.3/../../../../arm-none-eabi/lib/armv7-m\libc_s.a(lib_a-impure.o)
 .ARM.attributes
                0x00000a2c       0x2d c:/siliconlabs/simplicitystudio/v3/developer/toolchains/gnu_arm/4.8_2013q4/bin/../lib/gcc/arm-none-eabi/4.8.3/../../../../arm-none-eabi/lib/armv7-m\libc_s.a(lib_a-init.o)
 .ARM.attributes
                0x00000a59       0x2d c:/siliconlabs/simplicitystudio/v3/developer/toolchains/gnu_arm/4.8_2013q4/bin/../lib/gcc/arm-none-eabi/4.8.3/../../../../arm-none-eabi/lib/armv7-m\libc_s.a(lib_a-memcpy-stub.o)
 .ARM.attributes
                0x00000a86       0x2d c:/siliconlabs/simplicitystudio/v3/developer/toolchains/gnu_arm/4.8_2013q4/bin/../lib/gcc/arm-none-eabi/4.8.3/../../../../arm-none-eabi/lib/armv7-m\libc_s.a(lib_a-memset.o)
 .ARM.attributes
                0x00000ab3       0x2d c:/siliconlabs/simplicitystudio/v3/developer/toolchains/gnu_arm/4.8_2013q4/bin/../lib/gcc/arm-none-eabi/4.8.3/../../../../arm-none-eabi/lib/armv7-m\libc_s.a(lib_a-strlen.o)
 .ARM.attributes
                0x00000ae0       0x2d c:/siliconlabs/simplicitystudio/v3/developer/toolchains/gnu_arm/4.8_2013q4/bin/../lib/gcc/arm-none-eabi/4.8.3/armv7-m/crtend.o
 .ARM.attributes
                0x00000b0d       0x1d c:/siliconlabs/simplicitystudio/v3/developer/toolchains/gnu_arm/4.8_2013q4/bin/../lib/gcc/arm-none-eabi/4.8.3/armv7-m/crtn.o

.comment        0x00000000       0x70
 .comment       0x00000000       0x70 ./src/aux_data.o
                                 0x71 (size before relaxing)
 .comment       0x00000000       0x71 ./src/burtc_timer.o
 .comment       0x00000000       0x71 ./src/dn_fsm.o
 .comment       0x00000000       0x71 ./src/irqs.o
 .comment       0x00000000       0x71 ./sm_clib/dn_hdlc.o
 .comment       0x00000000       0x71 ./sm_clib/dn_ipmt.o
 .comment       0x00000000       0x71 ./sm_clib/dn_serial_mt.o
 .comment       0x00000000       0x71 ./emlib/em_adc.o
 .comment       0x00000000       0x71 ./emlib/em_burtc.o
 .comment       0x00000000       0x71 ./emlib/em_cmu.o
 .comment       0x00000000       0x71 ./emlib/em_dac.o
 .comment       0x00000000       0x71 ./emlib/em_dma.o
 .comment       0x00000000       0x71 ./emlib/em_emu.o
 .comment       0x00000000       0x71 ./emlib/em_gpio.o
 .comment       0x00000000       0x71 ./emlib/em_lcd.o
 .comment       0x00000000       0x71 ./emlib/em_rmu.o
 .comment       0x00000000       0x71 ./emlib/em_rtc.o
 .comment       0x00000000       0x71 ./emlib/em_system.o
 .comment       0x00000000       0x71 ./emlib/em_usart.o
 .comment       0x00000000       0x71 ./emlib/em_wdog.o
 .comment       0x00000000       0x71 ./Drivers/retargetio.o
 .comment       0x00000000       0x71 ./Drivers/segmentlcd.o
 .comment       0x00000000       0x71 ./CMSIS/efm32gg/system_efm32gg.o
 .comment       0x00000000       0x71 ./src/config_efm32.o
 .comment       0x00000000       0x71 ./src/lcd.o
 .comment       0x00000000       0x71 ./src/repeter.o
 .comment       0x00000000       0x71 ./sm_clib/dn_endianness.o
 .comment       0x00000000       0x71 ./sm_clib/dn_lock.o
 .comment       0x00000000       0x71 ./sm_clib/dn_uart.o

.debug_info     0x00000000    0x1d79b
 .debug_info    0x00000000      0xc4f ./src/aux_data.o
 .debug_info    0x00000c4f      0xa65 ./src/burtc_timer.o
 .debug_info    0x000016b4     0x1623 ./src/dn_fsm.o
 .debug_info    0x00002cd7      0xdc8 ./src/irqs.o
 .debug_info    0x00003a9f      0x629 ./sm_clib/dn_hdlc.o
 .debug_info    0x000040c8     0x6147 ./sm_clib/dn_ipmt.o
 .debug_info    0x0000a20f      0x74e ./sm_clib/dn_serial_mt.o
 .debug_info    0x0000a95d      0xcbe ./emlib/em_adc.o
 .debug_info    0x0000b61b      0x897 ./emlib/em_burtc.o
 .debug_info    0x0000beb2     0x2c40 ./emlib/em_cmu.o
 .debug_info    0x0000eaf2      0x9c4 ./emlib/em_dac.o
 .debug_info    0x0000f4b6     0x164c ./emlib/em_dma.o
 .debug_info    0x00010b02      0xe91 ./emlib/em_emu.o
 .debug_info    0x00011993      0x7bc ./emlib/em_gpio.o
 .debug_info    0x0001214f      0xe4c ./emlib/em_lcd.o
 .debug_info    0x00012f9b      0x585 ./emlib/em_rmu.o
 .debug_info    0x00013520      0x3f3 ./emlib/em_rtc.o
 .debug_info    0x00013913      0x246 ./emlib/em_system.o
 .debug_info    0x00013b59     0x1361 ./emlib/em_usart.o
 .debug_info    0x00014eba      0x3ad ./emlib/em_wdog.o
 .debug_info    0x00015267      0xefe ./Drivers/retargetio.o
 .debug_info    0x00016165     0x29d9 ./Drivers/segmentlcd.o
 .debug_info    0x00018b3e       0x98 ./CMSIS/efm32gg/startup_gcc_efm32gg.o
 .debug_info    0x00018bd6      0x68c ./CMSIS/efm32gg/system_efm32gg.o
 .debug_info    0x00019262     0x358c ./src/config_efm32.o
 .debug_info    0x0001c7ee      0x599 ./src/lcd.o
 .debug_info    0x0001cd87      0x4d3 ./src/repeter.o
 .debug_info    0x0001d25a      0x184 ./sm_clib/dn_endianness.o
 .debug_info    0x0001d3de       0xaa ./sm_clib/dn_lock.o
 .debug_info    0x0001d488      0x313 ./sm_clib/dn_uart.o

.debug_abbrev   0x00000000     0x48d3
 .debug_abbrev  0x00000000      0x2c0 ./src/aux_data.o
 .debug_abbrev  0x000002c0      0x2db ./src/burtc_timer.o
 .debug_abbrev  0x0000059b      0x47e ./src/dn_fsm.o
 .debug_abbrev  0x00000a19      0x2a8 ./src/irqs.o
 .debug_abbrev  0x00000cc1      0x26a ./sm_clib/dn_hdlc.o
 .debug_abbrev  0x00000f2b      0x369 ./sm_clib/dn_ipmt.o
 .debug_abbrev  0x00001294      0x240 ./sm_clib/dn_serial_mt.o
 .debug_abbrev  0x000014d4      0x2ce ./emlib/em_adc.o
 .debug_abbrev  0x000017a2      0x2ec ./emlib/em_burtc.o
 .debug_abbrev  0x00001a8e      0x44f ./emlib/em_cmu.o
 .debug_abbrev  0x00001edd      0x2ba ./emlib/em_dac.o
 .debug_abbrev  0x00002197      0x34b ./emlib/em_dma.o
 .debug_abbrev  0x000024e2      0x323 ./emlib/em_emu.o
 .debug_abbrev  0x00002805      0x2a7 ./emlib/em_gpio.o
 .debug_abbrev  0x00002aac      0x28f ./emlib/em_lcd.o
 .debug_abbrev  0x00002d3b      0x274 ./emlib/em_rmu.o
 .debug_abbrev  0x00002faf      0x21d ./emlib/em_rtc.o
 .debug_abbrev  0x000031cc       0xef ./emlib/em_system.o
 .debug_abbrev  0x000032bb      0x300 ./emlib/em_usart.o
 .debug_abbrev  0x000035bb      0x154 ./emlib/em_wdog.o
 .debug_abbrev  0x0000370f      0x342 ./Drivers/retargetio.o
 .debug_abbrev  0x00003a51      0x344 ./Drivers/segmentlcd.o
 .debug_abbrev  0x00003d95       0x14 ./CMSIS/efm32gg/startup_gcc_efm32gg.o
 .debug_abbrev  0x00003da9      0x1b5 ./CMSIS/efm32gg/system_efm32gg.o
 .debug_abbrev  0x00003f5e      0x40d ./src/config_efm32.o
 .debug_abbrev  0x0000436b      0x1a5 ./src/lcd.o
 .debug_abbrev  0x00004510      0x1bc ./src/repeter.o
 .debug_abbrev  0x000046cc       0x97 ./sm_clib/dn_endianness.o
 .debug_abbrev  0x00004763       0x45 ./sm_clib/dn_lock.o
 .debug_abbrev  0x000047a8      0x12b ./sm_clib/dn_uart.o

.debug_loc      0x00000000    0x14fe9
 .debug_loc     0x00000000      0x268 ./src/aux_data.o
 .debug_loc     0x00000268      0x242 ./src/burtc_timer.o
 .debug_loc     0x000004aa      0x72e ./src/dn_fsm.o
 .debug_loc     0x00000bd8      0x268 ./src/irqs.o
 .debug_loc     0x00000e40      0x3e9 ./sm_clib/dn_hdlc.o
 .debug_loc     0x00001229     0x6cfb ./sm_clib/dn_ipmt.o
 .debug_loc     0x00007f24      0x83b ./sm_clib/dn_serial_mt.o
 .debug_loc     0x0000875f      0x779 ./emlib/em_adc.o
 .debug_loc     0x00008ed8      0x2aa ./emlib/em_burtc.o
 .debug_loc     0x00009182     0x32e7 ./emlib/em_cmu.o
 .debug_loc     0x0000c469      0x35b ./emlib/em_dac.o
 .debug_loc     0x0000c7c4     0x1253 ./emlib/em_dma.o
 .debug_loc     0x0000da17      0x3d7 ./emlib/em_emu.o
 .debug_loc     0x0000ddee      0x591 ./emlib/em_gpio.o
 .debug_loc     0x0000e37f     0x109d ./emlib/em_lcd.o
 .debug_loc     0x0000f41c      0x3c3 ./emlib/em_rmu.o
 .debug_loc     0x0000f7df       0x9a ./emlib/em_rtc.o
 .debug_loc     0x0000f879       0xa5 ./emlib/em_system.o
 .debug_loc     0x0000f91e      0xe53 ./emlib/em_usart.o
 .debug_loc     0x00010771      0x180 ./emlib/em_wdog.o
 .debug_loc     0x000108f1      0x3c2 ./Drivers/retargetio.o
 .debug_loc     0x00010cb3     0x32f8 ./Drivers/segmentlcd.o
 .debug_loc     0x00013fab      0x36a ./CMSIS/efm32gg/system_efm32gg.o
 .debug_loc     0x00014315      0x51a ./src/config_efm32.o
 .debug_loc     0x0001482f      0x710 ./src/lcd.o
 .debug_loc     0x00014f3f       0x69 ./src/repeter.o
 .debug_loc     0x00014fa8       0x20 ./sm_clib/dn_endianness.o
 .debug_loc     0x00014fc8       0x21 ./sm_clib/dn_uart.o

.debug_aranges  0x00000000      0xd40
 .debug_aranges
                0x00000000       0x38 ./src/aux_data.o
 .debug_aranges
                0x00000038       0x28 ./src/burtc_timer.o
 .debug_aranges
                0x00000060       0xc0 ./src/dn_fsm.o
 .debug_aranges
                0x00000120       0x40 ./src/irqs.o
 .debug_aranges
                0x00000160       0x60 ./sm_clib/dn_hdlc.o
 .debug_aranges
                0x000001c0      0x300 ./sm_clib/dn_ipmt.o
 .debug_aranges
                0x000004c0       0x40 ./sm_clib/dn_serial_mt.o
 .debug_aranges
                0x00000500       0x48 ./emlib/em_adc.o
 .debug_aranges
                0x00000548       0x48 ./emlib/em_burtc.o
 .debug_aranges
                0x00000590       0xe8 ./emlib/em_cmu.o
 .debug_aranges
                0x00000678       0x48 ./emlib/em_dac.o
 .debug_aranges
                0x000006c0       0x98 ./emlib/em_dma.o
 .debug_aranges
                0x00000758       0x70 ./emlib/em_emu.o
 .debug_aranges
                0x000007c8       0x48 ./emlib/em_gpio.o
 .debug_aranges
                0x00000810       0x80 ./emlib/em_lcd.o
 .debug_aranges
                0x00000890       0x30 ./emlib/em_rmu.o
 .debug_aranges
                0x000008c0       0x50 ./emlib/em_rtc.o
 .debug_aranges
                0x00000910       0x28 ./emlib/em_system.o
 .debug_aranges
                0x00000938       0xb8 ./emlib/em_usart.o
 .debug_aranges
                0x000009f0       0x38 ./emlib/em_wdog.o
 .debug_aranges
                0x00000a28       0x68 ./Drivers/retargetio.o
 .debug_aranges
                0x00000a90       0x98 ./Drivers/segmentlcd.o
 .debug_aranges
                0x00000b28       0x20 ./CMSIS/efm32gg/startup_gcc_efm32gg.o
 .debug_aranges
                0x00000b48       0x68 ./CMSIS/efm32gg/system_efm32gg.o
 .debug_aranges
                0x00000bb0       0xa0 ./src/config_efm32.o
 .debug_aranges
                0x00000c50       0x40 ./src/lcd.o
 .debug_aranges
                0x00000c90       0x20 ./src/repeter.o
 .debug_aranges
                0x00000cb0       0x38 ./sm_clib/dn_endianness.o
 .debug_aranges
                0x00000ce8       0x28 ./sm_clib/dn_lock.o
 .debug_aranges
                0x00000d10       0x30 ./sm_clib/dn_uart.o

.debug_ranges   0x00000000     0x2928
 .debug_ranges  0x00000000       0x70 ./src/aux_data.o
 .debug_ranges  0x00000070      0x128 ./src/burtc_timer.o
 .debug_ranges  0x00000198      0x3d8 ./src/dn_fsm.o
 .debug_ranges  0x00000570      0x128 ./src/irqs.o
 .debug_ranges  0x00000698      0x1b0 ./sm_clib/dn_hdlc.o
 .debug_ranges  0x00000848      0x2f0 ./sm_clib/dn_ipmt.o
 .debug_ranges  0x00000b38       0x88 ./sm_clib/dn_serial_mt.o
 .debug_ranges  0x00000bc0       0xc8 ./emlib/em_adc.o
 .debug_ranges  0x00000c88      0x108 ./emlib/em_burtc.o
 .debug_ranges  0x00000d90      0xa58 ./emlib/em_cmu.o
 .debug_ranges  0x000017e8       0x90 ./emlib/em_dac.o
 .debug_ranges  0x00001878      0x1d0 ./emlib/em_dma.o
 .debug_ranges  0x00001a48      0x178 ./emlib/em_emu.o
 .debug_ranges  0x00001bc0       0x68 ./emlib/em_gpio.o
 .debug_ranges  0x00001c28       0xd0 ./emlib/em_lcd.o
 .debug_ranges  0x00001cf8       0xd0 ./emlib/em_rmu.o
 .debug_ranges  0x00001dc8       0x70 ./emlib/em_rtc.o
 .debug_ranges  0x00001e38       0x18 ./emlib/em_system.o
 .debug_ranges  0x00001e50      0x2a8 ./emlib/em_usart.o
 .debug_ranges  0x000020f8       0x28 ./emlib/em_wdog.o
 .debug_ranges  0x00002120       0x58 ./Drivers/retargetio.o
 .debug_ranges  0x00002178      0x1c8 ./Drivers/segmentlcd.o
 .debug_ranges  0x00002340      0x190 ./CMSIS/efm32gg/system_efm32gg.o
 .debug_ranges  0x000024d0      0x388 ./src/config_efm32.o
 .debug_ranges  0x00002858       0x48 ./src/lcd.o
 .debug_ranges  0x000028a0       0x28 ./src/repeter.o
 .debug_ranges  0x000028c8       0x28 ./sm_clib/dn_endianness.o
 .debug_ranges  0x000028f0       0x18 ./sm_clib/dn_lock.o
 .debug_ranges  0x00002908       0x20 ./sm_clib/dn_uart.o

.debug_line     0x00000000     0x9a43
 .debug_line    0x00000000      0x388 ./src/aux_data.o
 .debug_line    0x00000388      0x338 ./src/burtc_timer.o
 .debug_line    0x000006c0      0x79b ./src/dn_fsm.o
 .debug_line    0x00000e5b      0x446 ./src/irqs.o
 .debug_line    0x000012a1      0x520 ./sm_clib/dn_hdlc.o
 .debug_line    0x000017c1     0x161c ./sm_clib/dn_ipmt.o
 .debug_line    0x00002ddd      0x440 ./sm_clib/dn_serial_mt.o
 .debug_line    0x0000321d      0x390 ./emlib/em_adc.o
 .debug_line    0x000035ad      0x305 ./emlib/em_burtc.o
 .debug_line    0x000038b2      0xdfd ./emlib/em_cmu.o
 .debug_line    0x000046af      0x2cf ./emlib/em_dac.o
 .debug_line    0x0000497e      0x62a ./emlib/em_dma.o
 .debug_line    0x00004fa8      0x4db ./emlib/em_emu.o
 .debug_line    0x00005483      0x2ef ./emlib/em_gpio.o
 .debug_line    0x00005772      0x488 ./emlib/em_lcd.o
 .debug_line    0x00005bfa      0x2d8 ./emlib/em_rmu.o
 .debug_line    0x00005ed2      0x272 ./emlib/em_rtc.o
 .debug_line    0x00006144      0x21a ./emlib/em_system.o
 .debug_line    0x0000635e      0x6c8 ./emlib/em_usart.o
 .debug_line    0x00006a26      0x256 ./emlib/em_wdog.o
 .debug_line    0x00006c7c      0x36a ./Drivers/retargetio.o
 .debug_line    0x00006fe6      0x93a ./Drivers/segmentlcd.o
 .debug_line    0x00007920       0x9f ./CMSIS/efm32gg/startup_gcc_efm32gg.o
 .debug_line    0x000079bf      0x373 ./CMSIS/efm32gg/system_efm32gg.o
 .debug_line    0x00007d32      0x7ec ./src/config_efm32.o
 .debug_line    0x0000851e      0x2ae ./src/lcd.o
 .debug_line    0x000087cc      0x2ad ./src/repeter.o
 .debug_line    0x00008a79      0x3a3 ./sm_clib/dn_endianness.o
 .debug_line    0x00008e1c      0x366 ./sm_clib/dn_lock.o
 .debug_line    0x00009182      0x8c1 ./sm_clib/dn_uart.o

.debug_str      0x00000000    0xdd887
 .debug_str     0x00000000      0x7e5 ./src/aux_data.o
                                0x941 (size before relaxing)
 .debug_str     0x000007e5      0x24a ./src/burtc_timer.o
                                0x4c5 (size before relaxing)
 .debug_str     0x00000a2f      0x6b6 ./src/dn_fsm.o
                                0xa15 (size before relaxing)
 .debug_str     0x000010e5      0x1f3 ./src/irqs.o
                                0x843 (size before relaxing)
 .debug_str     0x000012d8     0x6143 ./sm_clib/dn_hdlc.o
                               0x6383 (size before relaxing)
 .debug_str     0x0000741b     0x3d83 ./sm_clib/dn_ipmt.o
                               0xa17a (size before relaxing)
 .debug_str     0x0000b19e       0xe7 ./sm_clib/dn_serial_mt.o
                               0x6487 (size before relaxing)
 .debug_str     0x0000b285      0x6ce ./emlib/em_adc.o
                                0xbc9 (size before relaxing)
 .debug_str     0x0000b953      0x215 ./emlib/em_burtc.o
                                0x4d9 (size before relaxing)
 .debug_str     0x0000bb68      0xafc ./emlib/em_cmu.o
                               0x10ba (size before relaxing)
 .debug_str     0x0000c664      0x2e0 ./emlib/em_dac.o
                                0x8a7 (size before relaxing)
 .debug_str     0x0000c944      0x87a ./emlib/em_dma.o
                                0xd67 (size before relaxing)
 .debug_str     0x0000d1be      0x38d ./emlib/em_emu.o
                                0x834 (size before relaxing)
 .debug_str     0x0000d54b      0x12a ./emlib/em_gpio.o
                                0x5d1 (size before relaxing)
 .debug_str     0x0000d675      0x68f ./emlib/em_lcd.o
                                0x8ca (size before relaxing)
 .debug_str     0x0000dd04      0x13b ./emlib/em_rmu.o
                                0x3d9 (size before relaxing)
 .debug_str     0x0000de3f       0x23 ./emlib/em_rtc.o
                                0x2b7 (size before relaxing)
 .debug_str     0x0000de62       0xaa ./emlib/em_system.o
                                0x2a3 (size before relaxing)
 .debug_str     0x0000df0c      0x8c9 ./emlib/em_usart.o
                                0xdf3 (size before relaxing)
 .debug_str     0x0000e7d5      0x1d2 ./emlib/em_wdog.o
                                0x3e1 (size before relaxing)
 .debug_str     0x0000e9a7      0x53e ./Drivers/retargetio.o
                                0x78e (size before relaxing)
 .debug_str     0x0000eee5      0x42e ./Drivers/segmentlcd.o
                                0xecf (size before relaxing)
 .debug_str     0x0000f313       0x83 ./CMSIS/efm32gg/system_efm32gg.o
                                0x480 (size before relaxing)
 .debug_str     0x0000f396      0x69b ./src/config_efm32.o
                               0x24d0 (size before relaxing)
 .debug_str     0x0000fa31       0xd7 ./src/lcd.o
                                0x469 (size before relaxing)
 .debug_str     0x0000fb08       0x50 ./src/repeter.o
                                0x456 (size before relaxing)
 .debug_str     0x0000fb58       0x20 ./sm_clib/dn_endianness.o
                               0x615d (size before relaxing)
 .debug_str     0x0000fb78       0x15 ./sm_clib/dn_lock.o
                               0x60fe (size before relaxing)
 .debug_str     0x0000fb8d    0xcdcfa ./sm_clib/dn_uart.o
                              0xd4365 (size before relaxing)

.debug_frame    0x00000000     0x2630
 .debug_frame   0x00000000       0x84 ./src/aux_data.o
 .debug_frame   0x00000084       0x3c ./src/burtc_timer.o
 .debug_frame   0x000000c0      0x218 ./src/dn_fsm.o
 .debug_frame   0x000002d8       0x88 ./src/irqs.o
 .debug_frame   0x00000360       0xd8 ./sm_clib/dn_hdlc.o
 .debug_frame   0x00000438      0xb2c ./sm_clib/dn_ipmt.o
 .debug_frame   0x00000f64       0xac ./sm_clib/dn_serial_mt.o
 .debug_frame   0x00001010       0xb4 ./emlib/em_adc.o
 .debug_frame   0x000010c4       0x84 ./emlib/em_burtc.o
 .debug_frame   0x00001148      0x224 ./emlib/em_cmu.o
 .debug_frame   0x0000136c       0x90 ./emlib/em_dac.o
 .debug_frame   0x000013fc      0x1b4 ./emlib/em_dma.o
 .debug_frame   0x000015b0       0xf4 ./emlib/em_emu.o
 .debug_frame   0x000016a4       0x90 ./emlib/em_gpio.o
 .debug_frame   0x00001734       0xfc ./emlib/em_lcd.o
 .debug_frame   0x00001830       0x48 ./emlib/em_rmu.o
 .debug_frame   0x00001878       0x80 ./emlib/em_rtc.o
 .debug_frame   0x000018f8       0x30 ./emlib/em_system.o
 .debug_frame   0x00001928      0x1d8 ./emlib/em_usart.o
 .debug_frame   0x00001b00       0x50 ./emlib/em_wdog.o
 .debug_frame   0x00001b50       0xd4 ./Drivers/retargetio.o
 .debug_frame   0x00001c24      0x1c4 ./Drivers/segmentlcd.o
 .debug_frame   0x00001de8       0xb0 ./CMSIS/efm32gg/system_efm32gg.o
 .debug_frame   0x00001e98       0x38 c:/siliconlabs/simplicitystudio/v3/developer/toolchains/gnu_arm/4.8_2013q4/bin/../lib/gcc/arm-none-eabi/4.8.3/../../../../arm-none-eabi/lib/armv7-m\libm.a(lib_a-w_pow.o)
 .debug_frame   0x00001ed0       0x38 c:/siliconlabs/simplicitystudio/v3/developer/toolchains/gnu_arm/4.8_2013q4/bin/../lib/gcc/arm-none-eabi/4.8.3/../../../../arm-none-eabi/lib/armv7-m\libm.a(lib_a-e_pow.o)
 .debug_frame   0x00001f08       0x34 c:/siliconlabs/simplicitystudio/v3/developer/toolchains/gnu_arm/4.8_2013q4/bin/../lib/gcc/arm-none-eabi/4.8.3/../../../../arm-none-eabi/lib/armv7-m\libm.a(lib_a-e_sqrt.o)
 .debug_frame   0x00001f3c       0x20 c:/siliconlabs/simplicitystudio/v3/developer/toolchains/gnu_arm/4.8_2013q4/bin/../lib/gcc/arm-none-eabi/4.8.3/../../../../arm-none-eabi/lib/armv7-m\libm.a(lib_a-s_fabs.o)
 .debug_frame   0x00001f5c       0x20 c:/siliconlabs/simplicitystudio/v3/developer/toolchains/gnu_arm/4.8_2013q4/bin/../lib/gcc/arm-none-eabi/4.8.3/../../../../arm-none-eabi/lib/armv7-m\libm.a(lib_a-s_finite.o)
 .debug_frame   0x00001f7c       0x28 c:/siliconlabs/simplicitystudio/v3/developer/toolchains/gnu_arm/4.8_2013q4/bin/../lib/gcc/arm-none-eabi/4.8.3/../../../../arm-none-eabi/lib/armv7-m\libm.a(lib_a-s_fpclassify.o)
 .debug_frame   0x00001fa4       0x20 c:/siliconlabs/simplicitystudio/v3/developer/toolchains/gnu_arm/4.8_2013q4/bin/../lib/gcc/arm-none-eabi/4.8.3/../../../../arm-none-eabi/lib/armv7-m\libm.a(lib_a-s_matherr.o)
 .debug_frame   0x00001fc4       0x20 c:/siliconlabs/simplicitystudio/v3/developer/toolchains/gnu_arm/4.8_2013q4/bin/../lib/gcc/arm-none-eabi/4.8.3/../../../../arm-none-eabi/lib/armv7-m\libm.a(lib_a-s_nan.o)
 .debug_frame   0x00001fe4       0x34 c:/siliconlabs/simplicitystudio/v3/developer/toolchains/gnu_arm/4.8_2013q4/bin/../lib/gcc/arm-none-eabi/4.8.3/../../../../arm-none-eabi/lib/armv7-m\libm.a(lib_a-s_rint.o)
 .debug_frame   0x00002018       0x30 c:/siliconlabs/simplicitystudio/v3/developer/toolchains/gnu_arm/4.8_2013q4/bin/../lib/gcc/arm-none-eabi/4.8.3/../../../../arm-none-eabi/lib/armv7-m\libm.a(lib_a-s_scalbn.o)
 .debug_frame   0x00002048       0x28 c:/siliconlabs/simplicitystudio/v3/developer/toolchains/gnu_arm/4.8_2013q4/bin/../lib/gcc/arm-none-eabi/4.8.3/../../../../arm-none-eabi/lib/armv7-m\libm.a(lib_a-s_copysign.o)
 .debug_frame   0x00002070      0x200 ./src/config_efm32.o
 .debug_frame   0x00002270       0x98 ./src/lcd.o
 .debug_frame   0x00002308       0x38 ./src/repeter.o
 .debug_frame   0x00002340       0x58 ./sm_clib/dn_endianness.o
 .debug_frame   0x00002398       0x30 ./sm_clib/dn_lock.o
 .debug_frame   0x000023c8       0x40 ./sm_clib/dn_uart.o
 .debug_frame   0x00002408       0x20 c:/siliconlabs/simplicitystudio/v3/developer/toolchains/gnu_arm/4.8_2013q4/bin/../lib/gcc/arm-none-eabi/4.8.3/../../../../arm-none-eabi/lib/armv7-m\libc_s.a(lib_a-abs.o)
 .debug_frame   0x00002428       0x20 c:/siliconlabs/simplicitystudio/v3/developer/toolchains/gnu_arm/4.8_2013q4/bin/../lib/gcc/arm-none-eabi/4.8.3/../../../../arm-none-eabi/lib/armv7-m\libc_s.a(lib_a-errno.o)
 .debug_frame   0x00002448       0x28 c:/siliconlabs/simplicitystudio/v3/developer/toolchains/gnu_arm/4.8_2013q4/bin/../lib/gcc/arm-none-eabi/4.8.3/../../../../arm-none-eabi/lib/armv7-m\libc_s.a(lib_a-exit.o)
 .debug_frame   0x00002470      0x12c c:/siliconlabs/simplicitystudio/v3/developer/toolchains/gnu_arm/4.8_2013q4/bin/../lib/gcc/arm-none-eabi/4.8.3/../../../../arm-none-eabi/lib/armv7-m\libc_s.a(lib_a-findfp.o)
 .debug_frame   0x0000259c       0x2c c:/siliconlabs/simplicitystudio/v3/developer/toolchains/gnu_arm/4.8_2013q4/bin/../lib/gcc/arm-none-eabi/4.8.3/../../../../arm-none-eabi/lib/armv7-m\libc_s.a(lib_a-init.o)
 .debug_frame   0x000025c8       0x28 c:/siliconlabs/simplicitystudio/v3/developer/toolchains/gnu_arm/4.8_2013q4/bin/../lib/gcc/arm-none-eabi/4.8.3/../../../../arm-none-eabi/lib/armv7-m\libc_s.a(lib_a-memcpy-stub.o)
 .debug_frame   0x000025f0       0x20 c:/siliconlabs/simplicitystudio/v3/developer/toolchains/gnu_arm/4.8_2013q4/bin/../lib/gcc/arm-none-eabi/4.8.3/../../../../arm-none-eabi/lib/armv7-m\libc_s.a(lib_a-memset.o)
 .debug_frame   0x00002610       0x20 c:/siliconlabs/simplicitystudio/v3/developer/toolchains/gnu_arm/4.8_2013q4/bin/../lib/gcc/arm-none-eabi/4.8.3/../../../../arm-none-eabi/lib/armv7-m\libc_s.a(lib_a-strlen.o)

.debug_macro    0x00000000    0x23a18
 .debug_macro   0x00000000      0x13d ./sm_clib/dn_hdlc.o
 .debug_macro   0x0000013d      0x856 ./sm_clib/dn_hdlc.o
 .debug_macro   0x00000993       0x16 ./sm_clib/dn_hdlc.o
 .debug_macro   0x000009a9       0x52 ./sm_clib/dn_hdlc.o
 .debug_macro   0x000009fb       0x35 ./sm_clib/dn_hdlc.o
 .debug_macro   0x00000a30       0xa3 ./sm_clib/dn_hdlc.o
 .debug_macro   0x00000ad3      0x20e ./sm_clib/dn_hdlc.o
 .debug_macro   0x00000ce1       0x82 ./sm_clib/dn_hdlc.o
 .debug_macro   0x00000d63      0x452 ./sm_clib/dn_hdlc.o
 .debug_macro   0x000011b5       0x22 ./sm_clib/dn_hdlc.o
 .debug_macro   0x000011d7       0xf6 ./sm_clib/dn_hdlc.o
 .debug_macro   0x000012cd       0x3a ./sm_clib/dn_hdlc.o
 .debug_macro   0x00001307       0x52 ./sm_clib/dn_hdlc.o
 .debug_macro   0x00001359       0x16 ./sm_clib/dn_hdlc.o
 .debug_macro   0x0000136f       0x43 ./sm_clib/dn_hdlc.o
 .debug_macro   0x000013b2      0x180 ./sm_clib/dn_hdlc.o
 .debug_macro   0x00001532      0x2a6 ./sm_clib/dn_hdlc.o
 .debug_macro   0x000017d8       0x10 ./sm_clib/dn_hdlc.o
 .debug_macro   0x000017e8       0x35 ./sm_clib/dn_hdlc.o
 .debug_macro   0x0000181d       0x10 ./sm_clib/dn_hdlc.o
 .debug_macro   0x0000182d       0x2e ./sm_clib/dn_hdlc.o
 .debug_macro   0x0000185b      0x154 ./sm_clib/dn_ipmt.o
 .debug_macro   0x000019af      0x7b4 ./sm_clib/dn_ipmt.o
 .debug_macro   0x00002163       0x28 ./sm_clib/dn_ipmt.o
 .debug_macro   0x0000218b      0x132 ./sm_clib/dn_serial_mt.o
 .debug_macro   0x000022bd       0x22 ./sm_clib/dn_serial_mt.o
 .debug_macro   0x000022df      0x124 ./sm_clib/dn_endianness.o
 .debug_macro   0x00002403      0x124 ./sm_clib/dn_lock.o
 .debug_macro   0x00002527      0x357 ./sm_clib/dn_uart.o
 .debug_macro   0x0000287e      0x375 ./sm_clib/dn_uart.o
 .debug_macro   0x00002bf3       0x3a ./sm_clib/dn_uart.o
 .debug_macro   0x00002c2d       0x34 ./sm_clib/dn_uart.o
 .debug_macro   0x00002c61      0xca6 ./sm_clib/dn_uart.o
 .debug_macro   0x00003907     0x2865 ./sm_clib/dn_uart.o
 .debug_macro   0x0000616c      0x39c ./sm_clib/dn_uart.o
 .debug_macro   0x00006508     0x3f12 ./sm_clib/dn_uart.o
 .debug_macro   0x0000a41a      0x9a0 ./sm_clib/dn_uart.o
 .debug_macro   0x0000adba      0x6e7 ./sm_clib/dn_uart.o
 .debug_macro   0x0000b4a1      0x27f ./sm_clib/dn_uart.o
 .debug_macro   0x0000b720     0x1e33 ./sm_clib/dn_uart.o
 .debug_macro   0x0000d553     0x30c7 ./sm_clib/dn_uart.o
 .debug_macro   0x0001061a      0x37d ./sm_clib/dn_uart.o
 .debug_macro   0x00010997      0x851 ./sm_clib/dn_uart.o
 .debug_macro   0x000111e8     0x230b ./sm_clib/dn_uart.o
 .debug_macro   0x000134f3     0x1bf2 ./sm_clib/dn_uart.o
 .debug_macro   0x000150e5     0x1705 ./sm_clib/dn_uart.o
 .debug_macro   0x000167ea      0x6d4 ./sm_clib/dn_uart.o
 .debug_macro   0x00016ebe     0x1066 ./sm_clib/dn_uart.o
 .debug_macro   0x00017f24     0x1d7f ./sm_clib/dn_uart.o
 .debug_macro   0x00019ca3      0x33a ./sm_clib/dn_uart.o
 .debug_macro   0x00019fdd      0xa62 ./sm_clib/dn_uart.o
 .debug_macro   0x0001aa3f      0xfdc ./sm_clib/dn_uart.o
 .debug_macro   0x0001ba1b      0x890 ./sm_clib/dn_uart.o
 .debug_macro   0x0001c2ab      0xf81 ./sm_clib/dn_uart.o
 .debug_macro   0x0001d22c     0x12a1 ./sm_clib/dn_uart.o
 .debug_macro   0x0001e4cd      0xc46 ./sm_clib/dn_uart.o
 .debug_macro   0x0001f113      0x749 ./sm_clib/dn_uart.o
 .debug_macro   0x0001f85c      0x1c5 ./sm_clib/dn_uart.o
 .debug_macro   0x0001fa21     0x103d ./sm_clib/dn_uart.o
 .debug_macro   0x00020a5e      0x27c ./sm_clib/dn_uart.o
 .debug_macro   0x00020cda       0x40 ./sm_clib/dn_uart.o
 .debug_macro   0x00020d1a      0x250 ./sm_clib/dn_uart.o
 .debug_macro   0x00020f6a      0x1f0 ./sm_clib/dn_uart.o
 .debug_macro   0x0002115a      0x166 ./sm_clib/dn_uart.o
 .debug_macro   0x000212c0      0x24d ./sm_clib/dn_uart.o
 .debug_macro   0x0002150d     0x1bd2 ./sm_clib/dn_uart.o
 .debug_macro   0x000230df       0x2e ./sm_clib/dn_uart.o
 .debug_macro   0x0002310d      0x423 ./sm_clib/dn_uart.o
 .debug_macro   0x00023530      0x423 ./sm_clib/dn_uart.o
 .debug_macro   0x00023953       0x27 ./sm_clib/dn_uart.o
 .debug_macro   0x0002397a       0x10 ./sm_clib/dn_uart.o
 .debug_macro   0x0002398a       0x7d ./sm_clib/dn_uart.o
 .debug_macro   0x00023a07       0x11 ./sm_clib/dn_uart.o
