Archive member included because of file (symbol)

c:/siliconlabs/simplicitystudio/v3/developer/toolchains/gnu_arm/4.8_2013q4/bin/../lib/gcc/arm-none-eabi/4.8.3/../../../../arm-none-eabi/lib/armv7-m\libm.a(lib_a-w_pow.o)
                              ./src/aux_data.o (pow)
c:/siliconlabs/simplicitystudio/v3/developer/toolchains/gnu_arm/4.8_2013q4/bin/../lib/gcc/arm-none-eabi/4.8.3/../../../../arm-none-eabi/lib/armv7-m\libm.a(lib_a-e_pow.o)
                              c:/siliconlabs/simplicitystudio/v3/developer/toolchains/gnu_arm/4.8_2013q4/bin/../lib/gcc/arm-none-eabi/4.8.3/../../../../arm-none-eabi/lib/armv7-m\libm.a(lib_a-w_pow.o) (__ieee754_pow)
c:/siliconlabs/simplicitystudio/v3/developer/toolchains/gnu_arm/4.8_2013q4/bin/../lib/gcc/arm-none-eabi/4.8.3/../../../../arm-none-eabi/lib/armv7-m\libm.a(lib_a-e_sqrt.o)
                              c:/siliconlabs/simplicitystudio/v3/developer/toolchains/gnu_arm/4.8_2013q4/bin/../lib/gcc/arm-none-eabi/4.8.3/../../../../arm-none-eabi/lib/armv7-m\libm.a(lib_a-e_pow.o) (__ieee754_sqrt)
c:/siliconlabs/simplicitystudio/v3/developer/toolchains/gnu_arm/4.8_2013q4/bin/../lib/gcc/arm-none-eabi/4.8.3/../../../../arm-none-eabi/lib/armv7-m\libm.a(lib_a-s_fabs.o)
                              c:/siliconlabs/simplicitystudio/v3/developer/toolchains/gnu_arm/4.8_2013q4/bin/../lib/gcc/arm-none-eabi/4.8.3/../../../../arm-none-eabi/lib/armv7-m\libm.a(lib_a-e_pow.o) (fabs)
c:/siliconlabs/simplicitystudio/v3/developer/toolchains/gnu_arm/4.8_2013q4/bin/../lib/gcc/arm-none-eabi/4.8.3/../../../../arm-none-eabi/lib/armv7-m\libm.a(lib_a-s_finite.o)
                              c:/siliconlabs/simplicitystudio/v3/developer/toolchains/gnu_arm/4.8_2013q4/bin/../lib/gcc/arm-none-eabi/4.8.3/../../../../arm-none-eabi/lib/armv7-m\libm.a(lib_a-w_pow.o) (finite)
c:/siliconlabs/simplicitystudio/v3/developer/toolchains/gnu_arm/4.8_2013q4/bin/../lib/gcc/arm-none-eabi/4.8.3/../../../../arm-none-eabi/lib/armv7-m\libm.a(lib_a-s_fpclassify.o)
                              c:/siliconlabs/simplicitystudio/v3/developer/toolchains/gnu_arm/4.8_2013q4/bin/../lib/gcc/arm-none-eabi/4.8.3/../../../../arm-none-eabi/lib/armv7-m\libm.a(lib_a-w_pow.o) (__fpclassifyd)
c:/siliconlabs/simplicitystudio/v3/developer/toolchains/gnu_arm/4.8_2013q4/bin/../lib/gcc/arm-none-eabi/4.8.3/../../../../arm-none-eabi/lib/armv7-m\libm.a(lib_a-s_lib_ver.o)
                              c:/siliconlabs/simplicitystudio/v3/developer/toolchains/gnu_arm/4.8_2013q4/bin/../lib/gcc/arm-none-eabi/4.8.3/../../../../arm-none-eabi/lib/armv7-m\libm.a(lib_a-w_pow.o) (__fdlib_version)
c:/siliconlabs/simplicitystudio/v3/developer/toolchains/gnu_arm/4.8_2013q4/bin/../lib/gcc/arm-none-eabi/4.8.3/../../../../arm-none-eabi/lib/armv7-m\libm.a(lib_a-s_matherr.o)
                              c:/siliconlabs/simplicitystudio/v3/developer/toolchains/gnu_arm/4.8_2013q4/bin/../lib/gcc/arm-none-eabi/4.8.3/../../../../arm-none-eabi/lib/armv7-m\libm.a(lib_a-w_pow.o) (matherr)
c:/siliconlabs/simplicitystudio/v3/developer/toolchains/gnu_arm/4.8_2013q4/bin/../lib/gcc/arm-none-eabi/4.8.3/../../../../arm-none-eabi/lib/armv7-m\libm.a(lib_a-s_nan.o)
                              c:/siliconlabs/simplicitystudio/v3/developer/toolchains/gnu_arm/4.8_2013q4/bin/../lib/gcc/arm-none-eabi/4.8.3/../../../../arm-none-eabi/lib/armv7-m\libm.a(lib_a-e_pow.o) (nan)
c:/siliconlabs/simplicitystudio/v3/developer/toolchains/gnu_arm/4.8_2013q4/bin/../lib/gcc/arm-none-eabi/4.8.3/../../../../arm-none-eabi/lib/armv7-m\libm.a(lib_a-s_rint.o)
                              c:/siliconlabs/simplicitystudio/v3/developer/toolchains/gnu_arm/4.8_2013q4/bin/../lib/gcc/arm-none-eabi/4.8.3/../../../../arm-none-eabi/lib/armv7-m\libm.a(lib_a-w_pow.o) (rint)
c:/siliconlabs/simplicitystudio/v3/developer/toolchains/gnu_arm/4.8_2013q4/bin/../lib/gcc/arm-none-eabi/4.8.3/../../../../arm-none-eabi/lib/armv7-m\libm.a(lib_a-s_scalbn.o)
                              c:/siliconlabs/simplicitystudio/v3/developer/toolchains/gnu_arm/4.8_2013q4/bin/../lib/gcc/arm-none-eabi/4.8.3/../../../../arm-none-eabi/lib/armv7-m\libm.a(lib_a-e_pow.o) (scalbn)
c:/siliconlabs/simplicitystudio/v3/developer/toolchains/gnu_arm/4.8_2013q4/bin/../lib/gcc/arm-none-eabi/4.8.3/../../../../arm-none-eabi/lib/armv7-m\libm.a(lib_a-s_copysign.o)
                              c:/siliconlabs/simplicitystudio/v3/developer/toolchains/gnu_arm/4.8_2013q4/bin/../lib/gcc/arm-none-eabi/4.8.3/../../../../arm-none-eabi/lib/armv7-m\libm.a(lib_a-s_scalbn.o) (copysign)
c:/siliconlabs/simplicitystudio/v3/developer/toolchains/gnu_arm/4.8_2013q4/bin/../lib/gcc/arm-none-eabi/4.8.3/armv7-m\libgcc.a(_arm_addsubdf3.o)
                              c:/siliconlabs/simplicitystudio/v3/developer/toolchains/gnu_arm/4.8_2013q4/bin/../lib/gcc/arm-none-eabi/4.8.3/../../../../arm-none-eabi/lib/armv7-m\libm.a(lib_a-e_pow.o) (__aeabi_dsub)
[...]
Memory Configuration

Name             Origin             Length             Attributes
FLASH            0x00000000         0x00100000         xr
RAM              0x20000000         0x00020000         xrw
*default*        0x00000000         0xffffffff

Linker script and memory map

LOAD c:/siliconlabs/simplicitystudio/v3/developer/toolchains/gnu_arm/4.8_2013q4/bin/../lib/gcc/arm-none-eabi/4.8.3/armv7-m/crti.o
LOAD c:/siliconlabs/simplicitystudio/v3/developer/toolchains/gnu_arm/4.8_2013q4/bin/../lib/gcc/arm-none-eabi/4.8.3/armv7-m/crtbegin.o
LOAD c:/siliconlabs/simplicitystudio/v3/developer/toolchains/gnu_arm/4.8_2013q4/bin/../lib/gcc/arm-none-eabi/4.8.3/../../../../arm-none-eabi/lib/armv7-m/crt0.o
LOAD ./emlib/em_acmp.o
LOAD ./emlib/em_adc.o
LOAD ./emlib/em_assert.o
LOAD ./emlib/em_cmu.o
LOAD ./emlib/em_emu.o
LOAD ./emlib/em_gpio.o
LOAD ./emlib/em_lcd.o
LOAD ./emlib/em_rtc.o
LOAD ./emlib/em_system.o
LOAD ./Drivers/segmentlcd.o
LOAD ./CMSIS/efm32gg/startup_gcc_efm32gg.o
LOAD ./CMSIS/efm32gg/system_efm32gg.o
LOAD ./BSP/bsp_trace.o
LOAD ./src/aux_data.o
LOAD ./src/burtc_timer.o
LOAD ./src/config_efm32.o
LOAD ./src/dn_fsm.o
LOAD ./src/irqs.o
LOAD ./src/lcd.o
LOAD ./src/repeter.o
LOAD ./sm_clib/dn_endianness.o
LOAD ./sm_clib/dn_hdlc.o
LOAD ./sm_clib/dn_ipmg.o
LOAD ./sm_clib/dn_ipmt.o
LOAD ./sm_clib/dn_lock.o
LOAD ./sm_clib/dn_serial_mg.o
LOAD ./sm_clib/dn_serial_mt.o
LOAD ./sm_clib/dn_uart.o
LOAD ./sm_clib/dn_whmt.o
LOAD ./emlib/em_aes.o
LOAD ./emlib/em_burtc.o
LOAD ./emlib/em_cryotimer.o
LOAD ./emlib/em_crypto.o
LOAD ./emlib/em_dac.o
LOAD ./emlib/em_dbg.o
LOAD ./emlib/em_dma.o
LOAD ./emlib/em_ebi.o
LOAD ./emlib/em_gpcrc.o
LOAD ./emlib/em_i2c.o
LOAD ./emlib/em_idac.o
LOAD ./emlib/em_int.o
LOAD ./emlib/em_ldma.o
LOAD ./emlib/em_lesense.o
LOAD ./emlib/em_letimer.o
LOAD ./emlib/em_leuart.o
LOAD ./emlib/em_mpu.o
LOAD ./emlib/em_msc.o
LOAD ./emlib/em_opamp.o
LOAD ./emlib/em_pcnt.o
LOAD ./emlib/em_prs.o
LOAD ./emlib/em_rmu.o
LOAD ./emlib/em_rtcc.o
LOAD ./emlib/em_timer.o
LOAD ./emlib/em_usart.o
LOAD ./emlib/em_vcmp.o
LOAD ./emlib/em_wdog.o
LOAD ./Drivers/dmactrl.o
LOAD ./Drivers/nandflash.o
LOAD ./Drivers/norflash.o
LOAD ./Drivers/retargetio.o
LOAD ./BSP/bsp_bcc.o
LOAD ./BSP/bsp_stk.o
LOAD c:/siliconlabs/simplicitystudio/v3/developer/toolchains/gnu_arm/4.8_2013q4/bin/../lib/gcc/arm-none-eabi/4.8.3/../../../../arm-none-eabi/lib/armv7-m\libm.a
START GROUP
LOAD c:/siliconlabs/simplicitystudio/v3/developer/toolchains/gnu_arm/4.8_2013q4/bin/../lib/gcc/arm-none-eabi/4.8.3/armv7-m\libgcc.a
LOAD c:/siliconlabs/simplicitystudio/v3/developer/toolchains/gnu_arm/4.8_2013q4/bin/../lib/gcc/arm-none-eabi/4.8.3/../../../../arm-none-eabi/lib/armv7-m\libc_s.a
LOAD c:/siliconlabs/simplicitystudio/v3/developer/toolchains/gnu_arm/4.8_2013q4/bin/../lib/gcc/arm-none-eabi/4.8.3/../../../../arm-none-eabi/lib/armv7-m\libnosys.a
END GROUP
START GROUP
LOAD c:/siliconlabs/simplicitystudio/v3/developer/toolchains/gnu_arm/4.8_2013q4/bin/../lib/gcc/arm-none-eabi/4.8.3/armv7-m\libgcc.a
LOAD c:/siliconlabs/simplicitystudio/v3/developer/toolchains/gnu_arm/4.8_2013q4/bin/../lib/gcc/arm-none-eabi/4.8.3/../../../../arm-none-eabi/lib/armv7-m\libg_s.a
LOAD c:/siliconlabs/simplicitystudio/v3/developer/toolchains/gnu_arm/4.8_2013q4/bin/../lib/gcc/arm-none-eabi/4.8.3/../../../../arm-none-eabi/lib/armv7-m\libc_s.a
END GROUP
START GROUP
LOAD c:/siliconlabs/simplicitystudio/v3/developer/toolchains/gnu_arm/4.8_2013q4/bin/../lib/gcc/arm-none-eabi/4.8.3/armv7-m\libgcc.a
LOAD c:/siliconlabs/simplicitystudio/v3/developer/toolchains/gnu_arm/4.8_2013q4/bin/../lib/gcc/arm-none-eabi/4.8.3/../../../../arm-none-eabi/lib/armv7-m\libc_s.a
END GROUP
LOAD c:/siliconlabs/simplicitystudio/v3/developer/toolchains/gnu_arm/4.8_2013q4/bin/../lib/gcc/arm-none-eabi/4.8.3/armv7-m/crtend.o
LOAD c:/siliconlabs/simplicitystudio/v3/developer/toolchains/gnu_arm/4.8_2013q4/bin/../lib/gcc/arm-none-eabi/4.8.3/armv7-m/crtn.o

.text           0x00000000     0x8164
 *(.isr_vector)
 .isr_vector    0x00000000      0x100 ./CMSIS/efm32gg/startup_gcc_efm32gg.o
                0x00000000                __isr_vector
 *(.text*)
 .text          0x00000100       0x54 c:/siliconlabs/simplicitystudio/v3/developer/toolchains/gnu_arm/4.8_2013q4/bin/../lib/gcc/arm-none-eabi/4.8.3/armv7-m/crtbegin.o
 .text          0x00000154       0x74 c:/siliconlabs/simplicitystudio/v3/developer/toolchains/gnu_arm/4.8_2013q4/bin/../lib/gcc/arm-none-eabi/4.8.3/../../../../arm-none-eabi/lib/armv7-m/crt0.o
                0x00000154                _start
                0x00000154                _mainCRTStartup
 .text.ADC_LoadDevinfoCal
                0x000001c8      0x120 ./emlib/em_adc.o
 .text.ADC_Init
                0x000002e8       0x88 ./emlib/em_adc.o
                0x000002e8                ADC_Init
 .text.ADC_InitSingle
                0x00000370       0x98 ./emlib/em_adc.o
                0x00000370                ADC_InitSingle
 .text.ADC_PrescaleCalc
                0x00000408       0x64 ./emlib/em_adc.o
                0x00000408                ADC_PrescaleCalc
 .text.ADC_Reset
                0x0000046c       0x54 ./emlib/em_adc.o
                0x0000046c                ADC_Reset
 .text.ADC_TimebaseCalc
                0x000004c0       0x60 ./emlib/em_adc.o
                0x000004c0                ADC_TimebaseCalc
 .text.BUS_RegBitWrite
                0x00000520       0x2c ./emlib/em_cmu.o
 .text.BUS_RegBitRead
                0x0000054c       0x2c ./emlib/em_cmu.o
 .text.CMU_DivToLog2
                0x00000578       0x34 ./emlib/em_cmu.o
 .text.SYSTEM_GetProdRev
                0x000005ac       0x1c ./emlib/em_cmu.o
 .text.SYSTEM_GetFamily
                0x000005c8       0x20 ./emlib/em_cmu.o
 .text.maxFreqHfle
                0x000005e8       0x78 ./emlib/em_cmu.o
 .text.setHfLeConfig
                0x00000660       0x3c ./emlib/em_cmu.o
 .text.getHfLeConfig
                0x0000069c       0x2c ./emlib/em_cmu.o
 .text.auxClkGet
                0x000006c8       0xb0 ./emlib/em_cmu.o
 .text.dbgClkGet
                0x00000778       0x40 ./emlib/em_cmu.o
 .text.flashWaitStateControl
                0x000007b8       0xb8 ./emlib/em_cmu.o
 .text.flashWaitStateMax
                0x00000870       0x14 ./emlib/em_cmu.o
 .text.lfClkGet
                0x00000884       0xec ./emlib/em_cmu.o
 .text.syncReg  0x00000970       0x34 ./emlib/em_cmu.o
 .text.usbCClkGet
                0x000009a4       0x4c ./emlib/em_cmu.o
 .text.CMU_ClockDivSet
                0x000009f0      0x230 ./emlib/em_cmu.o
                0x000009f0                CMU_ClockDivSet
 .text.CMU_ClockEnable
                0x00000c20       0xd8 ./emlib/em_cmu.o
                0x00000c20                CMU_ClockEnable
 .text.CMU_ClockFreqGet
                0x00000cf8      0x1d8 ./emlib/em_cmu.o
                0x00000cf8                CMU_ClockFreqGet
 .text.CMU_ClockSelectGet
                0x00000ed0      0x15c ./emlib/em_cmu.o
                0x00000ed0                CMU_ClockSelectGet
 .text.CMU_ClockSelectSet
                0x0000102c      0x2b8 ./emlib/em_cmu.o
                0x0000102c                CMU_ClockSelectSet
 .text.CMU_HFRCOBandSet
                0x000012e4       0xe4 ./emlib/em_cmu.o
                0x000012e4                CMU_HFRCOBandSet
 .text.CMU_LCDClkFDIVSet
                0x000013c8       0x3c ./emlib/em_cmu.o
                0x000013c8                CMU_LCDClkFDIVSet
 .text.CMU_OscillatorEnable
                0x00001404       0xc0 ./emlib/em_cmu.o
                0x00001404                CMU_OscillatorEnable
 .text.SystemCoreClockUpdate
                0x000014c4        0xc ./emlib/em_emu.o
 .text.CMU_Lock
                0x000014d0       0x18 ./emlib/em_emu.o
 .text.CMU_Unlock
                0x000014e8       0x1c ./emlib/em_emu.o
 .text.emuRestore
                0x00001504       0xf0 ./emlib/em_emu.o
 .text.getErrataFixEmuE107En
                0x000015f4       0x68 ./emlib/em_emu.o
 .text.EMU_EnterEM3
                0x0000165c       0xbc ./emlib/em_emu.o
                0x0000165c                EMU_EnterEM3
 .text.EMU_UpdateOscConfig
                0x00001718       0x1c ./emlib/em_emu.o
                0x00001718                EMU_UpdateOscConfig
 .text.BUS_RegBitWrite
                0x00001734       0x2c ./emlib/em_gpio.o
 .text.BUS_RegMaskedWrite
                0x00001760       0x28 ./emlib/em_gpio.o
 .text.GPIO_PinOutClear
                0x00001788       0x58 ./emlib/em_gpio.o
 .text.GPIO_PinOutSet
                0x000017e0       0x58 ./emlib/em_gpio.o
 .text.GPIO_ExtIntConfig
                0x00001838       0xcc ./emlib/em_gpio.o
                0x00001838                GPIO_ExtIntConfig
 .text.GPIO_PinModeSet
                0x00001904      0x110 ./emlib/em_gpio.o
                0x00001904                GPIO_PinModeSet
 .text.LCD_Enable
                0x00001a14       0x38 ./emlib/em_lcd.o
 .text.BUS_RegBitWrite
                0x00001a4c       0x2c ./emlib/em_lcd.o
 .text.LCD_Init
                0x00001a78       0x70 ./emlib/em_lcd.o
                0x00001a78                LCD_Init
 .text.LCD_VLCDSelect
                0x00001ae8       0x44 ./emlib/em_lcd.o
                0x00001ae8                LCD_VLCDSelect
 .text.LCD_SegmentRangeEnable
                0x00001b2c       0x40 ./emlib/em_lcd.o
                0x00001b2c                LCD_SegmentRangeEnable
 .text.LCD_SegmentSet
                0x00001b6c      0x1e4 ./emlib/em_lcd.o
                0x00001b6c                LCD_SegmentSet
 .text.LCD_SegmentSetLow
                0x00001d50      0x17c ./emlib/em_lcd.o
                0x00001d50                LCD_SegmentSetLow
 .text.LCD_SegmentSetHigh
                0x00001ecc      0x17c ./emlib/em_lcd.o
                0x00001ecc                LCD_SegmentSetHigh
 .text.LCD_VBoostSet
                0x00002048       0x28 ./emlib/em_lcd.o
                0x00002048                LCD_VBoostSet
 .text.BUS_RegBitWrite
                0x00002070       0x2c ./emlib/em_rtc.o
 .text.RTC_CompareSet
                0x0000209c       0x4c ./emlib/em_rtc.o
                0x0000209c                RTC_CompareSet
 .text.RTC_Enable
                0x000020e8       0x20 ./emlib/em_rtc.o
                0x000020e8                RTC_Enable
 .text.RTC_Init
                0x00002108       0x50 ./emlib/em_rtc.o
                0x00002108                RTC_Init
 .text.RTC_CounterReset
                0x00002158       0x14 ./emlib/em_rtc.o
                0x00002158                RTC_CounterReset
 .text.SYSTEM_ChipRevisionGet
                0x0000216c       0x74 ./emlib/em_system.o
                0x0000216c                SYSTEM_ChipRevisionGet
 .text.LCD_Enable
                0x000021e0       0x38 ./Drivers/segmentlcd.o
 .text.LCD_FreezeEnable
                0x00002218       0x2c ./Drivers/segmentlcd.o
 .text.LCD_SyncBusyDelay
                0x00002244       0x24 ./Drivers/segmentlcd.o
 .text.LCD_IntDisable
                0x00002268       0x24 ./Drivers/segmentlcd.o
 .text.SegmentLCD_AllOff
                0x0000228c       0xac ./Drivers/segmentlcd.o
                0x0000228c                SegmentLCD_AllOff
 .text.SegmentLCD_AlphaNumberOff
                0x00002338       0xa8 ./Drivers/segmentlcd.o
                0x00002338                SegmentLCD_AlphaNumberOff
 .text.SegmentLCD_Battery
                0x000023e0       0x78 ./Drivers/segmentlcd.o
                0x000023e0                SegmentLCD_Battery
 .text.SegmentLCD_Disable
                0x00002458       0x28 ./Drivers/segmentlcd.o
                0x00002458                SegmentLCD_Disable
 .text.SegmentLCD_EnergyMode
                0x00002480       0x50 ./Drivers/segmentlcd.o
                0x00002480                SegmentLCD_EnergyMode
 .text.SegmentLCD_Init
                0x000024d0       0xb8 ./Drivers/segmentlcd.o
                0x000024d0                SegmentLCD_Init
 .text.SegmentLCD_Number
                0x00002588      0x124 ./Drivers/segmentlcd.o
                0x00002588                SegmentLCD_Number
 .text.SegmentLCD_NumberOff
                0x000026ac       0x50 ./Drivers/segmentlcd.o
                0x000026ac                SegmentLCD_NumberOff
 .text.SegmentLCD_Symbol
                0x000026fc      0x130 ./Drivers/segmentlcd.o
                0x000026fc                SegmentLCD_Symbol
 .text.SegmentLCD_Write
                0x0000282c       0xd8 ./Drivers/segmentlcd.o
                0x0000282c                SegmentLCD_Write
 .text          0x00002904       0x98 ./CMSIS/efm32gg/startup_gcc_efm32gg.o
                0x00002904                Reset_Handler
                0x00002938                Default_Handler
                0x0000293a                NMI_Handler
                0x0000293c                HardFault_Handler
                0x0000293e                MemManage_Handler
                0x00002940                BusFault_Handler
                0x00002942                UsageFault_Handler
                0x00002944                SVC_Handler
                0x00002946                DebugMon_Handler
                0x00002948                PendSV_Handler
                0x0000294a                SysTick_Handler
                0x00002950                TIMER0_IRQHandler
                0x00002952                USART0_RX_IRQHandler
                0x00002954                USART0_TX_IRQHandler
                0x00002956                USB_IRQHandler
                0x00002958                ACMP0_IRQHandler
                0x0000295c                DAC0_IRQHandler
                0x0000295e                I2C0_IRQHandler
                0x00002960                I2C1_IRQHandler
                0x00002964                TIMER1_IRQHandler
                0x00002966                TIMER2_IRQHandler
                0x00002968                TIMER3_IRQHandler
                0x0000296a                USART1_RX_IRQHandler
                0x0000296c                USART1_TX_IRQHandler
                0x0000296e                LESENSE_IRQHandler
                0x00002970                USART2_RX_IRQHandler
                0x00002972                USART2_TX_IRQHandler
                0x00002976                UART0_TX_IRQHandler
                0x00002978                UART1_RX_IRQHandler
                0x0000297a                UART1_TX_IRQHandler
                0x0000297c                LEUART0_IRQHandler
                0x0000297e                LEUART1_IRQHandler
                0x00002980                LETIMER0_IRQHandler
                0x00002982                PCNT0_IRQHandler
                0x00002984                PCNT1_IRQHandler
                0x00002986                PCNT2_IRQHandler
                0x0000298c                CMU_IRQHandler
                0x0000298e                VCMP_IRQHandler
                0x00002990                LCD_IRQHandler
                0x00002992                MSC_IRQHandler
                0x00002994                AES_IRQHandler
                0x00002996                EBI_IRQHandler
                0x00002998                EMU_IRQHandler
 .text.GetProdRev
                0x0000299c       0x1c ./CMSIS/efm32gg/system_efm32gg.o
 .text.SystemCoreClockGet
                0x000029b8       0x34 ./CMSIS/efm32gg/system_efm32gg.o
                0x000029b8                SystemCoreClockGet
 .text.SystemMaxCoreClockGet
                0x000029ec       0x14 ./CMSIS/efm32gg/system_efm32gg.o
                0x000029ec                SystemMaxCoreClockGet
 .text.SystemHFClockGet
                0x00002a00      0x100 ./CMSIS/efm32gg/system_efm32gg.o
                0x00002a00                SystemHFClockGet
 .text.SystemHFXOClockGet
                0x00002b00       0x18 ./CMSIS/efm32gg/system_efm32gg.o
                0x00002b00                SystemHFXOClockGet
 .text.SystemInit
                0x00002b18        0xc ./CMSIS/efm32gg/system_efm32gg.o
                0x00002b18                SystemInit
 .text.SystemLFRCOClockGet
                0x00002b24       0x14 ./CMSIS/efm32gg/system_efm32gg.o
                0x00002b24                SystemLFRCOClockGet
 .text.SystemULFRCOClockGet
                0x00002b38       0x14 ./CMSIS/efm32gg/system_efm32gg.o
                0x00002b38                SystemULFRCOClockGet
 .text.SystemLFXOClockGet
                0x00002b4c       0x18 ./CMSIS/efm32gg/system_efm32gg.o
                0x00002b4c                SystemLFXOClockGet
 .text.ADC_Start
                0x00002b64       0x1c ./src/aux_data.o
 .text.RTC_IntClear
                0x00002b80       0x1c ./src/aux_data.o
 .text.RTC_IntEnable
                0x00002b9c       0x24 ./src/aux_data.o
 .text.aux_data_start
                0x00002bc0       0x3c ./src/aux_data.o
                0x00002bc0                aux_data_start
 .text.aux_data_aquire_and_send
                0x00002bfc       0xb4 ./src/aux_data.o
                0x00002bfc                aux_data_aquire_and_send
 .text.aux_data_send
                0x00002cb0      0x160 ./src/aux_data.o
                0x00002cb0                aux_data_send
 .text.convertToCelsius
                0x00002e10       0x8c ./src/aux_data.o
                0x00002e10                convertToCelsius
 .text.BUS_RegBitWrite
                0x00002e9c       0x2c ./src/burtc_timer.o
 .text.EMU_EnterEM1
                0x00002ec8       0x20 ./src/burtc_timer.o
 .text.BURTC_IntClear
                0x00002ee8       0x1c ./src/burtc_timer.o
 .text.BURTC_IntDisable
                0x00002f04       0x24 ./src/burtc_timer.o
 .text.BURTC_IntEnable
                0x00002f28       0x24 ./src/burtc_timer.o
 .text.BURTC_Enable
                0x00002f4c       0x50 ./src/burtc_timer.o
 .text.BURTC_CounterGet
                0x00002f9c       0x18 ./src/burtc_timer.o
 .text.BURTC_IRQHandler
                0x00002fb4       0x2c ./src/burtc_timer.o
                0x00002fb4                BURTC_IRQHandler
 .text.wait_in_burtc
                0x00002fe0       0xd0 ./src/burtc_timer.o
                0x00002fe0                wait_in_burtc
 .text.NVIC_EnableIRQ
                0x000030b0       0x30 ./src/config_efm32.o
 .text.NVIC_ClearPendingIRQ
                0x000030e0       0x34 ./src/config_efm32.o
 .text.NVIC_SetPriority
                0x00003114       0x54 ./src/config_efm32.o
 .text.GPIO_IntClear
                0x00003168       0x20 ./src/config_efm32.o
 .text.GPIO_IntEnable
                0x00003188       0x28 ./src/config_efm32.o
 .text.GPIO_IntConfig
                0x000031b0       0x2c ./src/config_efm32.o
 .text.ADC_IntClear
                0x000031dc       0x1c ./src/config_efm32.o
 .text.ADC_IntEnable
                0x000031f8       0x20 ./src/config_efm32.o
 .text.RTC_IntClear
                0x00003218       0x1c ./src/config_efm32.o
 .text.WDOG_Init
                0x00003234       0x1c ./src/config_efm32.o
 .text.BURTC_IntClear
                0x00003250       0x1c ./src/config_efm32.o
 .text.CHIP_Init
                0x0000326c       0x40 ./src/config_efm32.o
 .text.aux_sensor_config
                0x000032ac       0xb0 ./src/config_efm32.o
                0x000032ac                aux_sensor_config
 .text.battery_charge_status
                0x0000335c       0xdc ./src/config_efm32.o
                0x0000335c                battery_charge_status
 .text.uart0_config
                0x00003438       0xe8 ./src/config_efm32.o
                0x00003438                uart0_config
 .text.gpio_config
                0x00003520       0x20 ./src/config_efm32.o
                0x00003520                gpio_config
 .text.button_config
                0x00003540       0x58 ./src/config_efm32.o
                0x00003540                button_config
 .text.rtc_dn_fsm_config
                0x00003598       0x58 ./src/config_efm32.o
                0x00003598                rtc_dn_fsm_config
 .text.burtc_config
                0x000035f0       0x68 ./src/config_efm32.o
                0x000035f0                burtc_config
 .text.wdog_config
                0x00003658       0x28 ./src/config_efm32.o
                0x00003658                wdog_config
 .text.efm32_config
                0x00003680       0x48 ./src/config_efm32.o
                0x00003680                efm32_config
 .text.RTC_IntClear
                0x000036c8       0x1c ./src/dn_fsm.o
 .text.RTC_IntDisable
                0x000036e4       0x24 ./src/dn_fsm.o
 .text.RTC_IntEnable
                0x00003708       0x24 ./src/dn_fsm.o
 .text.dn_fsm_start
                0x0000372c       0x3c ./src/dn_fsm.o
                0x0000372c                dn_fsm_start
 .text.dn_fsm_irq
                0x00003768       0x1c ./src/dn_fsm.o
                0x00003768                dn_fsm_irq
 .text.fsm_scheduleEvent
                0x00003784       0x40 ./src/dn_fsm.o
                0x00003784                fsm_scheduleEvent
 .text.fsm_cancelEvent
                0x000037c4       0x20 ./src/dn_fsm.o
                0x000037c4                fsm_cancelEvent
 .text.fsm_setCallback
                0x000037e4       0x1c ./src/dn_fsm.o
                0x000037e4                fsm_setCallback
 .text.dn_ipmt_reply_cb
                0x00003800       0x1c ./src/dn_fsm.o
                0x00003800                dn_ipmt_reply_cb
 .text.dn_ipmt_notif_cb
                0x0000381c      0x254 ./src/dn_fsm.o
                0x0000381c                dn_ipmt_notif_cb
 .text.api_response_timeout
                0x00003a70        0xc ./src/dn_fsm.o
                0x00003a70                api_response_timeout
 .text.api_reset
                0x00003a7c       0x28 ./src/dn_fsm.o
                0x00003a7c                api_reset
 .text.api_reset_reply
                0x00003aa4        0xc ./src/dn_fsm.o
                0x00003aa4                api_reset_reply
 .text.api_join
                0x00003ab0       0x28 ./src/dn_fsm.o
                0x00003ab0                api_join
 .text.api_join_reply
                0x00003ad8        0xc ./src/dn_fsm.o
                0x00003ad8                api_join_reply
 .text.api_closeSocket
                0x00003ae4       0x34 ./src/dn_fsm.o
                0x00003ae4                api_closeSocket
 .text.api_closeSocket_reply
                0x00003b18       0x18 ./src/dn_fsm.o
                0x00003b18                api_closeSocket_reply
 .text.api_openSocket
                0x00003b30       0x2c ./src/dn_fsm.o
                0x00003b30                api_openSocket
 .text.api_openSocket_reply
                0x00003b5c       0x40 ./src/dn_fsm.o
                0x00003b5c                api_openSocket_reply
 .text.api_bindSocket
                0x00003b9c       0x38 ./src/dn_fsm.o
                0x00003b9c                api_bindSocket
 .text.api_bindSocket_reply
                0x00003bd4        0xc ./src/dn_fsm.o
                0x00003bd4                api_bindSocket_reply
 .text.api_sendTo
                0x00003be0       0xf8 ./src/dn_fsm.o
                0x00003be0                api_sendTo
 .text.api_sendTo_reply
                0x00003cd8       0x34 ./src/dn_fsm.o
                0x00003cd8                api_sendTo_reply
 .text.BUS_RegBitRead
                0x00003d0c       0x2c ./src/irqs.o
 .text.GPIO_IntClear
                0x00003d38       0x20 ./src/irqs.o
 .text.GPIO_PinInGet
                0x00003d58       0x54 ./src/irqs.o
 .text.GPIO_PinOutClear
                0x00003dac       0x58 ./src/irqs.o
 .text.GPIO_PinOutSet
                0x00003e04       0x58 ./src/irqs.o
 .text.ADC_DataSingleGet
                0x00003e5c       0x18 ./src/irqs.o
 .text.ADC_IntDisable
                0x00003e74       0x24 ./src/irqs.o
 .text.USART_IntClear
                0x00003e98       0x1c ./src/irqs.o
 .text.USART_IntDisable
                0x00003eb4       0x24 ./src/irqs.o
 .text.USART_IntEnable
                0x00003ed8       0x20 ./src/irqs.o
 .text.USART_RxDataGet
                0x00003ef8       0x1c ./src/irqs.o
 .text.RTC_IntClear
                0x00003f14       0x1c ./src/irqs.o
 .text.RTC_IntDisable
                0x00003f30       0x24 ./src/irqs.o
 .text.ADC0_IRQHandler
                0x00003f54       0x58 ./src/irqs.o
                0x00003f54                ADC0_IRQHandler
 .text.UART0_RX_IRQHandler
                0x00003fac       0x2c ./src/irqs.o
                0x00003fac                UART0_RX_IRQHandler
 .text.GPIO_EVEN_IRQHandler
                0x00003fd8       0x9c ./src/irqs.o
                0x00003fd8                GPIO_EVEN_IRQHandler
 .text.GPIO_ODD_IRQHandler
                0x00004074       0x1c ./src/irqs.o
                0x00004074                GPIO_ODD_IRQHandler
 .text.RTC_IRQHandler
                0x00004090       0x68 ./src/irqs.o
                0x00004090                RTC_IRQHandler
 .text.lcd_init
                0x000040f8       0x30 ./src/lcd.o
                0x000040f8                lcd_init
 .text.lcd_update
                0x00004128       0xb0 ./src/lcd.o
                0x00004128                lcd_update
 .text.lcd_config
                0x000041d8       0x10 ./src/lcd.o
                0x000041d8                lcd_config
 .text.lcd_close
                0x000041e8       0x10 ./src/lcd.o
                0x000041e8                lcd_close
 .text.lcd_write
                0x000041f8      0x118 ./src/lcd.o
                0x000041f8                lcd_write
 .text.WDOG_Feed
                0x00004310       0x10 ./src/repeter.o
 .text.main     0x00004320      0x11c ./src/repeter.o
                0x00004320                main
 .text.dn_write_uint16_t
                0x0000443c       0x2c ./sm_clib/dn_endianness.o
                0x0000443c                dn_write_uint16_t
 .text.dn_read_uint16_t
                0x00004468       0x44 ./sm_clib/dn_endianness.o
                0x00004468                dn_read_uint16_t
 .text.dn_read_uint32_t
                0x000044ac       0x60 ./sm_clib/dn_endianness.o
                0x000044ac                dn_read_uint32_t
 .text.dn_hdlc_init
                0x0000450c       0x2c ./sm_clib/dn_hdlc.o
                0x0000450c                dn_hdlc_init
 .text.dn_hdlc_rxByte
                0x00004538       0xbc ./sm_clib/dn_hdlc.o
                0x00004538                dn_hdlc_rxByte
 .text.dn_hdlc_outputOpen
                0x000045f4       0x1c ./sm_clib/dn_hdlc.o
                0x000045f4                dn_hdlc_outputOpen
 .text.dn_hdlc_outputWrite
                0x00004610       0x50 ./sm_clib/dn_hdlc.o
                0x00004610                dn_hdlc_outputWrite
 .text.dn_hdlc_outputClose
                0x00004660       0x3c ./sm_clib/dn_hdlc.o
                0x00004660                dn_hdlc_outputClose
 .text.dn_hdlc_inputOpen
                0x0000469c       0x20 ./sm_clib/dn_hdlc.o
                0x0000469c                dn_hdlc_inputOpen
 .text.dn_hdlc_inputWrite
                0x000046bc       0x68 ./sm_clib/dn_hdlc.o
                0x000046bc                dn_hdlc_inputWrite
 .text.dn_hdlc_inputClose
                0x00004724       0x38 ./sm_clib/dn_hdlc.o
                0x00004724                dn_hdlc_inputClose
 .text.dn_hdlc_crcIteration
                0x0000475c       0x38 ./sm_clib/dn_hdlc.o
                0x0000475c                dn_hdlc_crcIteration
 .text.dn_ipmt_init
                0x00004794       0x50 ./sm_clib/dn_ipmt.o
                0x00004794                dn_ipmt_init
 .text.dn_ipmt_cancelTx
                0x000047e4       0x1c ./sm_clib/dn_ipmt.o
                0x000047e4                dn_ipmt_cancelTx
 .text.dn_ipmt_join
                0x00004800       0x6c ./sm_clib/dn_ipmt.o
                0x00004800                dn_ipmt_join
 .text.dn_ipmt_join_reply
                0x0000486c       0x5c ./sm_clib/dn_ipmt.o
                0x0000486c                dn_ipmt_join_reply
 .text.dn_ipmt_reset
                0x000048c8       0x6c ./sm_clib/dn_ipmt.o
                0x000048c8                dn_ipmt_reset
 .text.dn_ipmt_reset_reply
                0x00004934       0x5c ./sm_clib/dn_ipmt.o
                0x00004934                dn_ipmt_reset_reply
 .text.dn_ipmt_openSocket
                0x00004990       0x78 ./sm_clib/dn_ipmt.o
                0x00004990                dn_ipmt_openSocket
 .text.dn_ipmt_openSocket_reply
                0x00004a08       0x78 ./sm_clib/dn_ipmt.o
                0x00004a08                dn_ipmt_openSocket_reply
 .text.dn_ipmt_closeSocket
                0x00004a80       0x78 ./sm_clib/dn_ipmt.o
                0x00004a80                dn_ipmt_closeSocket
 .text.dn_ipmt_closeSocket_reply
                0x00004af8       0x5c ./sm_clib/dn_ipmt.o
                0x00004af8                dn_ipmt_closeSocket_reply
 .text.dn_ipmt_bindSocket
                0x00004b54       0x88 ./sm_clib/dn_ipmt.o
                0x00004b54                dn_ipmt_bindSocket
 .text.dn_ipmt_bindSocket_reply
                0x00004bdc       0x5c ./sm_clib/dn_ipmt.o
                0x00004bdc                dn_ipmt_bindSocket_reply
 .text.dn_ipmt_sendTo
                0x00004c38       0xc8 ./sm_clib/dn_ipmt.o
                0x00004c38                dn_ipmt_sendTo
 .text.dn_ipmt_sendTo_reply
                0x00004d00       0x5c ./sm_clib/dn_ipmt.o
                0x00004d00                dn_ipmt_sendTo_reply
 .text.dn_ipmt_rxSerialRequest
                0x00004d5c      0x278 ./sm_clib/dn_ipmt.o
                0x00004d5c                dn_ipmt_rxSerialRequest
 .text.dn_lock  0x00004fd4        0xc ./sm_clib/dn_lock.o
                0x00004fd4                dn_lock
 .text.dn_unlock
                0x00004fe0        0xc ./sm_clib/dn_lock.o
                0x00004fe0                dn_unlock
 .text.dn_serial_mt_init
                0x00004fec       0x38 ./sm_clib/dn_serial_mt.o
                0x00004fec                dn_serial_mt_init
 .text.dn_serial_mt_sendRequest
                0x00005024       0xc8 ./sm_clib/dn_serial_mt.o
                0x00005024                dn_serial_mt_sendRequest
 .text.dn_serial_mt_rxHdlcFrame
                0x000050ec       0xd4 ./sm_clib/dn_serial_mt.o
                0x000050ec                dn_serial_mt_rxHdlcFrame
 .text.dn_serial_sendReply
                0x000051c0       0x74 ./sm_clib/dn_serial_mt.o
                0x000051c0                dn_serial_sendReply
 .text.dn_serial_mt_dispatch_response
                0x00005234       0x50 ./sm_clib/dn_serial_mt.o
                0x00005234                dn_serial_mt_dispatch_response
 .text.dn_uart_init
                0x00005284       0x1c ./sm_clib/dn_uart.o
                0x00005284                dn_uart_init
 .text.dn_uart_txByte
                0x000052a0       0x20 ./sm_clib/dn_uart.o
                0x000052a0                dn_uart_txByte
 .text.dn_uart_txFlush
                0x000052c0       0x18 ./sm_clib/dn_uart.o
                0x000052c0                dn_uart_txFlush
 .text.BUS_RegBitWrite
                0x000052d8       0x2c ./emlib/em_burtc.o
 .text.BURTC_IntClear
                0x00005304       0x1c ./emlib/em_burtc.o
 .text.BURTC_Enable
                0x00005320       0x50 ./emlib/em_burtc.o
 .text.BURTC_FreezeEnable
                0x00005370       0x20 ./emlib/em_burtc.o
 .text.divToLog2
                0x00005390       0x34 ./emlib/em_burtc.o
 .text.regSync  0x000053c4       0x40 ./emlib/em_burtc.o
 .text.BURTC_Init
                0x00005404       0xe8 ./emlib/em_burtc.o
                0x00005404                BURTC_Init
 .text.BURTC_CompareSet
                0x000054ec       0x20 ./emlib/em_burtc.o
                0x000054ec                BURTC_CompareSet
 .text.BURTC_CounterReset
                0x0000550c       0x20 ./emlib/em_burtc.o
                0x0000550c                BURTC_CounterReset
 .text.DAC_Reset
                0x0000552c       0x44 ./emlib/em_dac.o
                0x0000552c                DAC_Reset
 .text.DMA_IRQHandler
                0x00005570       0xd8 ./emlib/em_dma.o
                0x00005570                DMA_IRQHandler
 .text.SL_CTZ   0x00005648       0x28 ./emlib/em_rmu.o
 .text.BUS_RegBitWrite
                0x00005670       0x2c ./emlib/em_rmu.o
 .text.RMU_ResetControl
                0x0000569c       0x38 ./emlib/em_rmu.o
                0x0000569c                RMU_ResetControl
 .text.USART_BaudrateAsyncSet
                0x000056d4       0xb0 ./emlib/em_usart.o
                0x000056d4                USART_BaudrateAsyncSet
 .text.USART_InitAsync
                0x00005784       0xb4 ./emlib/em_usart.o
                0x00005784                USART_InitAsync
 .text.USART_Reset
                0x00005838       0xb0 ./emlib/em_usart.o
                0x00005838                USART_Reset
 .text.USART_Tx
                0x000058e8       0x2c ./emlib/em_usart.o
                0x000058e8                USART_Tx
 .text.WDOGn_Feed
                0x00005914       0x44 ./emlib/em_wdog.o
                0x00005914                WDOGn_Feed
 .text.WDOGn_Init
                0x00005958       0xb0 ./emlib/em_wdog.o
                0x00005958                WDOGn_Init
 .text._exit    0x00005a08        0xc ./Drivers/retargetio.o
                0x00005a08                _exit
 .text.pow      0x00005a14      0x2f8 c:/siliconlabs/simplicitystudio/v3/developer/toolchains/gnu_arm/4.8_2013q4/bin/../lib/gcc/arm-none-eabi/4.8.3/../../../../arm-none-eabi/lib/armv7-m\libm.a(lib_a-w_pow.o)
                0x00005a14                pow
 *fill*         0x00005d0c        0x4 
 .text.__ieee754_pow
                0x00005d10      0xab8 c:/siliconlabs/simplicitystudio/v3/developer/toolchains/gnu_arm/4.8_2013q4/bin/../lib/gcc/arm-none-eabi/4.8.3/../../../../arm-none-eabi/lib/armv7-m\libm.a(lib_a-e_pow.o)
                0x00005d10                __ieee754_pow
 .text.__ieee754_sqrt
                0x000067c8      0x180 c:/siliconlabs/simplicitystudio/v3/developer/toolchains/gnu_arm/4.8_2013q4/bin/../lib/gcc/arm-none-eabi/4.8.3/../../../../arm-none-eabi/lib/armv7-m\libm.a(lib_a-e_sqrt.o)
                0x000067c8                __ieee754_sqrt
 .text.fabs     0x00006948        0x8 c:/siliconlabs/simplicitystudio/v3/developer/toolchains/gnu_arm/4.8_2013q4/bin/../lib/gcc/arm-none-eabi/4.8.3/../../../../arm-none-eabi/lib/armv7-m\libm.a(lib_a-s_fabs.o)
                0x00006948                fabs
 .text.finite   0x00006950        0xc c:/siliconlabs/simplicitystudio/v3/developer/toolchains/gnu_arm/4.8_2013q4/bin/../lib/gcc/arm-none-eabi/4.8.3/../../../../arm-none-eabi/lib/armv7-m\libm.a(lib_a-s_finite.o)
                0x00006950                finite
 .text.__fpclassifyd
                0x0000695c       0x50 c:/siliconlabs/simplicitystudio/v3/developer/toolchains/gnu_arm/4.8_2013q4/bin/../lib/gcc/arm-none-eabi/4.8.3/../../../../arm-none-eabi/lib/armv7-m\libm.a(lib_a-s_fpclassify.o)
                0x0000695c                __fpclassifyd
 .text.matherr  0x000069ac        0x4 c:/siliconlabs/simplicitystudio/v3/developer/toolchains/gnu_arm/4.8_2013q4/bin/../lib/gcc/arm-none-eabi/4.8.3/../../../../arm-none-eabi/lib/armv7-m\libm.a(lib_a-s_matherr.o)
                0x000069ac                matherr
 .text.nan      0x000069b0        0xc c:/siliconlabs/simplicitystudio/v3/developer/toolchains/gnu_arm/4.8_2013q4/bin/../lib/gcc/arm-none-eabi/4.8.3/../../../../arm-none-eabi/lib/armv7-m\libm.a(lib_a-s_nan.o)
                0x000069b0                nan
 .text.rint     0x000069bc      0x118 c:/siliconlabs/simplicitystudio/v3/developer/toolchains/gnu_arm/4.8_2013q4/bin/../lib/gcc/arm-none-eabi/4.8.3/../../../../arm-none-eabi/lib/armv7-m\libm.a(lib_a-s_rint.o)
                0x000069bc                rint
 *fill*         0x00006ad4        0x4 
 .text.scalbn   0x00006ad8      0x100 c:/siliconlabs/simplicitystudio/v3/developer/toolchains/gnu_arm/4.8_2013q4/bin/../lib/gcc/arm-none-eabi/4.8.3/../../../../arm-none-eabi/lib/armv7-m\libm.a(lib_a-s_scalbn.o)
                0x00006ad8                scalbn
 .text.copysign
                0x00006bd8       0x14 c:/siliconlabs/simplicitystudio/v3/developer/toolchains/gnu_arm/4.8_2013q4/bin/../lib/gcc/arm-none-eabi/4.8.3/../../../../arm-none-eabi/lib/armv7-m\libm.a(lib_a-s_copysign.o)
                0x00006bd8                copysign
 .text          0x00006bec      0x370 c:/siliconlabs/simplicitystudio/v3/developer/toolchains/gnu_arm/4.8_2013q4/bin/../lib/gcc/arm-none-eabi/4.8.3/armv7-m\libgcc.a(_arm_addsubdf3.o)
                0x00006bec                __aeabi_drsub
                0x00006bf4                __aeabi_dsub
                0x00006bf4                __subdf3
                0x00006bf8                __aeabi_dadd
                0x00006bf8                __adddf3
                0x00006e70                __floatunsidf
                0x00006e70                __aeabi_ui2d
                0x00006e90                __floatsidf
                0x00006e90                __aeabi_i2d
                0x00006eb4                __aeabi_f2d
                0x00006eb4                __extendsfdf2
                0x00006ef0                __floatundidf
                0x00006ef0                __aeabi_ul2d
                0x00006f00                __floatdidf
                0x00006f00                __aeabi_l2d
 .text          0x00006f5c      0x424 c:/siliconlabs/simplicitystudio/v3/developer/toolchains/gnu_arm/4.8_2013q4/bin/../lib/gcc/arm-none-eabi/4.8.3/armv7-m\libgcc.a(_arm_muldivdf3.o)
                0x00006f5c                __aeabi_dmul
                0x00006f5c                __muldf3
                0x000071b0                __divdf3
                0x000071b0                __aeabi_ddiv
 .text          0x00007380      0x110 c:/siliconlabs/simplicitystudio/v3/developer/toolchains/gnu_arm/4.8_2013q4/bin/../lib/gcc/arm-none-eabi/4.8.3/armv7-m\libgcc.a(_arm_cmpdf2.o)
                0x00007380                __gtdf2
                0x00007380                __gedf2
                0x00007388                __ltdf2
                0x00007388                __ledf2
                0x00007390                __nedf2
                0x00007390                __eqdf2
                0x00007390                __cmpdf2
                0x0000740c                __aeabi_cdrcmple
                0x0000741c                __aeabi_cdcmpeq
                0x0000741c                __aeabi_cdcmple
                0x0000742c                __aeabi_dcmpeq
                0x00007440                __aeabi_dcmplt
                0x00007454                __aeabi_dcmple
                0x00007468                __aeabi_dcmpge
                0x0000747c                __aeabi_dcmpgt
 .text          0x00007490       0x40 c:/siliconlabs/simplicitystudio/v3/developer/toolchains/gnu_arm/4.8_2013q4/bin/../lib/gcc/arm-none-eabi/4.8.3/armv7-m\libgcc.a(_arm_fixunsdfsi.o)
                0x00007490                __aeabi_d2uiz
                0x00007490                __fixunsdfsi
 .text          0x000074d0      0x21c c:/siliconlabs/simplicitystudio/v3/developer/toolchains/gnu_arm/4.8_2013q4/bin/../lib/gcc/arm-none-eabi/4.8.3/armv7-m\libgcc.a(_arm_addsubsf3.o)
                0x000074d0                __aeabi_frsub
                0x000074d8                __subsf3
                0x000074d8                __aeabi_fsub
                0x000074dc                __aeabi_fadd
                0x000074dc                __addsf3
                0x0000763c                __aeabi_ui2f
                0x0000763c                __floatunsisf
                0x00007644                __aeabi_i2f
                0x00007644                __floatsisf
                0x00007660                __aeabi_ul2f
                0x00007660                __floatundisf
                0x00007670                __aeabi_l2f
                0x00007670                __floatdisf
 .text          0x000076ec      0x2a0 c:/siliconlabs/simplicitystudio/v3/developer/toolchains/gnu_arm/4.8_2013q4/bin/../lib/gcc/arm-none-eabi/4.8.3/armv7-m\libgcc.a(_arm_muldivsf3.o)
                0x000076ec                __mulsf3
                0x000076ec                __aeabi_fmul
                0x00007854                __aeabi_fdiv
                0x00007854                __divsf3
 .text          0x0000798c       0x4c c:/siliconlabs/simplicitystudio/v3/developer/toolchains/gnu_arm/4.8_2013q4/bin/../lib/gcc/arm-none-eabi/4.8.3/armv7-m\libgcc.a(_arm_fixsfsi.o)
                0x0000798c                __aeabi_f2iz
                0x0000798c                __fixsfsi
 .text          0x000079d8       0x40 c:/siliconlabs/simplicitystudio/v3/developer/toolchains/gnu_arm/4.8_2013q4/bin/../lib/gcc/arm-none-eabi/4.8.3/armv7-m\libgcc.a(_arm_fixunssfsi.o)
                0x000079d8                __fixunssfsi
                0x000079d8                __aeabi_f2uiz
 .text.abs      0x00007a18        0x8 c:/siliconlabs/simplicitystudio/v3/developer/toolchains/gnu_arm/4.8_2013q4/bin/../lib/gcc/arm-none-eabi/4.8.3/../../../../arm-none-eabi/lib/armv7-m\libc_s.a(lib_a-abs.o)
                0x00007a18                abs
 .text.__errno  0x00007a20        0xc c:/siliconlabs/simplicitystudio/v3/developer/toolchains/gnu_arm/4.8_2013q4/bin/../lib/gcc/arm-none-eabi/4.8.3/../../../../arm-none-eabi/lib/armv7-m\libc_s.a(lib_a-errno.o)
                0x00007a20                __errno
 .text.exit     0x00007a2c       0x28 c:/siliconlabs/simplicitystudio/v3/developer/toolchains/gnu_arm/4.8_2013q4/bin/../lib/gcc/arm-none-eabi/4.8.3/../../../../arm-none-eabi/lib/armv7-m\libc_s.a(lib_a-exit.o)
                0x00007a2c                exit
 .text.__libc_init_array
                0x00007a54       0x4c c:/siliconlabs/simplicitystudio/v3/developer/toolchains/gnu_arm/4.8_2013q4/bin/../lib/gcc/arm-none-eabi/4.8.3/../../../../arm-none-eabi/lib/armv7-m\libc_s.a(lib_a-init.o)
                0x00007a54                __libc_init_array
 .text.memcpy   0x00007aa0       0x12 c:/siliconlabs/simplicitystudio/v3/developer/toolchains/gnu_arm/4.8_2013q4/bin/../lib/gcc/arm-none-eabi/4.8.3/../../../../arm-none-eabi/lib/armv7-m\libc_s.a(lib_a-memcpy-stub.o)
                0x00007aa0                memcpy
 .text.memset   0x00007ab2       0x10 c:/siliconlabs/simplicitystudio/v3/developer/toolchains/gnu_arm/4.8_2013q4/bin/../lib/gcc/arm-none-eabi/4.8.3/../../../../arm-none-eabi/lib/armv7-m\libc_s.a(lib_a-memset.o)
                0x00007ab2                memset
 .text.strlen   0x00007ac2       0x10 c:/siliconlabs/simplicitystudio/v3/developer/toolchains/gnu_arm/4.8_2013q4/bin/../lib/gcc/arm-none-eabi/4.8.3/../../../../arm-none-eabi/lib/armv7-m\libc_s.a(lib_a-strlen.o)
                0x00007ac2                strlen
 *(.init)
 *fill*         0x00007ad2        0x2 
 .init          0x00007ad4        0x4 c:/siliconlabs/simplicitystudio/v3/developer/toolchains/gnu_arm/4.8_2013q4/bin/../lib/gcc/arm-none-eabi/4.8.3/armv7-m/crti.o
                0x00007ad4                _init
 .init          0x00007ad8        0x8 c:/siliconlabs/simplicitystudio/v3/developer/toolchains/gnu_arm/4.8_2013q4/bin/../lib/gcc/arm-none-eabi/4.8.3/armv7-m/crtn.o
 *(.fini)
 .fini          0x00007ae0        0x4 c:/siliconlabs/simplicitystudio/v3/developer/toolchains/gnu_arm/4.8_2013q4/bin/../lib/gcc/arm-none-eabi/4.8.3/armv7-m/crti.o
                0x00007ae0                _fini
 .fini          0x00007ae4        0x8 c:/siliconlabs/simplicitystudio/v3/developer/toolchains/gnu_arm/4.8_2013q4/bin/../lib/gcc/arm-none-eabi/4.8.3/armv7-m/crtn.o
 *crtbegin.o(.ctors)
 *crtbegin?.o(.ctors)
 *(EXCLUDE_FILE(*crtend.o *crtend?.o) .ctors)
 *(SORT(.ctors.*))
 *(.ctors)
 *crtbegin.o(.dtors)
 *crtbegin?.o(.dtors)
 *(EXCLUDE_FILE(*crtend.o *crtend?.o) .dtors)
 *(SORT(.dtors.*))
 *(.dtors)
 *(.rodata*)
 .rodata.EFM_Display
                0x00007aec      0x200 ./Drivers/segmentlcd.o
 .rodata.EFM_Alphabet
                0x00007cec       0xb8 ./Drivers/segmentlcd.o
 .rodata.EFM_Numbers
                0x00007da4       0x24 ./Drivers/segmentlcd.o
 .rodata.lcdInit
                0x00007dc8       0x14 ./Drivers/segmentlcd.o
 .rodata        0x00007ddc       0x64 ./src/config_efm32.o
 .rodata.ipv6Addr_manager
                0x00007e40       0x10 ./src/dn_fsm.o
 .rodata        0x00007e50       0x58 ./src/lcd.o
 .rodata.dn_hdlc_fcstab
                0x00007ea8      0x200 ./sm_clib/dn_hdlc.o
 .rodata.str1.4
                0x000080a8        0x4 c:/siliconlabs/simplicitystudio/v3/developer/toolchains/gnu_arm/4.8_2013q4/bin/../lib/gcc/arm-none-eabi/4.8.3/../../../../arm-none-eabi/lib/armv7-m\libm.a(lib_a-w_pow.o)
 *fill*         0x000080ac        0x4 
 .rodata.dp_h   0x000080b0       0x10 c:/siliconlabs/simplicitystudio/v3/developer/toolchains/gnu_arm/4.8_2013q4/bin/../lib/gcc/arm-none-eabi/4.8.3/../../../../arm-none-eabi/lib/armv7-m\libm.a(lib_a-e_pow.o)
 .rodata.dp_l   0x000080c0       0x10 c:/siliconlabs/simplicitystudio/v3/developer/toolchains/gnu_arm/4.8_2013q4/bin/../lib/gcc/arm-none-eabi/4.8.3/../../../../arm-none-eabi/lib/armv7-m\libm.a(lib_a-e_pow.o)
 .rodata.bp     0x000080d0       0x10 c:/siliconlabs/simplicitystudio/v3/developer/toolchains/gnu_arm/4.8_2013q4/bin/../lib/gcc/arm-none-eabi/4.8.3/../../../../arm-none-eabi/lib/armv7-m\libm.a(lib_a-e_pow.o)
 .rodata.str1.4
                0x000080e0        0x4 c:/siliconlabs/simplicitystudio/v3/developer/toolchains/gnu_arm/4.8_2013q4/bin/../lib/gcc/arm-none-eabi/4.8.3/../../../../arm-none-eabi/lib/armv7-m\libm.a(lib_a-e_pow.o)
 *fill*         0x000080e4        0x4 
 .rodata.TWO52  0x000080e8       0x10 c:/siliconlabs/simplicitystudio/v3/developer/toolchains/gnu_arm/4.8_2013q4/bin/../lib/gcc/arm-none-eabi/4.8.3/../../../../arm-none-eabi/lib/armv7-m\libm.a(lib_a-s_rint.o)
 .rodata.__sf_fake_stdin
                0x000080f8       0x20 c:/siliconlabs/simplicitystudio/v3/developer/toolchains/gnu_arm/4.8_2013q4/bin/../lib/gcc/arm-none-eabi/4.8.3/../../../../arm-none-eabi/lib/armv7-m\libc_s.a(lib_a-findfp.o)
                0x000080f8                __sf_fake_stdin
 .rodata.__sf_fake_stdout
                0x00008118       0x20 c:/siliconlabs/simplicitystudio/v3/developer/toolchains/gnu_arm/4.8_2013q4/bin/../lib/gcc/arm-none-eabi/4.8.3/../../../../arm-none-eabi/lib/armv7-m\libc_s.a(lib_a-findfp.o)
                0x00008118                __sf_fake_stdout
 .rodata.__sf_fake_stderr
                0x00008138       0x20 c:/siliconlabs/simplicitystudio/v3/developer/toolchains/gnu_arm/4.8_2013q4/bin/../lib/gcc/arm-none-eabi/4.8.3/../../../../arm-none-eabi/lib/armv7-m\libc_s.a(lib_a-findfp.o)
                0x00008138                __sf_fake_stderr
 .rodata.str1.1
                0x00008158        0x2 c:/siliconlabs/simplicitystudio/v3/developer/toolchains/gnu_arm/4.8_2013q4/bin/../lib/gcc/arm-none-eabi/4.8.3/../../../../arm-none-eabi/lib/armv7-m\libc_s.a(lib_a-impure.o)
 *fill*         0x0000815a        0x2 
 .rodata._global_impure_ptr
                0x0000815c        0x4 c:/siliconlabs/simplicitystudio/v3/developer/toolchains/gnu_arm/4.8_2013q4/bin/../lib/gcc/arm-none-eabi/4.8.3/../../../../arm-none-eabi/lib/armv7-m\libc_s.a(lib_a-impure.o)
                0x0000815c                _global_impure_ptr
 *(.eh_frame*)
 .eh_frame      0x00008160        0x0 c:/siliconlabs/simplicitystudio/v3/developer/toolchains/gnu_arm/4.8_2013q4/bin/../lib/gcc/arm-none-eabi/4.8.3/armv7-m/crtbegin.o
 .eh_frame      0x00008160        0x4 c:/siliconlabs/simplicitystudio/v3/developer/toolchains/gnu_arm/4.8_2013q4/bin/../lib/gcc/arm-none-eabi/4.8.3/armv7-m/crtend.o

.glue_7         0x00008164        0x0
 .glue_7        0x00000000        0x0 linker stubs

.glue_7t        0x00008164        0x0
 .glue_7t       0x00000000        0x0 linker stubs

.vfp11_veneer   0x00008164        0x0
 .vfp11_veneer  0x00000000        0x0 linker stubs

.v4_bx          0x00008164        0x0
 .v4_bx         0x00000000        0x0 linker stubs

.iplt           0x00008164        0x0
 .iplt          0x00000000        0x0 c:/siliconlabs/simplicitystudio/v3/developer/toolchains/gnu_arm/4.8_2013q4/bin/../lib/gcc/arm-none-eabi/4.8.3/armv7-m/crtbegin.o

.ARM.extab
 *(.ARM.extab* .gnu.linkonce.armextab.*)
                0x00008164                __exidx_start = .

.ARM.exidx      0x00008164        0x8
 *(.ARM.exidx* .gnu.linkonce.armexidx.*)
 .ARM.exidx     0x00008164        0x8 c:/siliconlabs/simplicitystudio/v3/developer/toolchains/gnu_arm/4.8_2013q4/bin/../lib/gcc/arm-none-eabi/4.8.3/../../../../arm-none-eabi/lib/armv7-m/crt0.o
                0x0000816c                __exidx_end = .
                0x0000816c                __etext = .

.rel.dyn        0x0000816c        0x0
 .rel.iplt      0x00000000        0x0 c:/siliconlabs/simplicitystudio/v3/developer/toolchains/gnu_arm/4.8_2013q4/bin/../lib/gcc/arm-none-eabi/4.8.3/armv7-m/crtbegin.o

.data           0x20000000       0xb0 load address 0x0000816c
                0x20000000                __data_start__ = .
 *(vtable)
 *(.data*)
 .data.SystemHFXOClock
                0x20000000        0x4 ./CMSIS/efm32gg/system_efm32gg.o
 .data.SystemLFXOClock
                0x20000004        0x4 ./CMSIS/efm32gg/system_efm32gg.o
 .data.charging
                0x20000008        0x4 ./src/aux_data.o
 .data.aux_start_delay_ms
                0x2000000c        0x4 ./src/aux_data.o
                0x2000000c                aux_start_delay_ms
 .data.adc_ch_liste
                0x20000010        0x4 ./src/aux_data.o
                0x20000010                adc_ch_liste
 .data.adc_reff_liste
                0x20000014        0x4 ./src/aux_data.o
                0x20000014                adc_reff_liste
 .data.num_channels
                0x20000018        0x4 ./src/aux_data.o
                0x20000018                num_channels
 .data.burtc_wait_max_ms
                0x2000001c        0x4 ./src/burtc_timer.o
                0x2000001c                burtc_wait_max_ms
 .data.charging_enable
                0x20000020        0x1 ./src/config_efm32.o
                0x20000020                charging_enable
 *fill*         0x20000021        0x3 
 .data.lcd_time_on
                0x20000024        0x4 ./src/lcd.o
                0x20000024                lcd_time_on
 .data.aux_min_interval
                0x20000028        0x2 ./src/repeter.o
                0x20000028                aux_min_interval
 *fill*         0x2000002a        0x2 
 .data.gl_sleep_mode_recording
                0x2000002c        0x4 ./src/repeter.o
                0x2000002c                gl_sleep_mode_recording
 .data.gl_sleep_mode_uart_rx
                0x20000030        0x4 ./src/repeter.o
                0x20000030                gl_sleep_mode_uart_rx
 .data.gl_sleep_mode_uart_tx
                0x20000034        0x4 ./src/repeter.o
                0x20000034                gl_sleep_mode_uart_tx
 .data.sleep_mode_uart
                0x20000038        0x4 ./src/repeter.o
                0x20000038                sleep_mode_uart
 .data.sleep_mode
                0x2000003c        0x4 ./src/repeter.o
                0x2000003c                sleep_mode
 .data.__fdlib_version
                0x20000040        0x1 c:/siliconlabs/simplicitystudio/v3/developer/toolchains/gnu_arm/4.8_2013q4/bin/../lib/gcc/arm-none-eabi/4.8.3/../../../../arm-none-eabi/lib/armv7-m\libm.a(lib_a-s_lib_ver.o)
                0x20000040                __fdlib_version
 *fill*         0x20000041        0x3 
 .data.impure_data
                0x20000044       0x60 c:/siliconlabs/simplicitystudio/v3/developer/toolchains/gnu_arm/4.8_2013q4/bin/../lib/gcc/arm-none-eabi/4.8.3/../../../../arm-none-eabi/lib/armv7-m\libc_s.a(lib_a-impure.o)
 .data._impure_ptr
                0x200000a4        0x4 c:/siliconlabs/simplicitystudio/v3/developer/toolchains/gnu_arm/4.8_2013q4/bin/../lib/gcc/arm-none-eabi/4.8.3/../../../../arm-none-eabi/lib/armv7-m\libc_s.a(lib_a-impure.o)
                0x200000a4                _impure_ptr
                0x200000a8                . = ALIGN (0x4)
 *(.ram)
                0x200000a8                . = ALIGN (0x4)
                0x200000a8                PROVIDE (__preinit_array_start, .)
 *(.preinit_array)
                0x200000a8                PROVIDE (__preinit_array_end, .)
                0x200000a8                . = ALIGN (0x4)
                0x200000a8                PROVIDE (__init_array_start, .)
 *(SORT(.init_array.*))
 *(.init_array)
 .init_array    0x200000a8        0x4 c:/siliconlabs/simplicitystudio/v3/developer/toolchains/gnu_arm/4.8_2013q4/bin/../lib/gcc/arm-none-eabi/4.8.3/armv7-m/crtbegin.o
                0x200000ac                PROVIDE (__init_array_end, .)
                0x200000ac                . = ALIGN (0x4)
                0x200000ac                PROVIDE (__fini_array_start, .)
 *(SORT(.fini_array.*))
 *(.fini_array)
 .fini_array    0x200000ac        0x4 c:/siliconlabs/simplicitystudio/v3/developer/toolchains/gnu_arm/4.8_2013q4/bin/../lib/gcc/arm-none-eabi/4.8.3/armv7-m/crtbegin.o
                0x200000b0                PROVIDE (__fini_array_end, .)
                0x200000b0                . = ALIGN (0x4)
                0x200000b0                __data_end__ = .

.jcr            0x200000b0        0x0 load address 0x0000821c
 .jcr           0x200000b0        0x0 c:/siliconlabs/simplicitystudio/v3/developer/toolchains/gnu_arm/4.8_2013q4/bin/../lib/gcc/arm-none-eabi/4.8.3/armv7-m/crtbegin.o

.igot.plt       0x200000b0        0x0 load address 0x0000821c
 .igot.plt      0x00000000        0x0 c:/siliconlabs/simplicitystudio/v3/developer/toolchains/gnu_arm/4.8_2013q4/bin/../lib/gcc/arm-none-eabi/4.8.3/armv7-m/crtbegin.o

.bss            0x200000b0      0x2ac load address 0x0000821c
                0x200000b0                __bss_start__ = .
 *(.bss*)
 .bss           0x200000b0       0x1c c:/siliconlabs/simplicitystudio/v3/developer/toolchains/gnu_arm/4.8_2013q4/bin/../lib/gcc/arm-none-eabi/4.8.3/armv7-m/crtbegin.o
 .bss.cmuStatus
                0x200000cc        0x4 ./emlib/em_emu.o
 .bss.gl_init_aux_data
                0x200000d0        0x1 ./src/aux_data.o
                0x200000d0                gl_init_aux_data
 .bss.gl_get_aux_data
                0x200000d1        0x1 ./src/aux_data.o
                0x200000d1                gl_get_aux_data
 .bss.gl_aux_data_recived
                0x200000d2        0x1 ./src/aux_data.o
                0x200000d2                gl_aux_data_recived
 *fill*         0x200000d3        0x1 
 .bss.battery_level
                0x200000d4        0x4 ./src/aux_data.o
                0x200000d4                battery_level
 .bss.adc_diff_liste
                0x200000d8        0x4 ./src/aux_data.o
                0x200000d8                adc_diff_liste
 .bss.mote_sleep
                0x200000dc        0x1 ./src/config_efm32.o
                0x200000dc                mote_sleep
 .bss.gl_socketID
                0x200000dd        0x1 ./src/dn_fsm.o
 *fill*         0x200000de        0x2 
 .bss.dn_mode   0x200000e0        0x4 ./src/dn_fsm.o
                0x200000e0                dn_mode
 .bss.dn_up     0x200000e4        0x1 ./src/dn_fsm.o
                0x200000e4                dn_up
 .bss.display_on
                0x200000e5        0x1 ./src/lcd.o
                0x200000e5                display_on
 *fill*         0x200000e6        0x2 
 .bss.secs_since_mote_check
                0x200000e8        0x4 ./src/repeter.o
                0x200000e8                secs_since_mote_check
 *(COMMON)
 COMMON         0x200000ec        0x4 ./CMSIS/efm32gg/system_efm32gg.o
                0x200000ec                SystemCoreClock
 COMMON         0x200000f0      0x124 ./src/aux_data.o
                0x200000f0                aux_sample
                0x20000104                app_vars
                0x20000210                gl_num_aux
 COMMON         0x20000214        0x8 ./src/burtc_timer.o
                0x20000214                burtc_delay_complete
                0x20000218                burtc_counter
 COMMON         0x2000021c        0x8 ./src/lcd.o
                0x2000021c                total_secs_since_mote_check
                0x20000220                last_secs_since_mote_check
 COMMON         0x20000224       0x90 ./sm_clib/dn_hdlc.o
                0x20000224                dn_hdlc_vars
 COMMON         0x200002b4       0x98 ./sm_clib/dn_ipmt.o
                0x200002b4                dn_ipmt_vars
 COMMON         0x2000034c        0xc ./sm_clib/dn_serial_mt.o
                0x2000034c                dn_serial_mt_vars
 COMMON         0x20000358        0x4 ./sm_clib/dn_uart.o
                0x20000358                dn_uart_vars
                0x2000035c                __bss_end__ = .

.heap           0x20000360      0xc00
                0x20000360                __end__ = .
                0x20000360                end = __end__
                0x20000360                _end = __end__
 *(.heap*)
 .heap          0x20000360      0xc00 ./CMSIS/efm32gg/startup_gcc_efm32gg.o
                0x20000360                __HeapBase
                0x20000f60                __HeapLimit = .

.stack_dummy    0x20000360      0x400
 *(.stack)
 .stack         0x20000360      0x400 ./CMSIS/efm32gg/startup_gcc_efm32gg.o
                0x20020000                __StackTop = (ORIGIN (RAM) + 0x20000)
                0x2001fc00                __StackLimit = (__StackTop - SIZEOF (.stack_dummy))
                0x20020000                PROVIDE (__stack, __StackTop)
                0x00000001                ASSERT ((__StackLimit >= __HeapLimit), region RAM overflowed with stack)
                0x00000001                ASSERT ((0x100000 >= (__etext + SIZEOF (.data))), FLASH memory overflowed !)
OUTPUT(RMAD-repeter.axf elf32-littlearm)

.ARM.attributes
                0x00000000       0x29
 .ARM.attributes
                0x00000000       0x1d c:/siliconlabs/simplicitystudio/v3/developer/toolchains/gnu_arm/4.8_2013q4/bin/../lib/gcc/arm-none-eabi/4.8.3/armv7-m/crti.o
 .ARM.attributes
                0x0000001d       0x2d c:/siliconlabs/simplicitystudio/v3/developer/toolchains/gnu_arm/4.8_2013q4/bin/../lib/gcc/arm-none-eabi/4.8.3/armv7-m/crtbegin.o
 .ARM.attributes
                0x0000004a       0x1b c:/siliconlabs/simplicitystudio/v3/developer/toolchains/gnu_arm/4.8_2013q4/bin/../lib/gcc/arm-none-eabi/4.8.3/../../../../arm-none-eabi/lib/armv7-m/crt0.o
 .ARM.attributes
                0x00000065       0x33 ./emlib/em_adc.o
 .ARM.attributes
                0x00000098       0x33 ./emlib/em_cmu.o
 .ARM.attributes
                0x000000cb       0x33 ./emlib/em_emu.o
 .ARM.attributes
                0x000000fe       0x33 ./emlib/em_gpio.o
 .ARM.attributes
                0x00000131       0x33 ./emlib/em_lcd.o
 .ARM.attributes
                0x00000164       0x33 ./emlib/em_rtc.o
 .ARM.attributes
                0x00000197       0x33 ./emlib/em_system.o
 .ARM.attributes
                0x000001ca       0x33 ./Drivers/segmentlcd.o
 .ARM.attributes
                0x000001fd       0x1b ./CMSIS/efm32gg/startup_gcc_efm32gg.o
 .ARM.attributes
                0x00000218       0x33 ./CMSIS/efm32gg/system_efm32gg.o
 .ARM.attributes
                0x0000024b       0x33 ./src/aux_data.o
 .ARM.attributes
                0x0000027e       0x33 ./src/burtc_timer.o
 .ARM.attributes
                0x000002b1       0x33 ./src/config_efm32.o
 .ARM.attributes
                0x000002e4       0x33 ./src/dn_fsm.o
 .ARM.attributes
                0x00000317       0x33 ./src/irqs.o
 .ARM.attributes
                0x0000034a       0x33 ./src/lcd.o
 .ARM.attributes
                0x0000037d       0x33 ./src/repeter.o
 .ARM.attributes
                0x000003b0       0x33 ./sm_clib/dn_endianness.o
 .ARM.attributes
                0x000003e3       0x33 ./sm_clib/dn_hdlc.o
 .ARM.attributes
                0x00000416       0x33 ./sm_clib/dn_ipmt.o
 .ARM.attributes
                0x00000449       0x33 ./sm_clib/dn_lock.o
 .ARM.attributes
                0x0000047c       0x33 ./sm_clib/dn_serial_mt.o
 .ARM.attributes
                0x000004af       0x33 ./sm_clib/dn_uart.o
 .ARM.attributes
                0x000004e2       0x33 ./emlib/em_burtc.o
 .ARM.attributes
                0x00000515       0x33 ./emlib/em_dac.o
 .ARM.attributes
                0x00000548       0x33 ./emlib/em_dma.o
 .ARM.attributes
                0x0000057b       0x33 ./emlib/em_rmu.o
 .ARM.attributes
                0x000005ae       0x33 ./emlib/em_usart.o
 .ARM.attributes
                0x000005e1       0x33 ./emlib/em_wdog.o
 .ARM.attributes
                0x00000614       0x33 ./Drivers/retargetio.o
 .ARM.attributes
                0x00000647       0x2d c:/siliconlabs/simplicitystudio/v3/developer/toolchains/gnu_arm/4.8_2013q4/bin/../lib/gcc/arm-none-eabi/4.8.3/../../../../arm-none-eabi/lib/armv7-m\libm.a(lib_a-w_pow.o)
 .ARM.attributes
                0x00000674       0x2d c:/siliconlabs/simplicitystudio/v3/developer/toolchains/gnu_arm/4.8_2013q4/bin/../lib/gcc/arm-none-eabi/4.8.3/../../../../arm-none-eabi/lib/armv7-m\libm.a(lib_a-e_pow.o)
 .ARM.attributes
                0x000006a1       0x2d c:/siliconlabs/simplicitystudio/v3/developer/toolchains/gnu_arm/4.8_2013q4/bin/../lib/gcc/arm-none-eabi/4.8.3/../../../../arm-none-eabi/lib/armv7-m\libm.a(lib_a-e_sqrt.o)
 .ARM.attributes
                0x000006ce       0x2d c:/siliconlabs/simplicitystudio/v3/developer/toolchains/gnu_arm/4.8_2013q4/bin/../lib/gcc/arm-none-eabi/4.8.3/../../../../arm-none-eabi/lib/armv7-m\libm.a(lib_a-s_fabs.o)
 .ARM.attributes
                0x000006fb       0x2d c:/siliconlabs/simplicitystudio/v3/developer/toolchains/gnu_arm/4.8_2013q4/bin/../lib/gcc/arm-none-eabi/4.8.3/../../../../arm-none-eabi/lib/armv7-m\libm.a(lib_a-s_finite.o)
 .ARM.attributes
                0x00000728       0x2d c:/siliconlabs/simplicitystudio/v3/developer/toolchains/gnu_arm/4.8_2013q4/bin/../lib/gcc/arm-none-eabi/4.8.3/../../../../arm-none-eabi/lib/armv7-m\libm.a(lib_a-s_fpclassify.o)
 .ARM.attributes
                0x00000755       0x2d c:/siliconlabs/simplicitystudio/v3/developer/toolchains/gnu_arm/4.8_2013q4/bin/../lib/gcc/arm-none-eabi/4.8.3/../../../../arm-none-eabi/lib/armv7-m\libm.a(lib_a-s_lib_ver.o)
 .ARM.attributes
                0x00000782       0x2d c:/siliconlabs/simplicitystudio/v3/developer/toolchains/gnu_arm/4.8_2013q4/bin/../lib/gcc/arm-none-eabi/4.8.3/../../../../arm-none-eabi/lib/armv7-m\libm.a(lib_a-s_matherr.o)
 .ARM.attributes
                0x000007af       0x2d c:/siliconlabs/simplicitystudio/v3/developer/toolchains/gnu_arm/4.8_2013q4/bin/../lib/gcc/arm-none-eabi/4.8.3/../../../../arm-none-eabi/lib/armv7-m\libm.a(lib_a-s_nan.o)
 .ARM.attributes
                0x000007dc       0x2d c:/siliconlabs/simplicitystudio/v3/developer/toolchains/gnu_arm/4.8_2013q4/bin/../lib/gcc/arm-none-eabi/4.8.3/../../../../arm-none-eabi/lib/armv7-m\libm.a(lib_a-s_rint.o)
 .ARM.attributes
                0x00000809       0x2d c:/siliconlabs/simplicitystudio/v3/developer/toolchains/gnu_arm/4.8_2013q4/bin/../lib/gcc/arm-none-eabi/4.8.3/../../../../arm-none-eabi/lib/armv7-m\libm.a(lib_a-s_scalbn.o)
 .ARM.attributes
                0x00000836       0x2d c:/siliconlabs/simplicitystudio/v3/developer/toolchains/gnu_arm/4.8_2013q4/bin/../lib/gcc/arm-none-eabi/4.8.3/../../../../arm-none-eabi/lib/armv7-m\libm.a(lib_a-s_copysign.o)
 .ARM.attributes
                0x00000863       0x1d c:/siliconlabs/simplicitystudio/v3/developer/toolchains/gnu_arm/4.8_2013q4/bin/../lib/gcc/arm-none-eabi/4.8.3/armv7-m\libgcc.a(_arm_addsubdf3.o)
 .ARM.attributes
                0x00000880       0x1d c:/siliconlabs/simplicitystudio/v3/developer/toolchains/gnu_arm/4.8_2013q4/bin/../lib/gcc/arm-none-eabi/4.8.3/armv7-m\libgcc.a(_arm_muldivdf3.o)
 .ARM.attributes
                0x0000089d       0x1d c:/siliconlabs/simplicitystudio/v3/developer/toolchains/gnu_arm/4.8_2013q4/bin/../lib/gcc/arm-none-eabi/4.8.3/armv7-m\libgcc.a(_arm_cmpdf2.o)
 .ARM.attributes
                0x000008ba       0x1d c:/siliconlabs/simplicitystudio/v3/developer/toolchains/gnu_arm/4.8_2013q4/bin/../lib/gcc/arm-none-eabi/4.8.3/armv7-m\libgcc.a(_arm_fixunsdfsi.o)
 .ARM.attributes
                0x000008d7       0x1d c:/siliconlabs/simplicitystudio/v3/developer/toolchains/gnu_arm/4.8_2013q4/bin/../lib/gcc/arm-none-eabi/4.8.3/armv7-m\libgcc.a(_arm_addsubsf3.o)
 .ARM.attributes
                0x000008f4       0x1d c:/siliconlabs/simplicitystudio/v3/developer/toolchains/gnu_arm/4.8_2013q4/bin/../lib/gcc/arm-none-eabi/4.8.3/armv7-m\libgcc.a(_arm_muldivsf3.o)
 .ARM.attributes
                0x00000911       0x1d c:/siliconlabs/simplicitystudio/v3/developer/toolchains/gnu_arm/4.8_2013q4/bin/../lib/gcc/arm-none-eabi/4.8.3/armv7-m\libgcc.a(_arm_fixsfsi.o)
 .ARM.attributes
                0x0000092e       0x1d c:/siliconlabs/simplicitystudio/v3/developer/toolchains/gnu_arm/4.8_2013q4/bin/../lib/gcc/arm-none-eabi/4.8.3/armv7-m\libgcc.a(_arm_fixunssfsi.o)
 .ARM.attributes
                0x0000094b       0x2d c:/siliconlabs/simplicitystudio/v3/developer/toolchains/gnu_arm/4.8_2013q4/bin/../lib/gcc/arm-none-eabi/4.8.3/../../../../arm-none-eabi/lib/armv7-m\libc_s.a(lib_a-abs.o)
 .ARM.attributes
                0x00000978       0x2d c:/siliconlabs/simplicitystudio/v3/developer/toolchains/gnu_arm/4.8_2013q4/bin/../lib/gcc/arm-none-eabi/4.8.3/../../../../arm-none-eabi/lib/armv7-m\libc_s.a(lib_a-errno.o)
 .ARM.attributes
                0x000009a5       0x2d c:/siliconlabs/simplicitystudio/v3/developer/toolchains/gnu_arm/4.8_2013q4/bin/../lib/gcc/arm-none-eabi/4.8.3/../../../../arm-none-eabi/lib/armv7-m\libc_s.a(lib_a-exit.o)
 .ARM.attributes
                0x000009d2       0x2d c:/siliconlabs/simplicitystudio/v3/developer/toolchains/gnu_arm/4.8_2013q4/bin/../lib/gcc/arm-none-eabi/4.8.3/../../../../arm-none-eabi/lib/armv7-m\libc_s.a(lib_a-findfp.o)
 .ARM.attributes
                0x000009ff       0x2d c:/siliconlabs/simplicitystudio/v3/developer/toolchains/gnu_arm/4.8_2013q4/bin/../lib/gcc/arm-none-eabi/4.8.3/../../../../arm-none-eabi/lib/armv7-m\libc_s.a(lib_a-impure.o)
 .ARM.attributes
                0x00000a2c       0x2d c:/siliconlabs/simplicitystudio/v3/developer/toolchains/gnu_arm/4.8_2013q4/bin/../lib/gcc/arm-none-eabi/4.8.3/../../../../arm-none-eabi/lib/armv7-m\libc_s.a(lib_a-init.o)
 .ARM.attributes
                0x00000a59       0x2d c:/siliconlabs/simplicitystudio/v3/developer/toolchains/gnu_arm/4.8_2013q4/bin/../lib/gcc/arm-none-eabi/4.8.3/../../../../arm-none-eabi/lib/armv7-m\libc_s.a(lib_a-memcpy-stub.o)
 .ARM.attributes
                0x00000a86       0x2d c:/siliconlabs/simplicitystudio/v3/developer/toolchains/gnu_arm/4.8_2013q4/bin/../lib/gcc/arm-none-eabi/4.8.3/../../../../arm-none-eabi/lib/armv7-m\libc_s.a(lib_a-memset.o)
 .ARM.attributes
                0x00000ab3       0x2d c:/siliconlabs/simplicitystudio/v3/developer/toolchains/gnu_arm/4.8_2013q4/bin/../lib/gcc/arm-none-eabi/4.8.3/../../../../arm-none-eabi/lib/armv7-m\libc_s.a(lib_a-strlen.o)
 .ARM.attributes
                0x00000ae0       0x2d c:/siliconlabs/simplicitystudio/v3/developer/toolchains/gnu_arm/4.8_2013q4/bin/../lib/gcc/arm-none-eabi/4.8.3/armv7-m/crtend.o
 .ARM.attributes
                0x00000b0d       0x1d c:/siliconlabs/simplicitystudio/v3/developer/toolchains/gnu_arm/4.8_2013q4/bin/../lib/gcc/arm-none-eabi/4.8.3/armv7-m/crtn.o

.comment        0x00000000       0x70
 .comment       0x00000000       0x70 ./emlib/em_adc.o
                                 0x71 (size before relaxing)
 .comment       0x00000000       0x71 ./emlib/em_cmu.o
 .comment       0x00000000       0x71 ./emlib/em_emu.o
 .comment       0x00000000       0x71 ./emlib/em_gpio.o
 .comment       0x00000000       0x71 ./emlib/em_lcd.o
 .comment       0x00000000       0x71 ./emlib/em_rtc.o
 .comment       0x00000000       0x71 ./emlib/em_system.o
 .comment       0x00000000       0x71 ./Drivers/segmentlcd.o
 .comment       0x00000000       0x71 ./CMSIS/efm32gg/system_efm32gg.o
 .comment       0x00000000       0x71 ./src/aux_data.o
 .comment       0x00000000       0x71 ./src/burtc_timer.o
 .comment       0x00000000       0x71 ./src/config_efm32.o
 .comment       0x00000000       0x71 ./src/dn_fsm.o
 .comment       0x00000000       0x71 ./src/irqs.o
 .comment       0x00000000       0x71 ./src/lcd.o
 .comment       0x00000000       0x71 ./src/repeter.o
 .comment       0x00000000       0x71 ./sm_clib/dn_endianness.o
 .comment       0x00000000       0x71 ./sm_clib/dn_hdlc.o
 .comment       0x00000000       0x71 ./sm_clib/dn_ipmt.o
 .comment       0x00000000       0x71 ./sm_clib/dn_lock.o
 .comment       0x00000000       0x71 ./sm_clib/dn_serial_mt.o
 .comment       0x00000000       0x71 ./sm_clib/dn_uart.o
 .comment       0x00000000       0x71 ./emlib/em_burtc.o
 .comment       0x00000000       0x71 ./emlib/em_dac.o
 .comment       0x00000000       0x71 ./emlib/em_dma.o
 .comment       0x00000000       0x71 ./emlib/em_rmu.o
 .comment       0x00000000       0x71 ./emlib/em_usart.o
 .comment       0x00000000       0x71 ./emlib/em_wdog.o
 .comment       0x00000000       0x71 ./Drivers/retargetio.o

.debug_info     0x00000000    0x135c0
 .debug_info    0x00000000      0xa74 ./emlib/em_adc.o
 .debug_info    0x00000a74     0x14dc ./emlib/em_cmu.o
 .debug_info    0x00001f50      0xd84 ./emlib/em_emu.o
 .debug_info    0x00002cd4      0x64c ./emlib/em_gpio.o
 .debug_info    0x00003320      0xa30 ./emlib/em_lcd.o
 .debug_info    0x00003d50      0x331 ./emlib/em_rtc.o
 .debug_info    0x00004081      0x249 ./emlib/em_system.o
 .debug_info    0x000042ca     0x11aa ./Drivers/segmentlcd.o
 .debug_info    0x00005474       0x8f ./CMSIS/efm32gg/startup_gcc_efm32gg.o
 .debug_info    0x00005503      0x561 ./CMSIS/efm32gg/system_efm32gg.o
 .debug_info    0x00005a64      0xa53 ./src/aux_data.o
 .debug_info    0x000064b7      0x8b5 ./src/burtc_timer.o
 .debug_info    0x00006d6c     0x2645 ./src/config_efm32.o
 .debug_info    0x000093b1      0x9af ./src/dn_fsm.o
 .debug_info    0x00009d60      0xb31 ./src/irqs.o
 .debug_info    0x0000a891      0x2bb ./src/lcd.o
 .debug_info    0x0000ab4c      0x376 ./src/repeter.o
 .debug_info    0x0000aec2      0x18f ./sm_clib/dn_endianness.o
 .debug_info    0x0000b051      0x2d4 ./sm_clib/dn_hdlc.o
 .debug_info    0x0000b325     0x352f ./sm_clib/dn_ipmt.o
 .debug_info    0x0000e854       0xac ./sm_clib/dn_lock.o
 .debug_info    0x0000e900      0x38a ./sm_clib/dn_serial_mt.o
 .debug_info    0x0000ec8a      0x2e2 ./sm_clib/dn_uart.o
 .debug_info    0x0000ef6c      0x61b ./emlib/em_burtc.o
 .debug_info    0x0000f587      0x8e1 ./emlib/em_dac.o
 .debug_info    0x0000fe68     0x12c1 ./emlib/em_dma.o
 .debug_info    0x00011129      0x49d ./emlib/em_rmu.o
 .debug_info    0x000115c6      0xed6 ./emlib/em_usart.o
 .debug_info    0x0001249c      0x356 ./emlib/em_wdog.o
 .debug_info    0x000127f2      0xdce ./Drivers/retargetio.o

.debug_abbrev   0x00000000     0x2fea
 .debug_abbrev  0x00000000      0x1b3 ./emlib/em_adc.o
 .debug_abbrev  0x000001b3      0x2fb ./emlib/em_cmu.o
 .debug_abbrev  0x000004ae      0x257 ./emlib/em_emu.o
 .debug_abbrev  0x00000705      0x1d2 ./emlib/em_gpio.o
 .debug_abbrev  0x000008d7      0x1c5 ./emlib/em_lcd.o
 .debug_abbrev  0x00000a9c      0x19b ./emlib/em_rtc.o
 .debug_abbrev  0x00000c37       0xf2 ./emlib/em_system.o
 .debug_abbrev  0x00000d29      0x197 ./Drivers/segmentlcd.o
 .debug_abbrev  0x00000ec0       0x14 ./CMSIS/efm32gg/startup_gcc_efm32gg.o
 .debug_abbrev  0x00000ed4      0x16d ./CMSIS/efm32gg/system_efm32gg.o
 .debug_abbrev  0x00001041      0x1c1 ./src/aux_data.o
 .debug_abbrev  0x00001202      0x205 ./src/burtc_timer.o
 .debug_abbrev  0x00001407      0x28f ./src/config_efm32.o
 .debug_abbrev  0x00001696      0x23b ./src/dn_fsm.o
 .debug_abbrev  0x000018d1      0x207 ./src/irqs.o
 .debug_abbrev  0x00001ad8       0xe7 ./src/lcd.o
 .debug_abbrev  0x00001bbf      0x11f ./src/repeter.o
 .debug_abbrev  0x00001cde       0x7d ./sm_clib/dn_endianness.o
 .debug_abbrev  0x00001d5b      0x142 ./sm_clib/dn_hdlc.o
 .debug_abbrev  0x00001e9d      0x1e3 ./sm_clib/dn_ipmt.o
 .debug_abbrev  0x00002080       0x45 ./sm_clib/dn_lock.o
 .debug_abbrev  0x000020c5      0x123 ./sm_clib/dn_serial_mt.o
 .debug_abbrev  0x000021e8      0x109 ./sm_clib/dn_uart.o
 .debug_abbrev  0x000022f1      0x1dd ./emlib/em_burtc.o
 .debug_abbrev  0x000024ce      0x1ba ./emlib/em_dac.o
 .debug_abbrev  0x00002688      0x23e ./emlib/em_dma.o
 .debug_abbrev  0x000028c6      0x1d7 ./emlib/em_rmu.o
 .debug_abbrev  0x00002a9d      0x1d5 ./emlib/em_usart.o
 .debug_abbrev  0x00002c72      0x11e ./emlib/em_wdog.o
 .debug_abbrev  0x00002d90      0x25a ./Drivers/retargetio.o

.debug_loc      0x00000000     0x5c58
 .debug_loc     0x00000000      0x188 ./emlib/em_adc.o
 .debug_loc     0x00000188      0x8d0 ./emlib/em_cmu.o
 .debug_loc     0x00000a58      0x3b4 ./emlib/em_emu.o
 .debug_loc     0x00000e0c      0x268 ./emlib/em_gpio.o
 .debug_loc     0x00001074      0x3b8 ./emlib/em_lcd.o
 .debug_loc     0x0000142c      0x1a8 ./emlib/em_rtc.o
 .debug_loc     0x000015d4       0x70 ./emlib/em_system.o
 .debug_loc     0x00001644      0x45c ./Drivers/segmentlcd.o
 .debug_loc     0x00001aa0      0x214 ./CMSIS/efm32gg/system_efm32gg.o
 .debug_loc     0x00001cb4      0x170 ./src/aux_data.o
 .debug_loc     0x00001e24      0x1d4 ./src/burtc_timer.o
 .debug_loc     0x00001ff8      0x6e8 ./src/config_efm32.o
 .debug_loc     0x000026e0      0x4a6 ./src/dn_fsm.o
 .debug_loc     0x00002b86      0x3c0 ./src/irqs.o
 .debug_loc     0x00002f46      0x100 ./src/lcd.o
 .debug_loc     0x00003046       0x64 ./src/repeter.o
 .debug_loc     0x000030aa       0xe0 ./sm_clib/dn_endianness.o
 .debug_loc     0x0000318a      0x1d4 ./sm_clib/dn_hdlc.o
 .debug_loc     0x0000335e     0x144c ./sm_clib/dn_ipmt.o
 .debug_loc     0x000047aa       0x58 ./sm_clib/dn_lock.o
 .debug_loc     0x00004802      0x118 ./sm_clib/dn_serial_mt.o
 .debug_loc     0x0000491a       0x9c ./sm_clib/dn_uart.o
 .debug_loc     0x000049b6      0x2cc ./emlib/em_burtc.o
 .debug_loc     0x00004c82      0x1f8 ./emlib/em_dac.o
 .debug_loc     0x00004e7a      0x498 ./emlib/em_dma.o
 .debug_loc     0x00005312      0x170 ./emlib/em_rmu.o
 .debug_loc     0x00005482      0x49a ./emlib/em_usart.o
 .debug_loc     0x0000591c      0x118 ./emlib/em_wdog.o
 .debug_loc     0x00005a34      0x224 ./Drivers/retargetio.o

.debug_aranges  0x00000000     0x1078
 .debug_aranges
                0x00000000       0x50 ./emlib/em_adc.o
 .debug_aranges
                0x00000050      0x168 ./emlib/em_cmu.o
 .debug_aranges
                0x000001b8       0xa8 ./emlib/em_emu.o
 .debug_aranges
                0x00000260       0x70 ./emlib/em_gpio.o
 .debug_aranges
                0x000002d0       0xa0 ./emlib/em_lcd.o
 .debug_aranges
                0x00000370       0x58 ./emlib/em_rtc.o
 .debug_aranges
                0x000003c8       0x28 ./emlib/em_system.o
 .debug_aranges
                0x000003f0       0xc0 ./Drivers/segmentlcd.o
 .debug_aranges
                0x000004b0       0x20 ./CMSIS/efm32gg/startup_gcc_efm32gg.o
 .debug_aranges
                0x000004d0       0x70 ./CMSIS/efm32gg/system_efm32gg.o
 .debug_aranges
                0x00000540       0x50 ./src/aux_data.o
 .debug_aranges
                0x00000590       0x60 ./src/burtc_timer.o
 .debug_aranges
                0x000005f0      0x118 ./src/config_efm32.o
 .debug_aranges
                0x00000708       0xd8 ./src/dn_fsm.o
 .debug_aranges
                0x000007e0       0xa8 ./src/irqs.o
 .debug_aranges
                0x00000888       0x40 ./src/lcd.o
 .debug_aranges
                0x000008c8       0x28 ./src/repeter.o
 .debug_aranges
                0x000008f0       0x38 ./sm_clib/dn_endianness.o
 .debug_aranges
                0x00000928       0x60 ./sm_clib/dn_hdlc.o
 .debug_aranges
                0x00000988      0x300 ./sm_clib/dn_ipmt.o
 .debug_aranges
                0x00000c88       0x28 ./sm_clib/dn_lock.o
 .debug_aranges
                0x00000cb0       0x40 ./sm_clib/dn_serial_mt.o
 .debug_aranges
                0x00000cf0       0x30 ./sm_clib/dn_uart.o
 .debug_aranges
                0x00000d20       0x80 ./emlib/em_burtc.o
 .debug_aranges
                0x00000da0       0x60 ./emlib/em_dac.o
 .debug_aranges
                0x00000e00       0xc0 ./emlib/em_dma.o
 .debug_aranges
                0x00000ec0       0x50 ./emlib/em_rmu.o
 .debug_aranges
                0x00000f10       0xc0 ./emlib/em_usart.o
 .debug_aranges
                0x00000fd0       0x40 ./emlib/em_wdog.o
 .debug_aranges
                0x00001010       0x68 ./Drivers/retargetio.o

.debug_ranges   0x00000000      0xeb8
 .debug_ranges  0x00000000       0x40 ./emlib/em_adc.o
 .debug_ranges  0x00000040      0x158 ./emlib/em_cmu.o
 .debug_ranges  0x00000198       0x98 ./emlib/em_emu.o
 .debug_ranges  0x00000230       0x60 ./emlib/em_gpio.o
 .debug_ranges  0x00000290       0x90 ./emlib/em_lcd.o
 .debug_ranges  0x00000320       0x48 ./emlib/em_rtc.o
 .debug_ranges  0x00000368       0x18 ./emlib/em_system.o
 .debug_ranges  0x00000380       0xb0 ./Drivers/segmentlcd.o
 .debug_ranges  0x00000430       0x60 ./CMSIS/efm32gg/system_efm32gg.o
 .debug_ranges  0x00000490       0x40 ./src/aux_data.o
 .debug_ranges  0x000004d0       0x50 ./src/burtc_timer.o
 .debug_ranges  0x00000520      0x108 ./src/config_efm32.o
 .debug_ranges  0x00000628       0xe0 ./src/dn_fsm.o
 .debug_ranges  0x00000708       0x98 ./src/irqs.o
 .debug_ranges  0x000007a0       0x30 ./src/lcd.o
 .debug_ranges  0x000007d0       0x30 ./src/repeter.o
 .debug_ranges  0x00000800       0x28 ./sm_clib/dn_endianness.o
 .debug_ranges  0x00000828       0x50 ./sm_clib/dn_hdlc.o
 .debug_ranges  0x00000878      0x2f0 ./sm_clib/dn_ipmt.o
 .debug_ranges  0x00000b68       0x18 ./sm_clib/dn_lock.o
 .debug_ranges  0x00000b80       0x30 ./sm_clib/dn_serial_mt.o
 .debug_ranges  0x00000bb0       0x20 ./sm_clib/dn_uart.o
 .debug_ranges  0x00000bd0       0x70 ./emlib/em_burtc.o
 .debug_ranges  0x00000c40       0x50 ./emlib/em_dac.o
 .debug_ranges  0x00000c90       0xb0 ./emlib/em_dma.o
 .debug_ranges  0x00000d40       0x40 ./emlib/em_rmu.o
 .debug_ranges  0x00000d80       0xb0 ./emlib/em_usart.o
 .debug_ranges  0x00000e30       0x30 ./emlib/em_wdog.o
 .debug_ranges  0x00000e60       0x58 ./Drivers/retargetio.o

.debug_macro    0x00000000     0x73e4
 .debug_macro   0x00000000      0x331 ./emlib/em_adc.o
 .debug_macro   0x00000331       0xac ./emlib/em_adc.o
 .debug_macro   0x000003dd      0x232 ./emlib/em_adc.o
 .debug_macro   0x0000060f      0x166 ./emlib/em_adc.o
 .debug_macro   0x00000775      0x31d ./emlib/em_cmu.o
 .debug_macro   0x00000a92       0x2b ./emlib/em_cmu.o
 .debug_macro   0x00000abd       0xee ./emlib/em_cmu.o
 .debug_macro   0x00000bab       0x1f ./emlib/em_cmu.o
 .debug_macro   0x00000bca       0x58 ./emlib/em_cmu.o
 .debug_macro   0x00000c22      0x2f9 ./emlib/em_emu.o
 .debug_macro   0x00000f1b       0x25 ./emlib/em_emu.o
 .debug_macro   0x00000f40       0x19 ./emlib/em_emu.o
 .debug_macro   0x00000f59      0x29a ./emlib/em_gpio.o
 .debug_macro   0x000011f3       0x7d ./emlib/em_gpio.o
 .debug_macro   0x00001270      0x290 ./emlib/em_lcd.o
 .debug_macro   0x00001500      0x295 ./emlib/em_rtc.o
 .debug_macro   0x00001795      0x27f ./emlib/em_system.o
 .debug_macro   0x00001a14      0x44e ./src/aux_data.o
 .debug_macro   0x00001e62       0x3a ./src/aux_data.o
 .debug_macro   0x00001e9c       0x52 ./src/aux_data.o
 .debug_macro   0x00001eee       0x16 ./src/aux_data.o
 .debug_macro   0x00001f04       0x19 ./src/aux_data.o
 .debug_macro   0x00001f1d       0x22 ./src/aux_data.o
 .debug_macro   0x00001f3f       0xbd ./src/aux_data.o
 .debug_macro   0x00001ffc      0x134 ./src/aux_data.o
 .debug_macro   0x00002130       0x16 ./src/aux_data.o
 .debug_macro   0x00002146      0x214 ./src/aux_data.o
 .debug_macro   0x0000235a       0xb2 ./src/aux_data.o
 .debug_macro   0x0000240c      0x180 ./src/aux_data.o
 .debug_macro   0x0000258c      0x2a6 ./src/aux_data.o
 .debug_macro   0x00002832       0x10 ./src/aux_data.o
 .debug_macro   0x00002842       0x35 ./src/aux_data.o
 .debug_macro   0x00002877       0x1c ./src/aux_data.o
 .debug_macro   0x00002893       0x10 ./src/aux_data.o
 .debug_macro   0x000028a3       0x16 ./src/aux_data.o
 .debug_macro   0x000028b9      0x14a ./src/aux_data.o
 .debug_macro   0x00002a03       0xde ./src/aux_data.o
 .debug_macro   0x00002ae1       0x1e ./src/aux_data.o
 .debug_macro   0x00002aff       0x10 ./src/aux_data.o
 .debug_macro   0x00002b0f       0x1c ./src/aux_data.o
 .debug_macro   0x00002b2b       0x11 ./src/aux_data.o
 .debug_macro   0x00002b3c      0x117 ./src/aux_data.o
 .debug_macro   0x00002c53       0x22 ./src/aux_data.o
 .debug_macro   0x00002c75       0x10 ./src/aux_data.o
 .debug_macro   0x00002c85      0x452 ./src/aux_data.o
 .debug_macro   0x000030d7       0x10 ./src/aux_data.o
 .debug_macro   0x000030e7      0x7b4 ./src/aux_data.o
 .debug_macro   0x0000389b       0xa6 ./src/aux_data.o
 .debug_macro   0x00003941      0x3a3 ./src/burtc_timer.o
 .debug_macro   0x00003ce4       0x2d ./src/burtc_timer.o
 .debug_macro   0x00003d11       0x10 ./src/burtc_timer.o
 .debug_macro   0x00003d21       0x41 ./src/burtc_timer.o
 .debug_macro   0x00003d62       0x18 ./src/burtc_timer.o
 .debug_macro   0x00003d7a      0x36f ./src/config_efm32.o
 .debug_macro   0x000040e9       0x43 ./src/config_efm32.o
 .debug_macro   0x0000412c       0x11 ./src/config_efm32.o
 .debug_macro   0x0000413d      0x238 ./src/config_efm32.o
 .debug_macro   0x00004375       0x18 ./src/config_efm32.o
 .debug_macro   0x0000438d       0x10 ./src/config_efm32.o
 .debug_macro   0x0000439d      0x3fe ./src/dn_fsm.o
 .debug_macro   0x0000479b       0x82 ./src/dn_fsm.o
 .debug_macro   0x0000481d       0xf6 ./src/dn_fsm.o
 .debug_macro   0x00004913       0x3a ./src/dn_fsm.o
 .debug_macro   0x0000494d       0x10 ./src/dn_fsm.o
 .debug_macro   0x0000495d      0x41f ./src/irqs.o
 .debug_macro   0x00004d7c       0x34 ./src/irqs.o
 .debug_macro   0x00004db0      0x325 ./src/lcd.o
 .debug_macro   0x000050d5      0x49e ./src/repeter.o
 .debug_macro   0x00005573       0x16 ./src/repeter.o
 .debug_macro   0x00005589       0x22 ./src/repeter.o
 .debug_macro   0x000055ab       0x16 ./src/repeter.o
 .debug_macro   0x000055c1      0x13a ./src/repeter.o
 .debug_macro   0x000056fb      0x124 ./sm_clib/dn_endianness.o
 .debug_macro   0x0000581f      0x13d ./sm_clib/dn_hdlc.o
 .debug_macro   0x0000595c       0x2e ./sm_clib/dn_hdlc.o
 .debug_macro   0x0000598a      0x154 ./sm_clib/dn_ipmt.o
 .debug_macro   0x00005ade       0x28 ./sm_clib/dn_ipmt.o
 .debug_macro   0x00005b06      0x124 ./sm_clib/dn_lock.o
 .debug_macro   0x00005c2a      0x132 ./sm_clib/dn_serial_mt.o
 .debug_macro   0x00005d5c       0x22 ./sm_clib/dn_serial_mt.o
 .debug_macro   0x00005d7e      0x357 ./sm_clib/dn_uart.o
 .debug_macro   0x000060d5       0x27 ./sm_clib/dn_uart.o
 .debug_macro   0x000060fc      0x28e ./emlib/em_burtc.o
 .debug_macro   0x0000638a       0x3b ./emlib/em_burtc.o
 .debug_macro   0x000063c5      0x2b1 ./emlib/em_dac.o
 .debug_macro   0x00006676       0x18 ./emlib/em_dac.o
 .debug_macro   0x0000668e      0x340 ./emlib/em_dma.o
 .debug_macro   0x000069ce       0x16 ./emlib/em_dma.o
 .debug_macro   0x000069e4       0x97 ./emlib/em_dma.o
 .debug_macro   0x00006a7b       0xef ./emlib/em_dma.o
 .debug_macro   0x00006b6a      0x31f ./emlib/em_rmu.o
 .debug_macro   0x00006e89      0x2c4 ./emlib/em_usart.o
 .debug_macro   0x0000714d      0x285 ./emlib/em_wdog.o
 .debug_macro   0x000073d2       0x12 ./emlib/em_wdog.o

.debug_line     0x00000000     0xfee5
 .debug_line    0x00000000      0x889 ./emlib/em_adc.o
 .debug_line    0x00000889      0xf53 ./emlib/em_cmu.o
 .debug_line    0x000017dc      0xa77 ./emlib/em_emu.o
 .debug_line    0x00002253      0x8cd ./emlib/em_gpio.o
 .debug_line    0x00002b20      0x99b ./emlib/em_lcd.o
 .debug_line    0x000034bb      0x829 ./emlib/em_rtc.o
 .debug_line    0x00003ce4      0x791 ./emlib/em_system.o
 .debug_line    0x00004475      0x5bb ./Drivers/segmentlcd.o
 .debug_line    0x00004a30       0x9f ./CMSIS/efm32gg/startup_gcc_efm32gg.o
 .debug_line    0x00004acf      0x278 ./CMSIS/efm32gg/system_efm32gg.o
 .debug_line    0x00004d47      0xb3c ./src/aux_data.o
 .debug_line    0x00005883      0xa59 ./src/burtc_timer.o
 .debug_line    0x000062dc      0xbe4 ./src/config_efm32.o
 .debug_line    0x00006ec0      0xca4 ./src/dn_fsm.o
 .debug_line    0x00007b64      0xc30 ./src/irqs.o
 .debug_line    0x00008794      0x91e ./src/lcd.o
 .debug_line    0x000090b2      0xb52 ./src/repeter.o
 .debug_line    0x00009c04      0x3a2 ./sm_clib/dn_endianness.o
 .debug_line    0x00009fa6      0x441 ./sm_clib/dn_hdlc.o
 .debug_line    0x0000a3e7     0x10c3 ./sm_clib/dn_ipmt.o
 .debug_line    0x0000b4aa      0x368 ./sm_clib/dn_lock.o
 .debug_line    0x0000b812      0x420 ./sm_clib/dn_serial_mt.o
 .debug_line    0x0000bc32      0x8c3 ./sm_clib/dn_uart.o
 .debug_line    0x0000c4f5      0x8d5 ./emlib/em_burtc.o
 .debug_line    0x0000cdca      0x85f ./emlib/em_dac.o
 .debug_line    0x0000d629      0xa97 ./emlib/em_dma.o
 .debug_line    0x0000e0c0      0x82e ./emlib/em_rmu.o
 .debug_line    0x0000e8ee      0xab6 ./emlib/em_usart.o
 .debug_line    0x0000f3a4      0x7f0 ./emlib/em_wdog.o
 .debug_line    0x0000fb94      0x351 ./Drivers/retargetio.o

.debug_str      0x00000000    0xe3c45
 .debug_str     0x00000000    0xd2210 ./emlib/em_adc.o
                              0xd2a1f (size before relaxing)
 .debug_str     0x000d2210     0x11c9 ./emlib/em_cmu.o
                              0xd2c72 (size before relaxing)
 .debug_str     0x000d33d9      0x4b8 ./emlib/em_emu.o
                              0xd20b6 (size before relaxing)
 .debug_str     0x000d3891      0x860 ./emlib/em_gpio.o
                              0xd1422 (size before relaxing)
 .debug_str     0x000d40f1      0x6f6 ./emlib/em_lcd.o
                              0xd12e8 (size before relaxing)
 .debug_str     0x000d47e7       0x95 ./emlib/em_rtc.o
                              0xd0cb6 (size before relaxing)
 .debug_str     0x000d487c       0xaa ./emlib/em_system.o
                              0xd0c4d (size before relaxing)
 .debug_str     0x000d4926      0x50c ./Drivers/segmentlcd.o
                                0xdab (size before relaxing)
 .debug_str     0x000d4e32      0x10c ./CMSIS/efm32gg/system_efm32gg.o
                                0x489 (size before relaxing)
 .debug_str     0x000d4f3e     0x9d0e ./src/aux_data.o
                              0xdb867 (size before relaxing)
 .debug_str     0x000dec4c      0x5f3 ./src/burtc_timer.o
                              0xd5b2d (size before relaxing)
 .debug_str     0x000df23f     0x125e ./src/config_efm32.o
                              0xd5e7a (size before relaxing)
 .debug_str     0x000e049d      0x3c6 ./src/dn_fsm.o
                              0xdaa99 (size before relaxing)
 .debug_str     0x000e0863      0x1c4 ./src/irqs.o
                              0xdaf38 (size before relaxing)
 .debug_str     0x000e0a27       0xe0 ./src/lcd.o
                              0xd46ba (size before relaxing)
 .debug_str     0x000e0b07      0x173 ./src/repeter.o
                              0xdb590 (size before relaxing)
 .debug_str     0x000e0c7a       0x66 ./sm_clib/dn_endianness.o
                               0x6166 (size before relaxing)
 .debug_str     0x000e0ce0      0x16a ./sm_clib/dn_hdlc.o
                               0x632d (size before relaxing)
 .debug_str     0x000e0e4a     0x149d ./sm_clib/dn_ipmt.o
                               0xa0c1 (size before relaxing)
 .debug_str     0x000e22e7       0x27 ./sm_clib/dn_lock.o
                               0x6107 (size before relaxing)
 .debug_str     0x000e230e      0x13c ./sm_clib/dn_serial_mt.o
                               0x6426 (size before relaxing)
 .debug_str     0x000e244a       0x8c ./sm_clib/dn_uart.o
                              0xd4365 (size before relaxing)
 .debug_str     0x000e24d6       0xaf ./emlib/em_burtc.o
                              0xd0f4e (size before relaxing)
 .debug_str     0x000e2585       0xcd ./emlib/em_dac.o
                              0xd1be1 (size before relaxing)
 .debug_str     0x000e2652      0x5d4 ./emlib/em_dma.o
                              0xd3bbd (size before relaxing)
 .debug_str     0x000e2c26      0x41e ./emlib/em_rmu.o
                              0xd1388 (size before relaxing)
 .debug_str     0x000e3044      0x6b0 ./emlib/em_usart.o
                              0xd240e (size before relaxing)
 .debug_str     0x000e36f4       0x46 ./emlib/em_wdog.o
                              0xd0de0 (size before relaxing)
 .debug_str     0x000e373a      0x50b ./Drivers/retargetio.o
                                0x753 (size before relaxing)

.debug_frame    0x00000000     0x38c8
 .debug_frame   0x00000000       0xec ./emlib/em_adc.o
 .debug_frame   0x000000ec      0x4dc ./emlib/em_cmu.o
 .debug_frame   0x000005c8      0x210 ./emlib/em_emu.o
 .debug_frame   0x000007d8      0x154 ./emlib/em_gpio.o
 .debug_frame   0x0000092c      0x1fc ./emlib/em_lcd.o
 .debug_frame   0x00000b28       0xf0 ./emlib/em_rtc.o
 .debug_frame   0x00000c18       0x48 ./emlib/em_system.o
 .debug_frame   0x00000c60      0x28c ./Drivers/segmentlcd.o
 .debug_frame   0x00000eec      0x138 ./CMSIS/efm32gg/system_efm32gg.o
 .debug_frame   0x00001024       0xe0 ./src/aux_data.o
 .debug_frame   0x00001104      0x10c ./src/burtc_timer.o
 .debug_frame   0x00001210      0x3f0 ./src/config_efm32.o
 .debug_frame   0x00001600      0x2d4 ./src/dn_fsm.o
 .debug_frame   0x000018d4      0x214 ./src/irqs.o
 .debug_frame   0x00001ae8       0xa8 ./src/lcd.o
 .debug_frame   0x00001b90       0x50 ./src/repeter.o
 .debug_frame   0x00001be0       0x80 ./sm_clib/dn_endianness.o
 .debug_frame   0x00001c60      0x118 ./sm_clib/dn_hdlc.o
 .debug_frame   0x00001d78      0xbac ./sm_clib/dn_ipmt.o
 .debug_frame   0x00002924       0x40 ./sm_clib/dn_lock.o
 .debug_frame   0x00002964       0xb0 ./sm_clib/dn_serial_mt.o
 .debug_frame   0x00002a14       0x64 ./sm_clib/dn_uart.o
 .debug_frame   0x00002a78      0x194 ./emlib/em_burtc.o
 .debug_frame   0x00002c0c      0x11c ./emlib/em_dac.o
 .debug_frame   0x00002d28      0x27c ./emlib/em_dma.o
 .debug_frame   0x00002fa4       0xd4 ./emlib/em_rmu.o
 .debug_frame   0x00003078      0x27c ./emlib/em_usart.o
 .debug_frame   0x000032f4       0xa4 ./emlib/em_wdog.o
 .debug_frame   0x00003398      0x130 ./Drivers/retargetio.o
 .debug_frame   0x000034c8       0x38 c:/siliconlabs/simplicitystudio/v3/developer/toolchains/gnu_arm/4.8_2013q4/bin/../lib/gcc/arm-none-eabi/4.8.3/../../../../arm-none-eabi/lib/armv7-m\libm.a(lib_a-w_pow.o)
 .debug_frame   0x00003500       0x38 c:/siliconlabs/simplicitystudio/v3/developer/toolchains/gnu_arm/4.8_2013q4/bin/../lib/gcc/arm-none-eabi/4.8.3/../../../../arm-none-eabi/lib/armv7-m\libm.a(lib_a-e_pow.o)
 .debug_frame   0x00003538       0x34 c:/siliconlabs/simplicitystudio/v3/developer/toolchains/gnu_arm/4.8_2013q4/bin/../lib/gcc/arm-none-eabi/4.8.3/../../../../arm-none-eabi/lib/armv7-m\libm.a(lib_a-e_sqrt.o)
 .debug_frame   0x0000356c       0x20 c:/siliconlabs/simplicitystudio/v3/developer/toolchains/gnu_arm/4.8_2013q4/bin/../lib/gcc/arm-none-eabi/4.8.3/../../../../arm-none-eabi/lib/armv7-m\libm.a(lib_a-s_fabs.o)
 .debug_frame   0x0000358c       0x20 c:/siliconlabs/simplicitystudio/v3/developer/toolchains/gnu_arm/4.8_2013q4/bin/../lib/gcc/arm-none-eabi/4.8.3/../../../../arm-none-eabi/lib/armv7-m\libm.a(lib_a-s_finite.o)
 .debug_frame   0x000035ac       0x28 c:/siliconlabs/simplicitystudio/v3/developer/toolchains/gnu_arm/4.8_2013q4/bin/../lib/gcc/arm-none-eabi/4.8.3/../../../../arm-none-eabi/lib/armv7-m\libm.a(lib_a-s_fpclassify.o)
 .debug_frame   0x000035d4       0x20 c:/siliconlabs/simplicitystudio/v3/developer/toolchains/gnu_arm/4.8_2013q4/bin/../lib/gcc/arm-none-eabi/4.8.3/../../../../arm-none-eabi/lib/armv7-m\libm.a(lib_a-s_matherr.o)
 .debug_frame   0x000035f4       0x20 c:/siliconlabs/simplicitystudio/v3/developer/toolchains/gnu_arm/4.8_2013q4/bin/../lib/gcc/arm-none-eabi/4.8.3/../../../../arm-none-eabi/lib/armv7-m\libm.a(lib_a-s_nan.o)
 .debug_frame   0x00003614       0x34 c:/siliconlabs/simplicitystudio/v3/developer/toolchains/gnu_arm/4.8_2013q4/bin/../lib/gcc/arm-none-eabi/4.8.3/../../../../arm-none-eabi/lib/armv7-m\libm.a(lib_a-s_rint.o)
 .debug_frame   0x00003648       0x30 c:/siliconlabs/simplicitystudio/v3/developer/toolchains/gnu_arm/4.8_2013q4/bin/../lib/gcc/arm-none-eabi/4.8.3/../../../../arm-none-eabi/lib/armv7-m\libm.a(lib_a-s_scalbn.o)
 .debug_frame   0x00003678       0x28 c:/siliconlabs/simplicitystudio/v3/developer/toolchains/gnu_arm/4.8_2013q4/bin/../lib/gcc/arm-none-eabi/4.8.3/../../../../arm-none-eabi/lib/armv7-m\libm.a(lib_a-s_copysign.o)
 .debug_frame   0x000036a0       0x20 c:/siliconlabs/simplicitystudio/v3/developer/toolchains/gnu_arm/4.8_2013q4/bin/../lib/gcc/arm-none-eabi/4.8.3/../../../../arm-none-eabi/lib/armv7-m\libc_s.a(lib_a-abs.o)
 .debug_frame   0x000036c0       0x20 c:/siliconlabs/simplicitystudio/v3/developer/toolchains/gnu_arm/4.8_2013q4/bin/../lib/gcc/arm-none-eabi/4.8.3/../../../../arm-none-eabi/lib/armv7-m\libc_s.a(lib_a-errno.o)
 .debug_frame   0x000036e0       0x28 c:/siliconlabs/simplicitystudio/v3/developer/toolchains/gnu_arm/4.8_2013q4/bin/../lib/gcc/arm-none-eabi/4.8.3/../../../../arm-none-eabi/lib/armv7-m\libc_s.a(lib_a-exit.o)
 .debug_frame   0x00003708      0x12c c:/siliconlabs/simplicitystudio/v3/developer/toolchains/gnu_arm/4.8_2013q4/bin/../lib/gcc/arm-none-eabi/4.8.3/../../../../arm-none-eabi/lib/armv7-m\libc_s.a(lib_a-findfp.o)
 .debug_frame   0x00003834       0x2c c:/siliconlabs/simplicitystudio/v3/developer/toolchains/gnu_arm/4.8_2013q4/bin/../lib/gcc/arm-none-eabi/4.8.3/../../../../arm-none-eabi/lib/armv7-m\libc_s.a(lib_a-init.o)
 .debug_frame   0x00003860       0x28 c:/siliconlabs/simplicitystudio/v3/developer/toolchains/gnu_arm/4.8_2013q4/bin/../lib/gcc/arm-none-eabi/4.8.3/../../../../arm-none-eabi/lib/armv7-m\libc_s.a(lib_a-memcpy-stub.o)
 .debug_frame   0x00003888       0x20 c:/siliconlabs/simplicitystudio/v3/developer/toolchains/gnu_arm/4.8_2013q4/bin/../lib/gcc/arm-none-eabi/4.8.3/../../../../arm-none-eabi/lib/armv7-m\libc_s.a(lib_a-memset.o)
 .debug_frame   0x000038a8       0x20 c:/siliconlabs/simplicitystudio/v3/developer/toolchains/gnu_arm/4.8_2013q4/bin/../lib/gcc/arm-none-eabi/4.8.3/../../../../arm-none-eabi/lib/armv7-m\libc_s.a(lib_a-strlen.o)